Archive member included to satisfy reference by file (symbol)

/Applications/microchip/xc32/v2.15/bin/bin/../../lib/gcc/pic32c/6.2.1/../../../../pic32c/lib/v7e-m/fpv5/hard/libpic32c.a(data_init.o)
                              build/sam_e70_xult_freertos/production/_ext/1552905064/startup_xc32.o (__pic32c_data_initialization)
/Applications/microchip/xc32/v2.15/bin/bin/../../lib/gcc/pic32c/6.2.1/v7e-m/fpv5/hard/libgcc.a(_aeabi_uldivmod.o)
                              build/sam_e70_xult_freertos/production/_ext/1839511917/tfm.o (__aeabi_uldivmod)
/Applications/microchip/xc32/v2.15/bin/bin/../../lib/gcc/pic32c/6.2.1/v7e-m/fpv5/hard/libgcc.a(_udivmoddi4.o)
                              /Applications/microchip/xc32/v2.15/bin/bin/../../lib/gcc/pic32c/6.2.1/v7e-m/fpv5/hard/libgcc.a(_aeabi_uldivmod.o) (__udivmoddi4)
/Applications/microchip/xc32/v2.15/bin/bin/../../lib/gcc/pic32c/6.2.1/v7e-m/fpv5/hard/libgcc.a(_dvmd_tls.o)
                              /Applications/microchip/xc32/v2.15/bin/bin/../../lib/gcc/pic32c/6.2.1/v7e-m/fpv5/hard/libgcc.a(_aeabi_uldivmod.o) (__aeabi_ldiv0)
/Applications/microchip/xc32/v2.15/bin/bin/../../lib/gcc/pic32c/6.2.1/../../../../pic32c/lib/v7e-m/fpv5/hard/libc.a(lib_a-atoi.o)
                              build/sam_e70_xult_freertos/production/_ext/810785262/http_net.o (atoi)
/Applications/microchip/xc32/v2.15/bin/bin/../../lib/gcc/pic32c/6.2.1/../../../../pic32c/lib/v7e-m/fpv5/hard/libc.a(lib_a-atol.o)
                              build/sam_e70_xult_freertos/production/_ext/810785262/http_net.o (atol)
/Applications/microchip/xc32/v2.15/bin/bin/../../lib/gcc/pic32c/6.2.1/../../../../pic32c/lib/v7e-m/fpv5/hard/libc.a(lib_a-calloc.o)
                              build/sam_e70_xult_freertos/production/_ext/1552905064/initialization.o (calloc)
/Applications/microchip/xc32/v2.15/bin/bin/../../lib/gcc/pic32c/6.2.1/../../../../pic32c/lib/v7e-m/fpv5/hard/libc.a(lib_a-callocr.o)
                              /Applications/microchip/xc32/v2.15/bin/bin/../../lib/gcc/pic32c/6.2.1/../../../../pic32c/lib/v7e-m/fpv5/hard/libc.a(lib_a-calloc.o) (_calloc_r)
/Applications/microchip/xc32/v2.15/bin/bin/../../lib/gcc/pic32c/6.2.1/../../../../pic32c/lib/v7e-m/fpv5/hard/libc.a(lib_a-exit.o)
                              /Applications/microchip/xc32/v2.15/bin/bin/../../lib/gcc/pic32c/6.2.1/../../../../pic32c/lib/v7e-m/fpv5/hard/crt0.o (exit)
/Applications/microchip/xc32/v2.15/bin/bin/../../lib/gcc/pic32c/6.2.1/../../../../pic32c/lib/v7e-m/fpv5/hard/libc.a(lib_a-impure.o)
                              /Applications/microchip/xc32/v2.15/bin/bin/../../lib/gcc/pic32c/6.2.1/../../../../pic32c/lib/v7e-m/fpv5/hard/libc.a(lib_a-exit.o) (_global_impure_ptr)
/Applications/microchip/xc32/v2.15/bin/bin/../../lib/gcc/pic32c/6.2.1/../../../../pic32c/lib/v7e-m/fpv5/hard/libc.a(lib_a-init.o)
                              /Applications/microchip/xc32/v2.15/bin/bin/../../lib/gcc/pic32c/6.2.1/../../../../pic32c/lib/v7e-m/fpv5/hard/crt0.o (__libc_init_array)
/Applications/microchip/xc32/v2.15/bin/bin/../../lib/gcc/pic32c/6.2.1/../../../../pic32c/lib/v7e-m/fpv5/hard/libc.a(lib_a-locale.o)
                              build/sam_e70_xult_freertos/production/_ext/810785262/helpers.o (__locale_ctype_ptr)
/Applications/microchip/xc32/v2.15/bin/bin/../../lib/gcc/pic32c/6.2.1/../../../../pic32c/lib/v7e-m/fpv5/hard/libc.a(lib_a-malloc.o)
                              build/sam_e70_xult_freertos/production/_ext/1839511917/memory.o (malloc)
/Applications/microchip/xc32/v2.15/bin/bin/../../lib/gcc/pic32c/6.2.1/../../../../pic32c/lib/v7e-m/fpv5/hard/libc.a(lib_a-mallocr.o)
                              /Applications/microchip/xc32/v2.15/bin/bin/../../lib/gcc/pic32c/6.2.1/../../../../pic32c/lib/v7e-m/fpv5/hard/libc.a(lib_a-callocr.o) (_malloc_r)
/Applications/microchip/xc32/v2.15/bin/bin/../../lib/gcc/pic32c/6.2.1/../../../../pic32c/lib/v7e-m/fpv5/hard/libc.a(lib_a-mbtowc_r.o)
                              /Applications/microchip/xc32/v2.15/bin/bin/../../lib/gcc/pic32c/6.2.1/../../../../pic32c/lib/v7e-m/fpv5/hard/libc.a(lib_a-locale.o) (__ascii_mbtowc)
/Applications/microchip/xc32/v2.15/bin/bin/../../lib/gcc/pic32c/6.2.1/../../../../pic32c/lib/v7e-m/fpv5/hard/libc.a(lib_a-memcmp.o)
                              build/sam_e70_xult_freertos/production/_ext/1839511917/wc_port.o (memcmp)
/Applications/microchip/xc32/v2.15/bin/bin/../../lib/gcc/pic32c/6.2.1/../../../../pic32c/lib/v7e-m/fpv5/hard/libc.a(lib_a-memcpy.o)
                              build/sam_e70_xult_freertos/production/_ext/1839511917/hmac.o (memcpy)
/Applications/microchip/xc32/v2.15/bin/bin/../../lib/gcc/pic32c/6.2.1/../../../../pic32c/lib/v7e-m/fpv5/hard/libc.a(lib_a-memset.o)
                              /Applications/microchip/xc32/v2.15/bin/bin/../../lib/gcc/pic32c/6.2.1/../../../../pic32c/lib/v7e-m/fpv5/hard/crt0.o (memset)
/Applications/microchip/xc32/v2.15/bin/bin/../../lib/gcc/pic32c/6.2.1/../../../../pic32c/lib/v7e-m/fpv5/hard/libc.a(lib_a-mlock.o)
[...]
Memory Configuration

Name             Origin             Length             Attributes
rom              0x0000000000400000 0x0000000000200000 xr
ram              0x0000000020400000 0x0000000000060000 xrw
itcm             0x0000000000000000 0x0000000000000000 xrw
dtcm             0x0000000020000000 0x0000000000000000 xrw
*default*        0x0000000000000000 0xffffffffffffffff
tcm              0x0000000000000000 0xffffffffffffffff

Linker script and memory map

LOAD /Applications/microchip/xc32/v2.15/bin/bin/../../lib/gcc/pic32c/6.2.1/v7e-m/fpv5/hard/crti.o
LOAD /Applications/microchip/xc32/v2.15/bin/bin/../../lib/gcc/pic32c/6.2.1/v7e-m/fpv5/hard/crtbegin.o
LOAD /Applications/microchip/xc32/v2.15/bin/bin/../../lib/gcc/pic32c/6.2.1/../../../../pic32c/lib/v7e-m/fpv5/hard/crt0.o
LOAD build/sam_e70_xult_freertos/production/_ext/683629640/bsp.o
LOAD build/sam_e70_xult_freertos/production/_ext/1839511917/crypto.o
LOAD build/sam_e70_xult_freertos/production/_ext/1839511917/aes.o
LOAD build/sam_e70_xult_freertos/production/_ext/1839511917/arc4.o
LOAD build/sam_e70_xult_freertos/production/_ext/1839511917/asm.o
LOAD build/sam_e70_xult_freertos/production/_ext/1839511917/asn.o
LOAD build/sam_e70_xult_freertos/production/_ext/1839511917/async.o
LOAD build/sam_e70_xult_freertos/production/_ext/1839511917/camellia.o
LOAD build/sam_e70_xult_freertos/production/_ext/1839511917/chacha.o
LOAD build/sam_e70_xult_freertos/production/_ext/1839511917/chacha20_poly1305.o
LOAD build/sam_e70_xult_freertos/production/_ext/1839511917/cmac.o
LOAD build/sam_e70_xult_freertos/production/_ext/1839511917/coding.o
LOAD build/sam_e70_xult_freertos/production/_ext/1839511917/compress.o
LOAD build/sam_e70_xult_freertos/production/_ext/1839511917/curve25519.o
LOAD build/sam_e70_xult_freertos/production/_ext/1839511917/dh.o
LOAD build/sam_e70_xult_freertos/production/_ext/1839511917/dsa.o
LOAD build/sam_e70_xult_freertos/production/_ext/1839511917/ed25519.o
LOAD build/sam_e70_xult_freertos/production/_ext/1839511917/error.o
LOAD build/sam_e70_xult_freertos/production/_ext/1839511917/fe_low_mem.o
LOAD build/sam_e70_xult_freertos/production/_ext/1839511917/fe_operations.o
LOAD build/sam_e70_xult_freertos/production/_ext/1839511917/ge_low_mem.o
LOAD build/sam_e70_xult_freertos/production/_ext/1839511917/ge_operations.o
LOAD build/sam_e70_xult_freertos/production/_ext/1839511917/hash.o
LOAD build/sam_e70_xult_freertos/production/_ext/1839511917/hc128.o
LOAD build/sam_e70_xult_freertos/production/_ext/1839511917/hmac.o
LOAD build/sam_e70_xult_freertos/production/_ext/1839511917/idea.o
LOAD build/sam_e70_xult_freertos/production/_ext/1839511917/integer.o
LOAD build/sam_e70_xult_freertos/production/_ext/1839511917/logging.o
LOAD build/sam_e70_xult_freertos/production/_ext/1839511917/md2.o
LOAD build/sam_e70_xult_freertos/production/_ext/1839511917/md4.o
LOAD build/sam_e70_xult_freertos/production/_ext/1839511917/memory.o
LOAD build/sam_e70_xult_freertos/production/_ext/1839511917/misc.o
LOAD build/sam_e70_xult_freertos/production/_ext/1839511917/pkcs12.o
LOAD build/sam_e70_xult_freertos/production/_ext/1839511917/pkcs7.o
LOAD build/sam_e70_xult_freertos/production/_ext/1839511917/poly1305.o
LOAD build/sam_e70_xult_freertos/production/_ext/1839511917/pwdbased.o
LOAD build/sam_e70_xult_freertos/production/_ext/1839511917/rabbit.o
LOAD build/sam_e70_xult_freertos/production/_ext/1839511917/random.o
LOAD build/sam_e70_xult_freertos/production/_ext/1839511917/ripemd.o
LOAD build/sam_e70_xult_freertos/production/_ext/1839511917/sha.o
LOAD build/sam_e70_xult_freertos/production/_ext/1839511917/sha256.o
LOAD build/sam_e70_xult_freertos/production/_ext/1839511917/sha3.o
LOAD build/sam_e70_xult_freertos/production/_ext/1839511917/signature.o
LOAD build/sam_e70_xult_freertos/production/_ext/1839511917/sha512.o
LOAD build/sam_e70_xult_freertos/production/_ext/1839511917/srp.o
LOAD build/sam_e70_xult_freertos/production/_ext/1839511917/tfm.o
LOAD build/sam_e70_xult_freertos/production/_ext/1839511917/wc_encrypt.o
LOAD build/sam_e70_xult_freertos/production/_ext/1839511917/wc_pkcs11.o
LOAD build/sam_e70_xult_freertos/production/_ext/1839511917/wc_port.o
LOAD build/sam_e70_xult_freertos/production/_ext/1839511917/wolfevent.o
LOAD build/sam_e70_xult_freertos/production/_ext/1839511917/wolfmath.o
LOAD build/sam_e70_xult_freertos/production/_ext/1839511917/des3.o
LOAD build/sam_e70_xult_freertos/production/_ext/1839511917/md5.o
LOAD build/sam_e70_xult_freertos/production/_ext/2081623138/adler32.o
LOAD build/sam_e70_xult_freertos/production/_ext/2081623138/crc32.o
LOAD build/sam_e70_xult_freertos/production/_ext/2081623138/deflate.o
LOAD build/sam_e70_xult_freertos/production/_ext/2081623138/inflate.o
LOAD build/sam_e70_xult_freertos/production/_ext/2081623138/trees.o
LOAD build/sam_e70_xult_freertos/production/_ext/2081623138/zutil.o
LOAD build/sam_e70_xult_freertos/production/_ext/2081623138/inftrees.o
LOAD build/sam_e70_xult_freertos/production/_ext/2081623138/inffast.o
LOAD build/sam_e70_xult_freertos/production/_ext/1839511917/rsa.o
LOAD build/sam_e70_xult_freertos/production/_ext/1839511917/ecc.o
LOAD build/sam_e70_xult_freertos/production/_ext/1839511917/ecc_fp.o
LOAD build/sam_e70_xult_freertos/production/_ext/1607428259/drv_ethphy.o
LOAD build/sam_e70_xult_freertos/production/_ext/1607428259/drv_extphy_smsc8740.o
LOAD build/sam_e70_xult_freertos/production/_ext/1619526243/drv_gmac.o
LOAD build/sam_e70_xult_freertos/production/_ext/1619526243/drv_gmac_lib_samE7x_V7x.o
LOAD build/sam_e70_xult_freertos/production/_ext/1215076966/drv_memory.o
LOAD build/sam_e70_xult_freertos/production/_ext/1215076966/drv_memory_file_system.o
LOAD build/sam_e70_xult_freertos/production/_ext/1215076966/drv_memory_efc.o
LOAD build/sam_e70_xult_freertos/production/_ext/511568427/drv_miim.o
LOAD build/sam_e70_xult_freertos/production/_ext/502395768/sys_fs_wrapper.o
LOAD build/sam_e70_xult_freertos/production/_ext/810785262/helpers.o
LOAD build/sam_e70_xult_freertos/production/_ext/810785262/dns.o
LOAD build/sam_e70_xult_freertos/production/_ext/810785262/icmp.o
LOAD build/sam_e70_xult_freertos/production/_ext/810785262/http_net.o
LOAD build/sam_e70_xult_freertos/production/_ext/810785262/nbns.o
LOAD build/sam_e70_xult_freertos/production/_ext/810785262/tcp.o
LOAD build/sam_e70_xult_freertos/production/_ext/810785262/dhcp.o
LOAD build/sam_e70_xult_freertos/production/_ext/810785262/arp.o
LOAD build/sam_e70_xult_freertos/production/_ext/810785262/icmpv6.o
LOAD build/sam_e70_xult_freertos/production/_ext/810785262/ndp.o
LOAD build/sam_e70_xult_freertos/production/_ext/810785262/tcpip_commands.o
LOAD build/sam_e70_xult_freertos/production/_ext/810785262/ipv6.o
LOAD build/sam_e70_xult_freertos/production/_ext/810785262/ipv4.o
LOAD build/sam_e70_xult_freertos/production/_ext/810785262/smtpc.o
LOAD build/sam_e70_xult_freertos/production/_ext/810785262/tcpip_heap_alloc.o
LOAD build/sam_e70_xult_freertos/production/_ext/810785262/tcpip_heap_internal.o
LOAD build/sam_e70_xult_freertos/production/_ext/810785262/hash_fnv.o
LOAD build/sam_e70_xult_freertos/production/_ext/810785262/oahash.o
LOAD build/sam_e70_xult_freertos/production/_ext/810785262/tcpip_helpers.o
LOAD build/sam_e70_xult_freertos/production/_ext/810785262/tcpip_manager.o
LOAD build/sam_e70_xult_freertos/production/_ext/810785262/tcpip_notify.o
LOAD build/sam_e70_xult_freertos/production/_ext/810785262/tcpip_packet.o
LOAD build/sam_e70_xult_freertos/production/_ext/810785262/sntp.o
LOAD build/sam_e70_xult_freertos/production/_ext/810785262/tcpip_announce.o
LOAD build/sam_e70_xult_freertos/production/_ext/810785262/udp.o
LOAD build/sam_e70_xult_freertos/production/_ext/1730304427/net_pres.o
LOAD build/sam_e70_xult_freertos/production/_ext/434362710/net_pres_enc_glue.o
LOAD build/sam_e70_xult_freertos/production/_ext/45647770/plib_clk.o
LOAD build/sam_e70_xult_freertos/production/_ext/45646042/plib_efc.o
LOAD build/sam_e70_xult_freertos/production/_ext/45638026/plib_mpu.o
LOAD build/sam_e70_xult_freertos/production/_ext/1414743522/plib_nvic.o
LOAD build/sam_e70_xult_freertos/production/_ext/45635366/plib_pio.o
LOAD build/sam_e70_xult_freertos/production/_ext/1245453995/plib_tc0.o
LOAD build/sam_e70_xult_freertos/production/_ext/901805035/plib_twihs0.o
LOAD build/sam_e70_xult_freertos/production/_ext/901008055/plib_usart1.o
LOAD build/sam_e70_xult_freertos/production/_ext/146190766/xc32_monitor.o
LOAD build/sam_e70_xult_freertos/production/_ext/992551865/sys_cache.o
LOAD build/sam_e70_xult_freertos/production/_ext/762686499/sys_console.o
LOAD build/sam_e70_xult_freertos/production/_ext/762686499/sys_console_uart.o
LOAD build/sam_e70_xult_freertos/production/_ext/762686499/sys_command.o
LOAD build/sam_e70_xult_freertos/production/_ext/928355007/ff.o
LOAD build/sam_e70_xult_freertos/production/_ext/928355007/diskio.o
LOAD build/sam_e70_xult_freertos/production/_ext/57042178/mpfs.o
LOAD build/sam_e70_xult_freertos/production/_ext/805309515/sys_fs.o
LOAD build/sam_e70_xult_freertos/production/_ext/805309515/sys_fs_media_manager.o
LOAD build/sam_e70_xult_freertos/production/_ext/1775855163/sys_int.o
LOAD build/sam_e70_xult_freertos/production/_ext/912870411/sys_time.o
LOAD build/sam_e70_xult_freertos/production/_ext/231871610/sys_time_h2_adapter.o
LOAD build/sam_e70_xult_freertos/production/_ext/1552905064/tasks.o
LOAD build/sam_e70_xult_freertos/production/_ext/1552905064/initialization.o
LOAD build/sam_e70_xult_freertos/production/_ext/1552905064/interrupts.o
LOAD build/sam_e70_xult_freertos/production/_ext/1552905064/exceptions.o
LOAD build/sam_e70_xult_freertos/production/_ext/1552905064/startup_xc32.o
LOAD build/sam_e70_xult_freertos/production/_ext/1552905064/libc_syscalls.o
LOAD build/sam_e70_xult_freertos/production/_ext/1552905064/freertos_hooks.o
LOAD build/sam_e70_xult_freertos/production/_ext/977623654/port.o
LOAD build/sam_e70_xult_freertos/production/_ext/1665200909/heap_3.o
LOAD build/sam_e70_xult_freertos/production/_ext/404212886/croutine.o
LOAD build/sam_e70_xult_freertos/production/_ext/404212886/list.o
LOAD build/sam_e70_xult_freertos/production/_ext/404212886/queue.o
LOAD build/sam_e70_xult_freertos/production/_ext/404212886/FreeRTOS_tasks.o
LOAD build/sam_e70_xult_freertos/production/_ext/404212886/timers.o
LOAD build/sam_e70_xult_freertos/production/_ext/404212886/event_groups.o
LOAD build/sam_e70_xult_freertos/production/_ext/404212886/stream_buffer.o
LOAD build/sam_e70_xult_freertos/production/_ext/281930714/osal_freertos.o
LOAD build/sam_e70_xult_freertos/production/_ext/1360937237/http_net_print.o
LOAD build/sam_e70_xult_freertos/production/_ext/1360937237/custom_http_net_app.o
LOAD build/sam_e70_xult_freertos/production/_ext/1360937237/mpfs_net_img.o
LOAD build/sam_e70_xult_freertos/production/_ext/1360937237/app.o
LOAD build/sam_e70_xult_freertos/production/_ext/1360937237/main.o
                0x0000000000000001                __MPLAB_BUILD = 0x1
                0x0000000000019a00                _min_heap_size = 0x19a00
START GROUP
LOAD /Applications/microchip/xc32/v2.15/bin/bin/../../lib/gcc/pic32c/6.2.1/../../../../pic32c/lib/v7e-m/fpv5/hard/libpic32c.a
LOAD /Applications/microchip/xc32/v2.15/bin/bin/../../lib/gcc/pic32c/6.2.1/v7e-m/fpv5/hard/libgcc.a
LOAD /Applications/microchip/xc32/v2.15/bin/bin/../../lib/gcc/pic32c/6.2.1/../../../../pic32c/lib/v7e-m/fpv5/hard/libc.a
LOAD /Applications/microchip/xc32/v2.15/bin/bin/../../lib/gcc/pic32c/6.2.1/../../../../pic32c/lib/v7e-m/fpv5/hard/libm.a
END GROUP
LOAD /Applications/microchip/xc32/v2.15/bin/bin/../../lib/gcc/pic32c/6.2.1/v7e-m/fpv5/hard/crtend.o
LOAD /Applications/microchip/xc32/v2.15/bin/bin/../../lib/gcc/pic32c/6.2.1/v7e-m/fpv5/hard/crtn.o
                0x0000000000600000                __rom_end = (ORIGIN (rom) + LENGTH (rom))
                0x0000000020460000                __ram_end = (ORIGIN (ram) + LENGTH (ram))

.vectors        0x0000000000400000      0x168
                0x0000000000400000                . = ALIGN (0x4)
                0x0000000000400000                _sfixed = .
 *(.vectors .vectors.* .vectors_default .vectors_default.*)
 .vectors       0x0000000000400000      0x168 build/sam_e70_xult_freertos/production/_ext/1552905064/interrupts.o
                0x0000000000400000                exception_table
 *(.isr_vector)
 *(.reset*)
 *(.after_vectors)

.text           0x0000000000400168       0x24
                0x0000000000400168                . = ALIGN (0x4)
 *(.glue_7t)
 .glue_7t       0x0000000000400168        0x0 linker stubs
 *(.glue_7)
 .glue_7        0x0000000000400168        0x0 linker stubs
 *(.gnu.linkonce.r.*)
 *(.ARM.extab* .gnu.linkonce.armextab.*)
                0x0000000000400168                . = ALIGN (0x4)
 *(.init)
 .init          0x0000000000400168        0x4 /Applications/microchip/xc32/v2.15/bin/bin/../../lib/gcc/pic32c/6.2.1/v7e-m/fpv5/hard/crti.o
                0x0000000000400168                _init
 .init          0x000000000040016c        0x8 /Applications/microchip/xc32/v2.15/bin/bin/../../lib/gcc/pic32c/6.2.1/v7e-m/fpv5/hard/crtn.o
                0x0000000000400174                . = ALIGN (0x4)
                0x0000000000400174                __preinit_array_start = .
 *(.preinit_array)
                0x0000000000400174                __preinit_array_end = .
                0x0000000000400174                . = ALIGN (0x4)
                0x0000000000400174                __init_array_start = .
 *(SORT(.init_array.*))
 .init_array.00000
                0x0000000000400174        0x4 /Applications/microchip/xc32/v2.15/bin/bin/../../lib/gcc/pic32c/6.2.1/../../../../pic32c/lib/v7e-m/fpv5/hard/libc.a(lib_a-__call_atexit.o)
 *(.init_array)
 .init_array    0x0000000000400178        0x4 /Applications/microchip/xc32/v2.15/bin/bin/../../lib/gcc/pic32c/6.2.1/v7e-m/fpv5/hard/crtbegin.o
                0x000000000040017c                __init_array_end = .
                0x000000000040017c                . = ALIGN (0x4)
 *crtbegin.o(.ctors)
 *(EXCLUDE_FILE(*crtend.o) .ctors)
 *(SORT(.ctors.*))
 *crtend.o(.ctors)
                0x000000000040017c                . = ALIGN (0x4)
 *(.fini)
 .fini          0x000000000040017c        0x4 /Applications/microchip/xc32/v2.15/bin/bin/../../lib/gcc/pic32c/6.2.1/v7e-m/fpv5/hard/crti.o
                0x000000000040017c                _fini
 .fini          0x0000000000400180        0x8 /Applications/microchip/xc32/v2.15/bin/bin/../../lib/gcc/pic32c/6.2.1/v7e-m/fpv5/hard/crtn.o
                0x0000000000400188                . = ALIGN (0x4)
                0x0000000000400188                __fini_array_start = .
 *(.fini_array)
 .fini_array    0x0000000000400188        0x4 /Applications/microchip/xc32/v2.15/bin/bin/../../lib/gcc/pic32c/6.2.1/v7e-m/fpv5/hard/crtbegin.o
 *(SORT(.fini_array.*))
                0x000000000040018c                __fini_array_end = .
 *crtbegin.o(.dtors)
 *(EXCLUDE_FILE(*crtend.o) .dtors)
 *(SORT(.dtors.*))
 *crtend.o(.dtors)
                0x000000000040018c                . = ALIGN (0x4)
                0x000000000040018c                _efixed = .
                [!provide]                        PROVIDE (__exidx_start, .)

.ARM.exidx      0x000000000040018c        0x8
 *(.ARM.exidx* .gnu.linkonce.armexidx.*)
 .ARM.exidx     0x000000000040018c        0x8 /Applications/microchip/xc32/v2.15/bin/bin/../../lib/gcc/pic32c/6.2.1/v7e-m/fpv5/hard/libgcc.a(_udivmoddi4.o)
                [!provide]                        PROVIDE (__exidx_end, .)
                0x0000000000400194                . = ALIGN (0x4)
                0x0000000000400194                _etext = .

.bss            0x0000000020400000     0x2400
                0x0000000020400000                . = ALIGN (0x4)
                0x0000000020400000                __bss_start__ = .
                0x0000000020400000                _sbss = .
                0x0000000020400000                _szero = .
 *(COMMON)
 COMMON         0x0000000020400000        0x4 build/sam_e70_xult_freertos/production/_ext/1215076966/drv_memory_efc.o
                0x0000000020400000                efcEventHandler
 COMMON         0x0000000020400004      0x31c build/sam_e70_xult_freertos/production/_ext/1730304427/net_pres.o
                0x0000000020400004                sNetPresData
                0x0000000020400230                sNetPresSockets
 COMMON         0x0000000020400320        0x8 build/sam_e70_xult_freertos/production/_ext/45646042/plib_efc.o
                0x0000000020400320                efc
 COMMON         0x0000000020400328        0x8 build/sam_e70_xult_freertos/production/_ext/1245453995/plib_tc0.o
                0x0000000020400328                TC0_CH0_CallbackObj
 COMMON         0x0000000020400330       0x30 build/sam_e70_xult_freertos/production/_ext/901008055/plib_usart1.o
                0x0000000020400330                usart1Obj
 COMMON         0x0000000020400360     0x1df8 build/sam_e70_xult_freertos/production/_ext/805309515/sys_fs.o
                0x0000000020400360                gSysFsMutex
                0x0000000020400380                gSYSFSFileObj
                0x0000000020401fa0                gSYSFSDirObj
                0x0000000020402130                gSYSFSCurrentMountPoint
                0x0000000020402138                gSYSFSObj
                0x0000000020402140                errorValue
                0x0000000020402144                gSYSFSMountPoint
 *fill*         0x0000000020402158        0x8 
 COMMON         0x0000000020402160      0x25c build/sam_e70_xult_freertos/production/_ext/805309515/sys_fs_media_manager.o
                0x0000000020402160                gSYSFSMediaObject
                0x0000000020402188                VolToPart
                0x00000000204021a0                gSYSFSMediaBuffer
                0x00000000204023a0                gSYSFSVolumeObject
 COMMON         0x00000000204023bc        0x4 build/sam_e70_xult_freertos/production/_ext/1552905064/tasks.o
                0x00000000204023bc                xAPP_Tasks
 COMMON         0x00000000204023c0       0x18 build/sam_e70_xult_freertos/production/_ext/1552905064/initialization.o
                0x00000000204023c0                sysObj
 COMMON         0x00000000204023d8       0x22 build/sam_e70_xult_freertos/production/_ext/1360937237/app.o
                0x00000000204023d8                macAddr
                0x00000000204023e0                appData
                0x00000000204023e8                macAddrString
 *fill*         0x00000000204023fa        0x2 
 COMMON         0x00000000204023fc        0x4 /Applications/microchip/xc32/v2.15/bin/bin/../../lib/gcc/pic32c/6.2.1/../../../../pic32c/lib/v7e-m/fpv5/hard/libc.a(lib_a-reent.o)
                0x00000000204023fc                errno
                0x0000000020402400                . = ALIGN (0x4)
                0x0000000020402400                __bss_end__ = .
                0x0000000020402400                _ebss = .
                0x0000000020402400                _ezero = .
                0x0000000020402400                . = ALIGN (0x4)
                0x0000000020402400                _end = .
                0x000000002045ffff                _ram_end_ = ((ORIGIN (ram) + LENGTH (ram)) - 0x1)
OUTPUT(dist/sam_e70_xult_freertos/production/sam_e70_xult_freertos.X.production.elf elf32-littlearm)
LOAD stack
LOAD data_init

.ARM.attributes
                0x0000000000000000       0x2e
 .ARM.attributes
                0x0000000000000000       0x20 /Applications/microchip/xc32/v2.15/bin/bin/../../lib/gcc/pic32c/6.2.1/v7e-m/fpv5/hard/crti.o
 .ARM.attributes
                0x0000000000000020       0x32 /Applications/microchip/xc32/v2.15/bin/bin/../../lib/gcc/pic32c/6.2.1/v7e-m/fpv5/hard/crtbegin.o
 .ARM.attributes
                0x0000000000000052       0x37 build/sam_e70_xult_freertos/production/_ext/683629640/bsp.o
 .ARM.attributes
                0x0000000000000089       0x37 build/sam_e70_xult_freertos/production/_ext/1839511917/crypto.o
 .ARM.attributes
                0x00000000000000c0       0x37 build/sam_e70_xult_freertos/production/_ext/1839511917/sha.o
 .ARM.attributes
                0x00000000000000f7       0x37 build/sam_e70_xult_freertos/production/_ext/1607428259/drv_ethphy.o
 .ARM.attributes
                0x000000000000012e       0x37 build/sam_e70_xult_freertos/production/_ext/1607428259/drv_extphy_smsc8740.o
 .ARM.attributes
                0x0000000000000165       0x37 build/sam_e70_xult_freertos/production/_ext/1619526243/drv_gmac.o
 .ARM.attributes
                0x000000000000019c       0x37 build/sam_e70_xult_freertos/production/_ext/1619526243/drv_gmac_lib_samE7x_V7x.o
 .ARM.attributes
                0x00000000000001d3       0x37 build/sam_e70_xult_freertos/production/_ext/1215076966/drv_memory.o
 .ARM.attributes
                0x000000000000020a       0x37 build/sam_e70_xult_freertos/production/_ext/1215076966/drv_memory_file_system.o
 .ARM.attributes
                0x0000000000000241       0x37 build/sam_e70_xult_freertos/production/_ext/1215076966/drv_memory_efc.o
 .ARM.attributes
                0x0000000000000278       0x37 build/sam_e70_xult_freertos/production/_ext/511568427/drv_miim.o
 .ARM.attributes
                0x00000000000002af       0x37 build/sam_e70_xult_freertos/production/_ext/502395768/sys_fs_wrapper.o
 .ARM.attributes
                0x00000000000002e6       0x37 build/sam_e70_xult_freertos/production/_ext/810785262/helpers.o
 .ARM.attributes
                0x000000000000031d       0x37 build/sam_e70_xult_freertos/production/_ext/810785262/dns.o
 .ARM.attributes
                0x0000000000000354       0x37 build/sam_e70_xult_freertos/production/_ext/810785262/icmp.o
 .ARM.attributes
                0x000000000000038b       0x37 build/sam_e70_xult_freertos/production/_ext/810785262/http_net.o
 .ARM.attributes
                0x00000000000003c2       0x37 build/sam_e70_xult_freertos/production/_ext/810785262/nbns.o
 .ARM.attributes
                0x00000000000003f9       0x37 build/sam_e70_xult_freertos/production/_ext/810785262/tcp.o
 .ARM.attributes
                0x0000000000000430       0x37 build/sam_e70_xult_freertos/production/_ext/810785262/dhcp.o
 .ARM.attributes
                0x0000000000000467       0x37 build/sam_e70_xult_freertos/production/_ext/810785262/arp.o
 .ARM.attributes
                0x000000000000049e       0x37 build/sam_e70_xult_freertos/production/_ext/810785262/icmpv6.o
 .ARM.attributes
                0x00000000000004d5       0x37 build/sam_e70_xult_freertos/production/_ext/810785262/ndp.o
 .ARM.attributes
                0x000000000000050c       0x37 build/sam_e70_xult_freertos/production/_ext/810785262/tcpip_commands.o
 .ARM.attributes
                0x0000000000000543       0x37 build/sam_e70_xult_freertos/production/_ext/810785262/ipv6.o
 .ARM.attributes
                0x000000000000057a       0x37 build/sam_e70_xult_freertos/production/_ext/810785262/ipv4.o
 .ARM.attributes
                0x00000000000005b1       0x37 build/sam_e70_xult_freertos/production/_ext/810785262/smtpc.o
 .ARM.attributes
                0x00000000000005e8       0x37 build/sam_e70_xult_freertos/production/_ext/810785262/tcpip_heap_alloc.o
 .ARM.attributes
                0x000000000000061f       0x37 build/sam_e70_xult_freertos/production/_ext/810785262/tcpip_heap_internal.o
 .ARM.attributes
                0x0000000000000656       0x37 build/sam_e70_xult_freertos/production/_ext/810785262/hash_fnv.o
 .ARM.attributes
                0x000000000000068d       0x37 build/sam_e70_xult_freertos/production/_ext/810785262/oahash.o
 .ARM.attributes
                0x00000000000006c4       0x37 build/sam_e70_xult_freertos/production/_ext/810785262/tcpip_helpers.o
 .ARM.attributes
                0x00000000000006fb       0x37 build/sam_e70_xult_freertos/production/_ext/810785262/tcpip_manager.o
 .ARM.attributes
                0x0000000000000732       0x37 build/sam_e70_xult_freertos/production/_ext/810785262/tcpip_notify.o
 .ARM.attributes
                0x0000000000000769       0x37 build/sam_e70_xult_freertos/production/_ext/810785262/tcpip_packet.o
 .ARM.attributes
                0x00000000000007a0       0x37 build/sam_e70_xult_freertos/production/_ext/810785262/sntp.o
 .ARM.attributes
                0x00000000000007d7       0x37 build/sam_e70_xult_freertos/production/_ext/810785262/tcpip_announce.o
 .ARM.attributes
                0x000000000000080e       0x37 build/sam_e70_xult_freertos/production/_ext/810785262/udp.o
 .ARM.attributes
                0x0000000000000845       0x37 build/sam_e70_xult_freertos/production/_ext/1730304427/net_pres.o
 .ARM.attributes
                0x000000000000087c       0x37 build/sam_e70_xult_freertos/production/_ext/45647770/plib_clk.o
 .ARM.attributes
                0x00000000000008b3       0x37 build/sam_e70_xult_freertos/production/_ext/45646042/plib_efc.o
 .ARM.attributes
                0x00000000000008ea       0x37 build/sam_e70_xult_freertos/production/_ext/45638026/plib_mpu.o
 .ARM.attributes
                0x0000000000000921       0x37 build/sam_e70_xult_freertos/production/_ext/1414743522/plib_nvic.o
 .ARM.attributes
                0x0000000000000958       0x37 build/sam_e70_xult_freertos/production/_ext/45635366/plib_pio.o
 .ARM.attributes
                0x000000000000098f       0x37 build/sam_e70_xult_freertos/production/_ext/1245453995/plib_tc0.o
 .ARM.attributes
                0x00000000000009c6       0x37 build/sam_e70_xult_freertos/production/_ext/901805035/plib_twihs0.o
 .ARM.attributes
                0x00000000000009fd       0x37 build/sam_e70_xult_freertos/production/_ext/901008055/plib_usart1.o
 .ARM.attributes
                0x0000000000000a34       0x37 build/sam_e70_xult_freertos/production/_ext/762686499/sys_console.o
 .ARM.attributes
                0x0000000000000a6b       0x37 build/sam_e70_xult_freertos/production/_ext/762686499/sys_console_uart.o
 .ARM.attributes
                0x0000000000000aa2       0x37 build/sam_e70_xult_freertos/production/_ext/762686499/sys_command.o
 .ARM.attributes
                0x0000000000000ad9       0x37 build/sam_e70_xult_freertos/production/_ext/57042178/mpfs.o
 .ARM.attributes
                0x0000000000000b10       0x37 build/sam_e70_xult_freertos/production/_ext/805309515/sys_fs.o
 .ARM.attributes
                0x0000000000000b47       0x37 build/sam_e70_xult_freertos/production/_ext/805309515/sys_fs_media_manager.o
 .ARM.attributes
                0x0000000000000b7e       0x37 build/sam_e70_xult_freertos/production/_ext/1775855163/sys_int.o
 .ARM.attributes
                0x0000000000000bb5       0x37 build/sam_e70_xult_freertos/production/_ext/912870411/sys_time.o
 .ARM.attributes
                0x0000000000000bec       0x37 build/sam_e70_xult_freertos/production/_ext/231871610/sys_time_h2_adapter.o
 .ARM.attributes
                0x0000000000000c23       0x37 build/sam_e70_xult_freertos/production/_ext/1552905064/tasks.o
 .ARM.attributes
                0x0000000000000c5a       0x37 build/sam_e70_xult_freertos/production/_ext/1552905064/initialization.o
 .ARM.attributes
                0x0000000000000c91       0x37 build/sam_e70_xult_freertos/production/_ext/1552905064/interrupts.o
 .ARM.attributes
                0x0000000000000cc8       0x37 build/sam_e70_xult_freertos/production/_ext/1552905064/exceptions.o
 .ARM.attributes
                0x0000000000000cff       0x37 build/sam_e70_xult_freertos/production/_ext/1552905064/startup_xc32.o
 .ARM.attributes
                0x0000000000000d36       0x37 build/sam_e70_xult_freertos/production/_ext/1552905064/freertos_hooks.o
 .ARM.attributes
                0x0000000000000d6d       0x37 build/sam_e70_xult_freertos/production/_ext/977623654/port.o
 .ARM.attributes
                0x0000000000000da4       0x37 build/sam_e70_xult_freertos/production/_ext/1665200909/heap_3.o
 .ARM.attributes
                0x0000000000000ddb       0x37 build/sam_e70_xult_freertos/production/_ext/404212886/list.o
 .ARM.attributes
                0x0000000000000e12       0x37 build/sam_e70_xult_freertos/production/_ext/404212886/queue.o
 .ARM.attributes
                0x0000000000000e49       0x37 build/sam_e70_xult_freertos/production/_ext/404212886/FreeRTOS_tasks.o
 .ARM.attributes
                0x0000000000000e80       0x37 build/sam_e70_xult_freertos/production/_ext/281930714/osal_freertos.o
 .ARM.attributes
                0x0000000000000eb7       0x37 build/sam_e70_xult_freertos/production/_ext/1360937237/http_net_print.o
 .ARM.attributes
                0x0000000000000eee       0x37 build/sam_e70_xult_freertos/production/_ext/1360937237/custom_http_net_app.o
 .ARM.attributes
                0x0000000000000f25       0x37 build/sam_e70_xult_freertos/production/_ext/1360937237/mpfs_net_img.o
 .ARM.attributes
                0x0000000000000f5c       0x37 build/sam_e70_xult_freertos/production/_ext/1360937237/app.o
 .ARM.attributes
                0x0000000000000f93       0x37 build/sam_e70_xult_freertos/production/_ext/1360937237/main.o
 .ARM.attributes
                0x0000000000000fca       0x32 /Applications/microchip/xc32/v2.15/bin/bin/../../lib/gcc/pic32c/6.2.1/../../../../pic32c/lib/v7e-m/fpv5/hard/libpic32c.a(data_init.o)
 .ARM.attributes
                0x0000000000000ffc       0x20 /Applications/microchip/xc32/v2.15/bin/bin/../../lib/gcc/pic32c/6.2.1/v7e-m/fpv5/hard/libgcc.a(_aeabi_uldivmod.o)
 .ARM.attributes
                0x000000000000101c       0x32 /Applications/microchip/xc32/v2.15/bin/bin/../../lib/gcc/pic32c/6.2.1/v7e-m/fpv5/hard/libgcc.a(_udivmoddi4.o)
 .ARM.attributes
                0x000000000000104e       0x20 /Applications/microchip/xc32/v2.15/bin/bin/../../lib/gcc/pic32c/6.2.1/v7e-m/fpv5/hard/libgcc.a(_dvmd_tls.o)
 .ARM.attributes
                0x000000000000106e       0x32 /Applications/microchip/xc32/v2.15/bin/bin/../../lib/gcc/pic32c/6.2.1/../../../../pic32c/lib/v7e-m/fpv5/hard/libc.a(lib_a-atoi.o)
 .ARM.attributes
                0x00000000000010a0       0x32 /Applications/microchip/xc32/v2.15/bin/bin/../../lib/gcc/pic32c/6.2.1/../../../../pic32c/lib/v7e-m/fpv5/hard/libc.a(lib_a-atol.o)
 .ARM.attributes
                0x00000000000010d2       0x32 /Applications/microchip/xc32/v2.15/bin/bin/../../lib/gcc/pic32c/6.2.1/../../../../pic32c/lib/v7e-m/fpv5/hard/libc.a(lib_a-calloc.o)
 .ARM.attributes
                0x0000000000001104       0x32 /Applications/microchip/xc32/v2.15/bin/bin/../../lib/gcc/pic32c/6.2.1/../../../../pic32c/lib/v7e-m/fpv5/hard/libc.a(lib_a-callocr.o)
 .ARM.attributes
                0x0000000000001136       0x32 /Applications/microchip/xc32/v2.15/bin/bin/../../lib/gcc/pic32c/6.2.1/../../../../pic32c/lib/v7e-m/fpv5/hard/libc.a(lib_a-impure.o)
 .ARM.attributes
                0x0000000000001168       0x32 /Applications/microchip/xc32/v2.15/bin/bin/../../lib/gcc/pic32c/6.2.1/../../../../pic32c/lib/v7e-m/fpv5/hard/libc.a(lib_a-init.o)
 .ARM.attributes
                0x000000000000119a       0x32 /Applications/microchip/xc32/v2.15/bin/bin/../../lib/gcc/pic32c/6.2.1/../../../../pic32c/lib/v7e-m/fpv5/hard/libc.a(lib_a-locale.o)
 .ARM.attributes
                0x00000000000011cc       0x32 /Applications/microchip/xc32/v2.15/bin/bin/../../lib/gcc/pic32c/6.2.1/../../../../pic32c/lib/v7e-m/fpv5/hard/libc.a(lib_a-malloc.o)
 .ARM.attributes
                0x00000000000011fe       0x32 /Applications/microchip/xc32/v2.15/bin/bin/../../lib/gcc/pic32c/6.2.1/../../../../pic32c/lib/v7e-m/fpv5/hard/libc.a(lib_a-mallocr.o)
 .ARM.attributes
                0x0000000000001230       0x32 /Applications/microchip/xc32/v2.15/bin/bin/../../lib/gcc/pic32c/6.2.1/../../../../pic32c/lib/v7e-m/fpv5/hard/libc.a(lib_a-mbtowc_r.o)
 .ARM.attributes
                0x0000000000001262       0x32 /Applications/microchip/xc32/v2.15/bin/bin/../../lib/gcc/pic32c/6.2.1/../../../../pic32c/lib/v7e-m/fpv5/hard/libc.a(lib_a-memcmp.o)
 .ARM.attributes
                0x0000000000001294       0x1e /Applications/microchip/xc32/v2.15/bin/bin/../../lib/gcc/pic32c/6.2.1/../../../../pic32c/lib/v7e-m/fpv5/hard/libc.a(lib_a-memcpy.o)
 .ARM.attributes
                0x00000000000012b2       0x32 /Applications/microchip/xc32/v2.15/bin/bin/../../lib/gcc/pic32c/6.2.1/../../../../pic32c/lib/v7e-m/fpv5/hard/libc.a(lib_a-memset.o)
 .ARM.attributes
                0x00000000000012e4       0x32 /Applications/microchip/xc32/v2.15/bin/bin/../../lib/gcc/pic32c/6.2.1/../../../../pic32c/lib/v7e-m/fpv5/hard/libc.a(lib_a-mlock.o)
 .ARM.attributes
                0x0000000000001316       0x32 /Applications/microchip/xc32/v2.15/bin/bin/../../lib/gcc/pic32c/6.2.1/../../../../pic32c/lib/v7e-m/fpv5/hard/libc.a(lib_a-rand.o)
 .ARM.attributes
                0x0000000000001348       0x32 /Applications/microchip/xc32/v2.15/bin/bin/../../lib/gcc/pic32c/6.2.1/../../../../pic32c/lib/v7e-m/fpv5/hard/libc.a(lib_a-reallocr.o)
 .ARM.attributes
                0x000000000000137a       0x32 /Applications/microchip/xc32/v2.15/bin/bin/../../lib/gcc/pic32c/6.2.1/../../../../pic32c/lib/v7e-m/fpv5/hard/libc.a(lib_a-sbrkr.o)
 .ARM.attributes
                0x00000000000013ac       0x32 /Applications/microchip/xc32/v2.15/bin/bin/../../lib/gcc/pic32c/6.2.1/../../../../pic32c/lib/v7e-m/fpv5/hard/libc.a(lib_a-snprintf.o)
 .ARM.attributes
                0x00000000000013de       0x32 /Applications/microchip/xc32/v2.15/bin/bin/../../lib/gcc/pic32c/6.2.1/../../../../pic32c/lib/v7e-m/fpv5/hard/libc.a(lib_a-sprintf.o)
 .ARM.attributes
                0x0000000000001410       0x32 /Applications/microchip/xc32/v2.15/bin/bin/../../lib/gcc/pic32c/6.2.1/../../../../pic32c/lib/v7e-m/fpv5/hard/libc.a(lib_a-strchr.o)
 .ARM.attributes
                0x0000000000001442       0x1e /Applications/microchip/xc32/v2.15/bin/bin/../../lib/gcc/pic32c/6.2.1/../../../../pic32c/lib/v7e-m/fpv5/hard/libc.a(lib_a-strcmp.o)
 .ARM.attributes
                0x0000000000001460       0x32 /Applications/microchip/xc32/v2.15/bin/bin/../../lib/gcc/pic32c/6.2.1/../../../../pic32c/lib/v7e-m/fpv5/hard/libc.a(lib_a-strcpy.o)
 .ARM.attributes
                0x0000000000001492       0x32 /Applications/microchip/xc32/v2.15/bin/bin/../../lib/gcc/pic32c/6.2.1/../../../../pic32c/lib/v7e-m/fpv5/hard/libc.a(lib_a-strcspn.o)
 .ARM.attributes
                0x00000000000014c4       0x1e /Applications/microchip/xc32/v2.15/bin/bin/../../lib/gcc/pic32c/6.2.1/../../../../pic32c/lib/v7e-m/fpv5/hard/libc.a(lib_a-strlen.o)
 .ARM.attributes
                0x00000000000014e2       0x32 /Applications/microchip/xc32/v2.15/bin/bin/../../lib/gcc/pic32c/6.2.1/../../../../pic32c/lib/v7e-m/fpv5/hard/libc.a(lib_a-strncat.o)
 .ARM.attributes
                0x0000000000001514       0x32 /Applications/microchip/xc32/v2.15/bin/bin/../../lib/gcc/pic32c/6.2.1/../../../../pic32c/lib/v7e-m/fpv5/hard/libc.a(lib_a-strncmp.o)
 .ARM.attributes
                0x0000000000001546       0x32 /Applications/microchip/xc32/v2.15/bin/bin/../../lib/gcc/pic32c/6.2.1/../../../../pic32c/lib/v7e-m/fpv5/hard/libc.a(lib_a-strncpy.o)
 .ARM.attributes
                0x0000000000001578       0x32 /Applications/microchip/xc32/v2.15/bin/bin/../../lib/gcc/pic32c/6.2.1/../../../../pic32c/lib/v7e-m/fpv5/hard/libc.a(lib_a-strrchr.o)
 .ARM.attributes
                0x00000000000015aa       0x32 /Applications/microchip/xc32/v2.15/bin/bin/../../lib/gcc/pic32c/6.2.1/../../../../pic32c/lib/v7e-m/fpv5/hard/libc.a(lib_a-strstr.o)
 .ARM.attributes
                0x00000000000015dc       0x32 /Applications/microchip/xc32/v2.15/bin/bin/../../lib/gcc/pic32c/6.2.1/../../../../pic32c/lib/v7e-m/fpv5/hard/libc.a(lib_a-strtok.o)
 .ARM.attributes
                0x000000000000160e       0x32 /Applications/microchip/xc32/v2.15/bin/bin/../../lib/gcc/pic32c/6.2.1/../../../../pic32c/lib/v7e-m/fpv5/hard/libc.a(lib_a-strtok_r.o)
 .ARM.attributes
                0x0000000000001640       0x32 /Applications/microchip/xc32/v2.15/bin/bin/../../lib/gcc/pic32c/6.2.1/../../../../pic32c/lib/v7e-m/fpv5/hard/libc.a(lib_a-strtol.o)
 .ARM.attributes
                0x0000000000001672       0x32 /Applications/microchip/xc32/v2.15/bin/bin/../../lib/gcc/pic32c/6.2.1/../../../../pic32c/lib/v7e-m/fpv5/hard/libc.a(lib_a-svfprintf.o)
 .ARM.attributes
                0x00000000000016a4       0x32 /Applications/microchip/xc32/v2.15/bin/bin/../../lib/gcc/pic32c/6.2.1/../../../../pic32c/lib/v7e-m/fpv5/hard/libc.a(lib_a-vsnprintf.o)
 .ARM.attributes
                0x00000000000016d6       0x32 /Applications/microchip/xc32/v2.15/bin/bin/../../lib/gcc/pic32c/6.2.1/../../../../pic32c/lib/v7e-m/fpv5/hard/libc.a(lib_a-wctomb_r.o)
 .ARM.attributes
                0x0000000000001708       0x32 /Applications/microchip/xc32/v2.15/bin/bin/../../lib/gcc/pic32c/6.2.1/../../../../pic32c/lib/v7e-m/fpv5/hard/libc.a(lib_a-__call_atexit.o)
 .ARM.attributes
                0x000000000000173a       0x32 /Applications/microchip/xc32/v2.15/bin/bin/../../lib/gcc/pic32c/6.2.1/../../../../pic32c/lib/v7e-m/fpv5/hard/libc.a(lib_a-atexit.o)
 .ARM.attributes
                0x000000000000176c       0x32 /Applications/microchip/xc32/v2.15/bin/bin/../../lib/gcc/pic32c/6.2.1/../../../../pic32c/lib/v7e-m/fpv5/hard/libc.a(lib_a-ctype_.o)
 .ARM.attributes
                0x000000000000179e       0x32 /Applications/microchip/xc32/v2.15/bin/bin/../../lib/gcc/pic32c/6.2.1/../../../../pic32c/lib/v7e-m/fpv5/hard/libc.a(lib_a-dtoa.o)
 .ARM.attributes
                0x00000000000017d0       0x32 /Applications/microchip/xc32/v2.15/bin/bin/../../lib/gcc/pic32c/6.2.1/../../../../pic32c/lib/v7e-m/fpv5/hard/libc.a(lib_a-fini.o)
 .ARM.attributes
                0x0000000000001802       0x32 /Applications/microchip/xc32/v2.15/bin/bin/../../lib/gcc/pic32c/6.2.1/../../../../pic32c/lib/v7e-m/fpv5/hard/libc.a(lib_a-freer.o)
 .ARM.attributes
                0x0000000000001834       0x32 /Applications/microchip/xc32/v2.15/bin/bin/../../lib/gcc/pic32c/6.2.1/../../../../pic32c/lib/v7e-m/fpv5/hard/libc.a(lib_a-localeconv.o)
 .ARM.attributes
                0x0000000000001866       0x1e /Applications/microchip/xc32/v2.15/bin/bin/../../lib/gcc/pic32c/6.2.1/../../../../pic32c/lib/v7e-m/fpv5/hard/libc.a(lib_a-memchr.o)
 .ARM.attributes
                0x0000000000001884       0x32 /Applications/microchip/xc32/v2.15/bin/bin/../../lib/gcc/pic32c/6.2.1/../../../../pic32c/lib/v7e-m/fpv5/hard/libc.a(lib_a-memmove.o)
 .ARM.attributes
                0x00000000000018b6       0x32 /Applications/microchip/xc32/v2.15/bin/bin/../../lib/gcc/pic32c/6.2.1/../../../../pic32c/lib/v7e-m/fpv5/hard/libc.a(lib_a-mprec.o)
 .ARM.attributes
                0x00000000000018e8       0x32 /Applications/microchip/xc32/v2.15/bin/bin/../../lib/gcc/pic32c/6.2.1/../../../../pic32c/lib/v7e-m/fpv5/hard/libc.a(lib_a-reent.o)
 .ARM.attributes
                0x000000000000191a       0x32 /Applications/microchip/xc32/v2.15/bin/bin/../../lib/gcc/pic32c/6.2.1/../../../../pic32c/lib/v7e-m/fpv5/hard/libc.a(lib_a-s_frexp.o)
 .ARM.attributes
                0x000000000000194c       0x32 /Applications/microchip/xc32/v2.15/bin/bin/../../lib/gcc/pic32c/6.2.1/../../../../pic32c/lib/v7e-m/fpv5/hard/libc.a(lib_a-svfiprintf.o)
 .ARM.attributes
                0x000000000000197e       0x32 /Applications/microchip/xc32/v2.15/bin/bin/../../lib/gcc/pic32c/6.2.1/../../../../pic32c/lib/v7e-m/fpv5/hard/libc.a(lib_a-__atexit.o)
 .ARM.attributes
                0x00000000000019b0       0x32 /Applications/microchip/xc32/v2.15/bin/bin/../../lib/gcc/pic32c/6.2.1/../../../../pic32c/lib/v7e-m/fpv5/hard/libpic32c.a(sbrk.o)
 .ARM.attributes
                0x00000000000019e2       0x20 /Applications/microchip/xc32/v2.15/bin/bin/../../lib/gcc/pic32c/6.2.1/v7e-m/fpv5/hard/crtn.o

.debug_info     0x0000000000000000   0x1693ad
 .debug_info    0x0000000000000000      0xe12 build/sam_e70_xult_freertos/production/_ext/683629640/bsp.o
 .debug_info    0x0000000000000e12     0x25d5 build/sam_e70_xult_freertos/production/_ext/1839511917/crypto.o
 .debug_info    0x00000000000033e7     0x3845 build/sam_e70_xult_freertos/production/_ext/1839511917/sha.o
 .debug_info    0x0000000000006c2c     0x841a build/sam_e70_xult_freertos/production/_ext/1607428259/drv_ethphy.o
 .debug_info    0x000000000000f046     0x31ca build/sam_e70_xult_freertos/production/_ext/1607428259/drv_extphy_smsc8740.o
 .debug_info    0x0000000000012210     0xae03 build/sam_e70_xult_freertos/production/_ext/1619526243/drv_gmac.o
 .debug_info    0x000000000001d013     0x9427 build/sam_e70_xult_freertos/production/_ext/1619526243/drv_gmac_lib_samE7x_V7x.o
 .debug_info    0x000000000002643a     0x3972 build/sam_e70_xult_freertos/production/_ext/1215076966/drv_memory.o
 .debug_info    0x0000000000029dac     0x1758 build/sam_e70_xult_freertos/production/_ext/1215076966/drv_memory_file_system.o
 .debug_info    0x000000000002b504     0x5181 build/sam_e70_xult_freertos/production/_ext/1215076966/drv_memory_efc.o
 .debug_info    0x0000000000030685     0x539a build/sam_e70_xult_freertos/production/_ext/511568427/drv_miim.o
 .debug_info    0x0000000000035a1f     0x1ab9 build/sam_e70_xult_freertos/production/_ext/502395768/sys_fs_wrapper.o
 .debug_info    0x00000000000374d8     0x11a6 build/sam_e70_xult_freertos/production/_ext/810785262/helpers.o
 .debug_info    0x000000000003867e     0x9307 build/sam_e70_xult_freertos/production/_ext/810785262/dns.o
 .debug_info    0x0000000000041985     0x55f8 build/sam_e70_xult_freertos/production/_ext/810785262/icmp.o
 .debug_info    0x0000000000046f7d    0x107bc build/sam_e70_xult_freertos/production/_ext/810785262/http_net.o
 .debug_info    0x0000000000057739     0x5903 build/sam_e70_xult_freertos/production/_ext/810785262/nbns.o
 .debug_info    0x000000000005d03c     0xd786 build/sam_e70_xult_freertos/production/_ext/810785262/tcp.o
 .debug_info    0x000000000006a7c2     0xaeb2 build/sam_e70_xult_freertos/production/_ext/810785262/dhcp.o
 .debug_info    0x0000000000075674     0x86cd build/sam_e70_xult_freertos/production/_ext/810785262/arp.o
 .debug_info    0x000000000007dd41     0x8e1f build/sam_e70_xult_freertos/production/_ext/810785262/icmpv6.o
 .debug_info    0x0000000000086b60     0x8976 build/sam_e70_xult_freertos/production/_ext/810785262/ndp.o
 .debug_info    0x000000000008f4d6     0xb1bf build/sam_e70_xult_freertos/production/_ext/810785262/tcpip_commands.o
 .debug_info    0x000000000009a695     0xdbf8 build/sam_e70_xult_freertos/production/_ext/810785262/ipv6.o
 .debug_info    0x00000000000a828d     0x7ff2 build/sam_e70_xult_freertos/production/_ext/810785262/ipv4.o
 .debug_info    0x00000000000b027f     0xcc04 build/sam_e70_xult_freertos/production/_ext/810785262/smtpc.o
 .debug_info    0x00000000000bce83     0x4622 build/sam_e70_xult_freertos/production/_ext/810785262/tcpip_heap_alloc.o
 .debug_info    0x00000000000c14a5     0x4f9c build/sam_e70_xult_freertos/production/_ext/810785262/tcpip_heap_internal.o
 .debug_info    0x00000000000c6441      0xf0c build/sam_e70_xult_freertos/production/_ext/810785262/hash_fnv.o
 .debug_info    0x00000000000c734d     0x1586 build/sam_e70_xult_freertos/production/_ext/810785262/oahash.o
 .debug_info    0x00000000000c88d3     0x6ea3 build/sam_e70_xult_freertos/production/_ext/810785262/tcpip_helpers.o
 .debug_info    0x00000000000cf776     0xd411 build/sam_e70_xult_freertos/production/_ext/810785262/tcpip_manager.o
 .debug_info    0x00000000000dcb87     0x44b6 build/sam_e70_xult_freertos/production/_ext/810785262/tcpip_notify.o
 .debug_info    0x00000000000e103d     0x547a build/sam_e70_xult_freertos/production/_ext/810785262/tcpip_packet.o
 .debug_info    0x00000000000e64b7     0x6cf4 build/sam_e70_xult_freertos/production/_ext/810785262/sntp.o
 .debug_info    0x00000000000ed1ab     0x78ad build/sam_e70_xult_freertos/production/_ext/810785262/tcpip_announce.o
 .debug_info    0x00000000000f4a58     0xb963 build/sam_e70_xult_freertos/production/_ext/810785262/udp.o
 .debug_info    0x00000000001003bb     0x3b1c build/sam_e70_xult_freertos/production/_ext/1730304427/net_pres.o
 .debug_info    0x0000000000103ed7      0x8b1 build/sam_e70_xult_freertos/production/_ext/45647770/plib_clk.o
 .debug_info    0x0000000000104788     0x1377 build/sam_e70_xult_freertos/production/_ext/45646042/plib_efc.o
 .debug_info    0x0000000000105aff      0x8af build/sam_e70_xult_freertos/production/_ext/45638026/plib_mpu.o
 .debug_info    0x00000000001063ae     0x100f build/sam_e70_xult_freertos/production/_ext/1414743522/plib_nvic.o
 .debug_info    0x00000000001073bd      0xe8f build/sam_e70_xult_freertos/production/_ext/45635366/plib_pio.o
 .debug_info    0x000000000010824c      0x903 build/sam_e70_xult_freertos/production/_ext/1245453995/plib_tc0.o
 .debug_info    0x0000000000108b4f      0xbb3 build/sam_e70_xult_freertos/production/_ext/901805035/plib_twihs0.o
 .debug_info    0x0000000000109702      0xed1 build/sam_e70_xult_freertos/production/_ext/901008055/plib_usart1.o
 .debug_info    0x000000000010a5d3     0x1910 build/sam_e70_xult_freertos/production/_ext/762686499/sys_console.o
 .debug_info    0x000000000010bee3     0x641e build/sam_e70_xult_freertos/production/_ext/762686499/sys_console_uart.o
 .debug_info    0x0000000000112301     0x2e32 build/sam_e70_xult_freertos/production/_ext/762686499/sys_command.o
 .debug_info    0x0000000000115133     0x26f3 build/sam_e70_xult_freertos/production/_ext/57042178/mpfs.o
 .debug_info    0x0000000000117826     0x47fd build/sam_e70_xult_freertos/production/_ext/805309515/sys_fs.o
 .debug_info    0x000000000011c023     0x32d8 build/sam_e70_xult_freertos/production/_ext/805309515/sys_fs_media_manager.o
 .debug_info    0x000000000011f2fb      0xc89 build/sam_e70_xult_freertos/production/_ext/1775855163/sys_int.o
 .debug_info    0x000000000011ff84     0x3489 build/sam_e70_xult_freertos/production/_ext/912870411/sys_time.o
 .debug_info    0x000000000012340d      0x508 build/sam_e70_xult_freertos/production/_ext/231871610/sys_time_h2_adapter.o
 .debug_info    0x0000000000123915     0x4fbb build/sam_e70_xult_freertos/production/_ext/1552905064/tasks.o
 .debug_info    0x00000000001288d0     0x961e build/sam_e70_xult_freertos/production/_ext/1552905064/initialization.o
 .debug_info    0x0000000000131eee     0x55c5 build/sam_e70_xult_freertos/production/_ext/1552905064/interrupts.o
 .debug_info    0x00000000001374b3     0x49d8 build/sam_e70_xult_freertos/production/_ext/1552905064/exceptions.o
 .debug_info    0x000000000013be8b     0x52e1 build/sam_e70_xult_freertos/production/_ext/1552905064/startup_xc32.o
 .debug_info    0x000000000014116c      0x4be build/sam_e70_xult_freertos/production/_ext/1552905064/freertos_hooks.o
 .debug_info    0x000000000014162a      0x6de build/sam_e70_xult_freertos/production/_ext/977623654/port.o
 .debug_info    0x0000000000141d08      0xf12 build/sam_e70_xult_freertos/production/_ext/1665200909/heap_3.o
 .debug_info    0x0000000000142c1a     0x10d6 build/sam_e70_xult_freertos/production/_ext/404212886/list.o
 .debug_info    0x0000000000143cf0     0x28f4 build/sam_e70_xult_freertos/production/_ext/404212886/queue.o
 .debug_info    0x00000000001465e4     0x3593 build/sam_e70_xult_freertos/production/_ext/404212886/FreeRTOS_tasks.o
 .debug_info    0x0000000000149b77      0xa52 build/sam_e70_xult_freertos/production/_ext/281930714/osal_freertos.o
 .debug_info    0x000000000014a5c9     0x5bde build/sam_e70_xult_freertos/production/_ext/1360937237/http_net_print.o
 .debug_info    0x00000000001501a7     0x9ecb build/sam_e70_xult_freertos/production/_ext/1360937237/custom_http_net_app.o
 .debug_info    0x000000000015a072     0x4c1e build/sam_e70_xult_freertos/production/_ext/1360937237/mpfs_net_img.o
 .debug_info    0x000000000015ec90     0x5df3 build/sam_e70_xult_freertos/production/_ext/1360937237/app.o
 .debug_info    0x0000000000164a83     0x492a build/sam_e70_xult_freertos/production/_ext/1360937237/main.o

.debug_abbrev   0x0000000000000000    0x10959
 .debug_abbrev  0x0000000000000000      0x196 build/sam_e70_xult_freertos/production/_ext/683629640/bsp.o
 .debug_abbrev  0x0000000000000196      0x2da build/sam_e70_xult_freertos/production/_ext/1839511917/crypto.o
 .debug_abbrev  0x0000000000000470      0x35f build/sam_e70_xult_freertos/production/_ext/1839511917/sha.o
 .debug_abbrev  0x00000000000007cf      0x58f build/sam_e70_xult_freertos/production/_ext/1607428259/drv_ethphy.o
 .debug_abbrev  0x0000000000000d5e      0x2d0 build/sam_e70_xult_freertos/production/_ext/1607428259/drv_extphy_smsc8740.o
 .debug_abbrev  0x000000000000102e      0x61d build/sam_e70_xult_freertos/production/_ext/1619526243/drv_gmac.o
 .debug_abbrev  0x000000000000164b      0x545 build/sam_e70_xult_freertos/production/_ext/1619526243/drv_gmac_lib_samE7x_V7x.o
 .debug_abbrev  0x0000000000001b90      0x4c9 build/sam_e70_xult_freertos/production/_ext/1215076966/drv_memory.o
 .debug_abbrev  0x0000000000002059      0x205 build/sam_e70_xult_freertos/production/_ext/1215076966/drv_memory_file_system.o
 .debug_abbrev  0x000000000000225e      0x331 build/sam_e70_xult_freertos/production/_ext/1215076966/drv_memory_efc.o
 .debug_abbrev  0x000000000000258f      0x683 build/sam_e70_xult_freertos/production/_ext/511568427/drv_miim.o
 .debug_abbrev  0x0000000000002c12      0x29a build/sam_e70_xult_freertos/production/_ext/502395768/sys_fs_wrapper.o
 .debug_abbrev  0x0000000000002eac      0x2ae build/sam_e70_xult_freertos/production/_ext/810785262/helpers.o
 .debug_abbrev  0x000000000000315a      0x5e9 build/sam_e70_xult_freertos/production/_ext/810785262/dns.o
 .debug_abbrev  0x0000000000003743      0x40a build/sam_e70_xult_freertos/production/_ext/810785262/icmp.o
 .debug_abbrev  0x0000000000003b4d      0x67d build/sam_e70_xult_freertos/production/_ext/810785262/http_net.o
 .debug_abbrev  0x00000000000041ca      0x41e build/sam_e70_xult_freertos/production/_ext/810785262/nbns.o
 .debug_abbrev  0x00000000000045e8      0x5d3 build/sam_e70_xult_freertos/production/_ext/810785262/tcp.o
 .debug_abbrev  0x0000000000004bbb      0x592 build/sam_e70_xult_freertos/production/_ext/810785262/dhcp.o
 .debug_abbrev  0x000000000000514d      0x54c build/sam_e70_xult_freertos/production/_ext/810785262/arp.o
 .debug_abbrev  0x0000000000005699      0x4bc build/sam_e70_xult_freertos/production/_ext/810785262/icmpv6.o
 .debug_abbrev  0x0000000000005b55      0x56c build/sam_e70_xult_freertos/production/_ext/810785262/ndp.o
 .debug_abbrev  0x00000000000060c1      0x4d2 build/sam_e70_xult_freertos/production/_ext/810785262/tcpip_commands.o
 .debug_abbrev  0x0000000000006593      0x668 build/sam_e70_xult_freertos/production/_ext/810785262/ipv6.o
 .debug_abbrev  0x0000000000006bfb      0x50b build/sam_e70_xult_freertos/production/_ext/810785262/ipv4.o
 .debug_abbrev  0x0000000000007106      0x5ac build/sam_e70_xult_freertos/production/_ext/810785262/smtpc.o
 .debug_abbrev  0x00000000000076b2      0x299 build/sam_e70_xult_freertos/production/_ext/810785262/tcpip_heap_alloc.o
 .debug_abbrev  0x000000000000794b      0x3f2 build/sam_e70_xult_freertos/production/_ext/810785262/tcpip_heap_internal.o
 .debug_abbrev  0x0000000000007d3d      0x1d0 build/sam_e70_xult_freertos/production/_ext/810785262/hash_fnv.o
 .debug_abbrev  0x0000000000007f0d      0x34c build/sam_e70_xult_freertos/production/_ext/810785262/oahash.o
 .debug_abbrev  0x0000000000008259      0x4fc build/sam_e70_xult_freertos/production/_ext/810785262/tcpip_helpers.o
 .debug_abbrev  0x0000000000008755      0x639 build/sam_e70_xult_freertos/production/_ext/810785262/tcpip_manager.o
 .debug_abbrev  0x0000000000008d8e      0x2eb build/sam_e70_xult_freertos/production/_ext/810785262/tcpip_notify.o
 .debug_abbrev  0x0000000000009079      0x47d build/sam_e70_xult_freertos/production/_ext/810785262/tcpip_packet.o
 .debug_abbrev  0x00000000000094f6      0x4b3 build/sam_e70_xult_freertos/production/_ext/810785262/sntp.o
 .debug_abbrev  0x00000000000099a9      0x486 build/sam_e70_xult_freertos/production/_ext/810785262/tcpip_announce.o
 .debug_abbrev  0x0000000000009e2f      0x63b build/sam_e70_xult_freertos/production/_ext/810785262/udp.o
 .debug_abbrev  0x000000000000a46a      0x443 build/sam_e70_xult_freertos/production/_ext/1730304427/net_pres.o
 .debug_abbrev  0x000000000000a8ad       0xfa build/sam_e70_xult_freertos/production/_ext/45647770/plib_clk.o
 .debug_abbrev  0x000000000000a9a7      0x2f4 build/sam_e70_xult_freertos/production/_ext/45646042/plib_efc.o
 .debug_abbrev  0x000000000000ac9b       0xcd build/sam_e70_xult_freertos/production/_ext/45638026/plib_mpu.o
 .debug_abbrev  0x000000000000ad68      0x179 build/sam_e70_xult_freertos/production/_ext/1414743522/plib_nvic.o
 .debug_abbrev  0x000000000000aee1      0x160 build/sam_e70_xult_freertos/production/_ext/45635366/plib_pio.o
 .debug_abbrev  0x000000000000b041      0x182 build/sam_e70_xult_freertos/production/_ext/1245453995/plib_tc0.o
 .debug_abbrev  0x000000000000b1c3      0x2ab build/sam_e70_xult_freertos/production/_ext/901805035/plib_twihs0.o
 .debug_abbrev  0x000000000000b46e      0x2c4 build/sam_e70_xult_freertos/production/_ext/901008055/plib_usart1.o
 .debug_abbrev  0x000000000000b732      0x299 build/sam_e70_xult_freertos/production/_ext/762686499/sys_console.o
 .debug_abbrev  0x000000000000b9cb      0x51f build/sam_e70_xult_freertos/production/_ext/762686499/sys_console_uart.o
 .debug_abbrev  0x000000000000beea      0x4d4 build/sam_e70_xult_freertos/production/_ext/762686499/sys_command.o
 .debug_abbrev  0x000000000000c3be      0x3b4 build/sam_e70_xult_freertos/production/_ext/57042178/mpfs.o
 .debug_abbrev  0x000000000000c772      0x49e build/sam_e70_xult_freertos/production/_ext/805309515/sys_fs.o
 .debug_abbrev  0x000000000000cc10      0x4bf build/sam_e70_xult_freertos/production/_ext/805309515/sys_fs_media_manager.o
 .debug_abbrev  0x000000000000d0cf      0x200 build/sam_e70_xult_freertos/production/_ext/1775855163/sys_int.o
 .debug_abbrev  0x000000000000d2cf      0x572 build/sam_e70_xult_freertos/production/_ext/912870411/sys_time.o
 .debug_abbrev  0x000000000000d841      0x128 build/sam_e70_xult_freertos/production/_ext/231871610/sys_time_h2_adapter.o
 .debug_abbrev  0x000000000000d969      0x2ad build/sam_e70_xult_freertos/production/_ext/1552905064/tasks.o
 .debug_abbrev  0x000000000000dc16      0x341 build/sam_e70_xult_freertos/production/_ext/1552905064/initialization.o
 .debug_abbrev  0x000000000000df57      0x24c build/sam_e70_xult_freertos/production/_ext/1552905064/interrupts.o
 .debug_abbrev  0x000000000000e1a3      0x23b build/sam_e70_xult_freertos/production/_ext/1552905064/exceptions.o
 .debug_abbrev  0x000000000000e3de      0x36b build/sam_e70_xult_freertos/production/_ext/1552905064/startup_xc32.o
 .debug_abbrev  0x000000000000e749      0x121 build/sam_e70_xult_freertos/production/_ext/1552905064/freertos_hooks.o
 .debug_abbrev  0x000000000000e86a      0x1f2 build/sam_e70_xult_freertos/production/_ext/977623654/port.o
 .debug_abbrev  0x000000000000ea5c      0x241 build/sam_e70_xult_freertos/production/_ext/1665200909/heap_3.o
 .debug_abbrev  0x000000000000ec9d      0x231 build/sam_e70_xult_freertos/production/_ext/404212886/list.o
 .debug_abbrev  0x000000000000eece      0x3f1 build/sam_e70_xult_freertos/production/_ext/404212886/queue.o
 .debug_abbrev  0x000000000000f2bf      0x49e build/sam_e70_xult_freertos/production/_ext/404212886/FreeRTOS_tasks.o
 .debug_abbrev  0x000000000000f75d      0x19f build/sam_e70_xult_freertos/production/_ext/281930714/osal_freertos.o
 .debug_abbrev  0x000000000000f8fc      0x31a build/sam_e70_xult_freertos/production/_ext/1360937237/http_net_print.o
 .debug_abbrev  0x000000000000fc16      0x500 build/sam_e70_xult_freertos/production/_ext/1360937237/custom_http_net_app.o
 .debug_abbrev  0x0000000000010116      0x248 build/sam_e70_xult_freertos/production/_ext/1360937237/mpfs_net_img.o
 .debug_abbrev  0x000000000001035e      0x386 build/sam_e70_xult_freertos/production/_ext/1360937237/app.o
 .debug_abbrev  0x00000000000106e4      0x275 build/sam_e70_xult_freertos/production/_ext/1360937237/main.o

.debug_aranges  0x0000000000000000     0x3728
 .debug_aranges
                0x0000000000000000       0x20 build/sam_e70_xult_freertos/production/_ext/683629640/bsp.o
 .debug_aranges
                0x0000000000000020       0xb0 build/sam_e70_xult_freertos/production/_ext/1839511917/crypto.o
 .debug_aranges
                0x00000000000000d0       0x60 build/sam_e70_xult_freertos/production/_ext/1839511917/sha.o
 .debug_aranges
                0x0000000000000130      0x278 build/sam_e70_xult_freertos/production/_ext/1607428259/drv_ethphy.o
 .debug_aranges
                0x00000000000003a8       0x30 build/sam_e70_xult_freertos/production/_ext/1607428259/drv_extphy_smsc8740.o
 .debug_aranges
                0x00000000000003d8      0x280 build/sam_e70_xult_freertos/production/_ext/1619526243/drv_gmac.o
 .debug_aranges
                0x0000000000000658       0xb0 build/sam_e70_xult_freertos/production/_ext/1619526243/drv_gmac_lib_samE7x_V7x.o
 .debug_aranges
                0x0000000000000708       0xf0 build/sam_e70_xult_freertos/production/_ext/1215076966/drv_memory.o
 .debug_aranges
                0x00000000000007f8       0x20 build/sam_e70_xult_freertos/production/_ext/1215076966/drv_memory_file_system.o
 .debug_aranges
                0x0000000000000818       0x68 build/sam_e70_xult_freertos/production/_ext/1215076966/drv_memory_efc.o
 .debug_aranges
                0x0000000000000880       0xe8 build/sam_e70_xult_freertos/production/_ext/511568427/drv_miim.o
 .debug_aranges
                0x0000000000000968       0x48 build/sam_e70_xult_freertos/production/_ext/502395768/sys_fs_wrapper.o
 .debug_aranges
                0x00000000000009b0       0x48 build/sam_e70_xult_freertos/production/_ext/810785262/helpers.o
 .debug_aranges
                0x00000000000009f8      0x140 build/sam_e70_xult_freertos/production/_ext/810785262/dns.o
 .debug_aranges
                0x0000000000000b38       0x38 build/sam_e70_xult_freertos/production/_ext/810785262/icmp.o
 .debug_aranges
                0x0000000000000b70      0x340 build/sam_e70_xult_freertos/production/_ext/810785262/http_net.o
 .debug_aranges
                0x0000000000000eb0       0x40 build/sam_e70_xult_freertos/production/_ext/810785262/nbns.o
 .debug_aranges
                0x0000000000000ef0      0x258 build/sam_e70_xult_freertos/production/_ext/810785262/tcp.o
 .debug_aranges
                0x0000000000001148      0x188 build/sam_e70_xult_freertos/production/_ext/810785262/dhcp.o
 .debug_aranges
                0x00000000000012d0      0x110 build/sam_e70_xult_freertos/production/_ext/810785262/arp.o
 .debug_aranges
                0x00000000000013e0       0x90 build/sam_e70_xult_freertos/production/_ext/810785262/icmpv6.o
 .debug_aranges
                0x0000000000001470      0x118 build/sam_e70_xult_freertos/production/_ext/810785262/ndp.o
 .debug_aranges
                0x0000000000001588       0xd0 build/sam_e70_xult_freertos/production/_ext/810785262/tcpip_commands.o
 .debug_aranges
                0x0000000000001658      0x2a8 build/sam_e70_xult_freertos/production/_ext/810785262/ipv6.o
 .debug_aranges
                0x0000000000001900       0xc0 build/sam_e70_xult_freertos/production/_ext/810785262/ipv4.o
 .debug_aranges
                0x00000000000019c0      0x268 build/sam_e70_xult_freertos/production/_ext/810785262/smtpc.o
 .debug_aranges
                0x0000000000001c28       0x48 build/sam_e70_xult_freertos/production/_ext/810785262/tcpip_heap_alloc.o
 .debug_aranges
                0x0000000000001c70       0x68 build/sam_e70_xult_freertos/production/_ext/810785262/tcpip_heap_internal.o
 .debug_aranges
                0x0000000000001cd8       0x28 build/sam_e70_xult_freertos/production/_ext/810785262/hash_fnv.o
 .debug_aranges
                0x0000000000001d00       0x50 build/sam_e70_xult_freertos/production/_ext/810785262/oahash.o
 .debug_aranges
                0x0000000000001d50      0x218 build/sam_e70_xult_freertos/production/_ext/810785262/tcpip_helpers.o
 .debug_aranges
                0x0000000000001f68      0x390 build/sam_e70_xult_freertos/production/_ext/810785262/tcpip_manager.o
 .debug_aranges
                0x00000000000022f8       0x40 build/sam_e70_xult_freertos/production/_ext/810785262/tcpip_notify.o
 .debug_aranges
                0x0000000000002338       0x78 build/sam_e70_xult_freertos/production/_ext/810785262/tcpip_packet.o
 .debug_aranges
                0x00000000000023b0       0x98 build/sam_e70_xult_freertos/production/_ext/810785262/sntp.o
 .debug_aranges
                0x0000000000002448       0xa8 build/sam_e70_xult_freertos/production/_ext/810785262/tcpip_announce.o
 .debug_aranges
                0x00000000000024f0      0x208 build/sam_e70_xult_freertos/production/_ext/810785262/udp.o
 .debug_aranges
                0x00000000000026f8      0x110 build/sam_e70_xult_freertos/production/_ext/1730304427/net_pres.o
 .debug_aranges
                0x0000000000002808       0x20 build/sam_e70_xult_freertos/production/_ext/45647770/plib_clk.o
 .debug_aranges
                0x0000000000002828       0x68 build/sam_e70_xult_freertos/production/_ext/45646042/plib_efc.o
 .debug_aranges
                0x0000000000002890       0x20 build/sam_e70_xult_freertos/production/_ext/45638026/plib_mpu.o
 .debug_aranges
                0x00000000000028b0       0x20 build/sam_e70_xult_freertos/production/_ext/1414743522/plib_nvic.o
 .debug_aranges
                0x00000000000028d0       0x60 build/sam_e70_xult_freertos/production/_ext/45635366/plib_pio.o
 .debug_aranges
                0x0000000000002930       0x68 build/sam_e70_xult_freertos/production/_ext/1245453995/plib_tc0.o
 .debug_aranges
                0x0000000000002998       0x68 build/sam_e70_xult_freertos/production/_ext/901805035/plib_twihs0.o
 .debug_aranges
                0x0000000000002a00       0x78 build/sam_e70_xult_freertos/production/_ext/901008055/plib_usart1.o
 .debug_aranges
                0x0000000000002a78       0x50 build/sam_e70_xult_freertos/production/_ext/762686499/sys_console.o
 .debug_aranges
                0x0000000000002ac8       0x78 build/sam_e70_xult_freertos/production/_ext/762686499/sys_console_uart.o
 .debug_aranges
                0x0000000000002b40       0xd0 build/sam_e70_xult_freertos/production/_ext/762686499/sys_command.o
 .debug_aranges
                0x0000000000002c10       0xa0 build/sam_e70_xult_freertos/production/_ext/57042178/mpfs.o
 .debug_aranges
                0x0000000000002cb0      0x170 build/sam_e70_xult_freertos/production/_ext/805309515/sys_fs.o
 .debug_aranges
                0x0000000000002e20       0x98 build/sam_e70_xult_freertos/production/_ext/805309515/sys_fs_media_manager.o
 .debug_aranges
                0x0000000000002eb8       0x40 build/sam_e70_xult_freertos/production/_ext/1775855163/sys_int.o
 .debug_aranges
                0x0000000000002ef8      0x130 build/sam_e70_xult_freertos/production/_ext/912870411/sys_time.o
 .debug_aranges
                0x0000000000003028       0x28 build/sam_e70_xult_freertos/production/_ext/231871610/sys_time_h2_adapter.o
 .debug_aranges
                0x0000000000003050       0x50 build/sam_e70_xult_freertos/production/_ext/1552905064/tasks.o
 .debug_aranges
                0x00000000000030a0       0x28 build/sam_e70_xult_freertos/production/_ext/1552905064/initialization.o
 .debug_aranges
                0x00000000000030c8       0x20 build/sam_e70_xult_freertos/production/_ext/1552905064/interrupts.o
 .debug_aranges
                0x00000000000030e8       0x48 build/sam_e70_xult_freertos/production/_ext/1552905064/exceptions.o
 .debug_aranges
                0x0000000000003130       0x20 build/sam_e70_xult_freertos/production/_ext/1552905064/startup_xc32.o
 .debug_aranges
                0x0000000000003150       0x40 build/sam_e70_xult_freertos/production/_ext/1552905064/freertos_hooks.o
 .debug_aranges
                0x0000000000003190       0x78 build/sam_e70_xult_freertos/production/_ext/977623654/port.o
 .debug_aranges
                0x0000000000003208       0x28 build/sam_e70_xult_freertos/production/_ext/1665200909/heap_3.o
 .debug_aranges
                0x0000000000003230       0x40 build/sam_e70_xult_freertos/production/_ext/404212886/list.o
 .debug_aranges
                0x0000000000003270       0xc8 build/sam_e70_xult_freertos/production/_ext/404212886/queue.o
 .debug_aranges
                0x0000000000003338      0x170 build/sam_e70_xult_freertos/production/_ext/404212886/FreeRTOS_tasks.o
 .debug_aranges
                0x00000000000034a8       0x80 build/sam_e70_xult_freertos/production/_ext/281930714/osal_freertos.o
 .debug_aranges
                0x0000000000003528       0x38 build/sam_e70_xult_freertos/production/_ext/1360937237/http_net_print.o
 .debug_aranges
                0x0000000000003560      0x160 build/sam_e70_xult_freertos/production/_ext/1360937237/custom_http_net_app.o
 .debug_aranges
                0x00000000000036c0       0x18 build/sam_e70_xult_freertos/production/_ext/1360937237/mpfs_net_img.o
 .debug_aranges
                0x00000000000036d8       0x30 build/sam_e70_xult_freertos/production/_ext/1360937237/app.o
 .debug_aranges
                0x0000000000003708       0x20 build/sam_e70_xult_freertos/production/_ext/1360937237/main.o

.debug_ranges   0x0000000000000000     0x5710
 .debug_ranges  0x0000000000000000       0x10 build/sam_e70_xult_freertos/production/_ext/683629640/bsp.o
 .debug_ranges  0x0000000000000010       0xa0 build/sam_e70_xult_freertos/production/_ext/1839511917/crypto.o
 .debug_ranges  0x00000000000000b0       0x68 build/sam_e70_xult_freertos/production/_ext/1839511917/sha.o
 .debug_ranges  0x0000000000000118      0x2e0 build/sam_e70_xult_freertos/production/_ext/1607428259/drv_ethphy.o
 .debug_ranges  0x00000000000003f8       0x20 build/sam_e70_xult_freertos/production/_ext/1607428259/drv_extphy_smsc8740.o
 .debug_ranges  0x0000000000000418      0x320 build/sam_e70_xult_freertos/production/_ext/1619526243/drv_gmac.o
 .debug_ranges  0x0000000000000738      0x118 build/sam_e70_xult_freertos/production/_ext/1619526243/drv_gmac_lib_samE7x_V7x.o
 .debug_ranges  0x0000000000000850      0x118 build/sam_e70_xult_freertos/production/_ext/1215076966/drv_memory.o
 .debug_ranges  0x0000000000000968       0x10 build/sam_e70_xult_freertos/production/_ext/1215076966/drv_memory_file_system.o
 .debug_ranges  0x0000000000000978       0x58 build/sam_e70_xult_freertos/production/_ext/1215076966/drv_memory_efc.o
 .debug_ranges  0x00000000000009d0      0x348 build/sam_e70_xult_freertos/production/_ext/511568427/drv_miim.o
 .debug_ranges  0x0000000000000d18       0x38 build/sam_e70_xult_freertos/production/_ext/502395768/sys_fs_wrapper.o
 .debug_ranges  0x0000000000000d50       0x38 build/sam_e70_xult_freertos/production/_ext/810785262/helpers.o
 .debug_ranges  0x0000000000000d88      0x238 build/sam_e70_xult_freertos/production/_ext/810785262/dns.o
 .debug_ranges  0x0000000000000fc0       0x40 build/sam_e70_xult_freertos/production/_ext/810785262/icmp.o
 .debug_ranges  0x0000000000001000      0x688 build/sam_e70_xult_freertos/production/_ext/810785262/http_net.o
 .debug_ranges  0x0000000000001688       0xb0 build/sam_e70_xult_freertos/production/_ext/810785262/nbns.o
 .debug_ranges  0x0000000000001738      0x650 build/sam_e70_xult_freertos/production/_ext/810785262/tcp.o
 .debug_ranges  0x0000000000001d88      0x2f0 build/sam_e70_xult_freertos/production/_ext/810785262/dhcp.o
 .debug_ranges  0x0000000000002078      0x1c0 build/sam_e70_xult_freertos/production/_ext/810785262/arp.o
 .debug_ranges  0x0000000000002238      0x118 build/sam_e70_xult_freertos/production/_ext/810785262/icmpv6.o
 .debug_ranges  0x0000000000002350      0x2b0 build/sam_e70_xult_freertos/production/_ext/810785262/ndp.o
 .debug_ranges  0x0000000000002600      0x160 build/sam_e70_xult_freertos/production/_ext/810785262/tcpip_commands.o
 .debug_ranges  0x0000000000002760      0x428 build/sam_e70_xult_freertos/production/_ext/810785262/ipv6.o
 .debug_ranges  0x0000000000002b88      0x230 build/sam_e70_xult_freertos/production/_ext/810785262/ipv4.o
 .debug_ranges  0x0000000000002db8      0x3f0 build/sam_e70_xult_freertos/production/_ext/810785262/smtpc.o
 .debug_ranges  0x00000000000031a8       0x38 build/sam_e70_xult_freertos/production/_ext/810785262/tcpip_heap_alloc.o
 .debug_ranges  0x00000000000031e0       0x58 build/sam_e70_xult_freertos/production/_ext/810785262/tcpip_heap_internal.o
 .debug_ranges  0x0000000000003238       0x18 build/sam_e70_xult_freertos/production/_ext/810785262/hash_fnv.o
 .debug_ranges  0x0000000000003250       0x40 build/sam_e70_xult_freertos/production/_ext/810785262/oahash.o
 .debug_ranges  0x0000000000003290      0x258 build/sam_e70_xult_freertos/production/_ext/810785262/tcpip_helpers.o
 .debug_ranges  0x00000000000034e8      0x6c8 build/sam_e70_xult_freertos/production/_ext/810785262/tcpip_manager.o
 .debug_ranges  0x0000000000003bb0       0x30 build/sam_e70_xult_freertos/production/_ext/810785262/tcpip_notify.o
 .debug_ranges  0x0000000000003be0       0x80 build/sam_e70_xult_freertos/production/_ext/810785262/tcpip_packet.o
 .debug_ranges  0x0000000000003c60      0x158 build/sam_e70_xult_freertos/production/_ext/810785262/sntp.o
 .debug_ranges  0x0000000000003db8      0x148 build/sam_e70_xult_freertos/production/_ext/810785262/tcpip_announce.o
 .debug_ranges  0x0000000000003f00      0x458 build/sam_e70_xult_freertos/production/_ext/810785262/udp.o
 .debug_ranges  0x0000000000004358      0x238 build/sam_e70_xult_freertos/production/_ext/1730304427/net_pres.o
 .debug_ranges  0x0000000000004590       0x10 build/sam_e70_xult_freertos/production/_ext/45647770/plib_clk.o
 .debug_ranges  0x00000000000045a0       0x58 build/sam_e70_xult_freertos/production/_ext/45646042/plib_efc.o
 .debug_ranges  0x00000000000045f8       0x10 build/sam_e70_xult_freertos/production/_ext/45638026/plib_mpu.o
 .debug_ranges  0x0000000000004608       0x10 build/sam_e70_xult_freertos/production/_ext/1414743522/plib_nvic.o
 .debug_ranges  0x0000000000004618       0x50 build/sam_e70_xult_freertos/production/_ext/45635366/plib_pio.o
 .debug_ranges  0x0000000000004668       0x58 build/sam_e70_xult_freertos/production/_ext/1245453995/plib_tc0.o
 .debug_ranges  0x00000000000046c0       0x58 build/sam_e70_xult_freertos/production/_ext/901805035/plib_twihs0.o
 .debug_ranges  0x0000000000004718       0x80 build/sam_e70_xult_freertos/production/_ext/901008055/plib_usart1.o
 .debug_ranges  0x0000000000004798       0x40 build/sam_e70_xult_freertos/production/_ext/762686499/sys_console.o
 .debug_ranges  0x00000000000047d8       0xc8 build/sam_e70_xult_freertos/production/_ext/762686499/sys_console_uart.o
 .debug_ranges  0x00000000000048a0      0x1a8 build/sam_e70_xult_freertos/production/_ext/762686499/sys_command.o
 .debug_ranges  0x0000000000004a48       0x90 build/sam_e70_xult_freertos/production/_ext/57042178/mpfs.o
 .debug_ranges  0x0000000000004ad8      0x160 build/sam_e70_xult_freertos/production/_ext/805309515/sys_fs.o
 .debug_ranges  0x0000000000004c38      0x100 build/sam_e70_xult_freertos/production/_ext/805309515/sys_fs_media_manager.o
 .debug_ranges  0x0000000000004d38       0x30 build/sam_e70_xult_freertos/production/_ext/1775855163/sys_int.o
 .debug_ranges  0x0000000000004d68      0x168 build/sam_e70_xult_freertos/production/_ext/912870411/sys_time.o
 .debug_ranges  0x0000000000004ed0       0x18 build/sam_e70_xult_freertos/production/_ext/231871610/sys_time_h2_adapter.o
 .debug_ranges  0x0000000000004ee8       0x40 build/sam_e70_xult_freertos/production/_ext/1552905064/tasks.o
 .debug_ranges  0x0000000000004f28       0x18 build/sam_e70_xult_freertos/production/_ext/1552905064/initialization.o
 .debug_ranges  0x0000000000004f40       0x10 build/sam_e70_xult_freertos/production/_ext/1552905064/interrupts.o
 .debug_ranges  0x0000000000004f50       0x38 build/sam_e70_xult_freertos/production/_ext/1552905064/exceptions.o
 .debug_ranges  0x0000000000004f88       0x10 build/sam_e70_xult_freertos/production/_ext/1552905064/startup_xc32.o
 .debug_ranges  0x0000000000004f98       0x30 build/sam_e70_xult_freertos/production/_ext/1552905064/freertos_hooks.o
 .debug_ranges  0x0000000000004fc8       0x68 build/sam_e70_xult_freertos/production/_ext/977623654/port.o
 .debug_ranges  0x0000000000005030       0x18 build/sam_e70_xult_freertos/production/_ext/1665200909/heap_3.o
 .debug_ranges  0x0000000000005048       0x30 build/sam_e70_xult_freertos/production/_ext/404212886/list.o
 .debug_ranges  0x0000000000005078      0x1b8 build/sam_e70_xult_freertos/production/_ext/404212886/queue.o
 .debug_ranges  0x0000000000005230      0x290 build/sam_e70_xult_freertos/production/_ext/404212886/FreeRTOS_tasks.o
 .debug_ranges  0x00000000000054c0       0x70 build/sam_e70_xult_freertos/production/_ext/281930714/osal_freertos.o
 .debug_ranges  0x0000000000005530       0x28 build/sam_e70_xult_freertos/production/_ext/1360937237/http_net_print.o
 .debug_ranges  0x0000000000005558      0x188 build/sam_e70_xult_freertos/production/_ext/1360937237/custom_http_net_app.o
 .debug_ranges  0x00000000000056e0       0x20 build/sam_e70_xult_freertos/production/_ext/1360937237/app.o
 .debug_ranges  0x0000000000005700       0x10 build/sam_e70_xult_freertos/production/_ext/1360937237/main.o

.debug_line     0x0000000000000000    0x2054a
 .debug_line    0x0000000000000000      0x1ce build/sam_e70_xult_freertos/production/_ext/683629640/bsp.o
 .debug_line    0x00000000000001ce      0x378 build/sam_e70_xult_freertos/production/_ext/1839511917/crypto.o
 .debug_line    0x0000000000000546      0x9ce build/sam_e70_xult_freertos/production/_ext/1839511917/sha.o
 .debug_line    0x0000000000000f14      0xebf build/sam_e70_xult_freertos/production/_ext/1607428259/drv_ethphy.o
 .debug_line    0x0000000000001dd3      0x358 build/sam_e70_xult_freertos/production/_ext/1607428259/drv_extphy_smsc8740.o
 .debug_line    0x000000000000212b      0xeb0 build/sam_e70_xult_freertos/production/_ext/1619526243/drv_gmac.o
 .debug_line    0x0000000000002fdb      0x9ff build/sam_e70_xult_freertos/production/_ext/1619526243/drv_gmac_lib_samE7x_V7x.o
 .debug_line    0x00000000000039da      0x6e7 build/sam_e70_xult_freertos/production/_ext/1215076966/drv_memory.o
 .debug_line    0x00000000000040c1      0x288 build/sam_e70_xult_freertos/production/_ext/1215076966/drv_memory_file_system.o
 .debug_line    0x0000000000004349      0x557 build/sam_e70_xult_freertos/production/_ext/1215076966/drv_memory_efc.o
 .debug_line    0x00000000000048a0      0x8f0 build/sam_e70_xult_freertos/production/_ext/511568427/drv_miim.o
 .debug_line    0x0000000000005190      0x300 build/sam_e70_xult_freertos/production/_ext/502395768/sys_fs_wrapper.o
 .debug_line    0x0000000000005490      0x275 build/sam_e70_xult_freertos/production/_ext/810785262/helpers.o
 .debug_line    0x0000000000005705      0xb8f build/sam_e70_xult_freertos/production/_ext/810785262/dns.o
 .debug_line    0x0000000000006294      0x491 build/sam_e70_xult_freertos/production/_ext/810785262/icmp.o
 .debug_line    0x0000000000006725     0x17ca build/sam_e70_xult_freertos/production/_ext/810785262/http_net.o
 .debug_line    0x0000000000007eef      0x4b6 build/sam_e70_xult_freertos/production/_ext/810785262/nbns.o
 .debug_line    0x00000000000083a5     0x1938 build/sam_e70_xult_freertos/production/_ext/810785262/tcp.o
 .debug_line    0x0000000000009cdd      0xe2c build/sam_e70_xult_freertos/production/_ext/810785262/dhcp.o
 .debug_line    0x000000000000ab09      0xae5 build/sam_e70_xult_freertos/production/_ext/810785262/arp.o
 .debug_line    0x000000000000b5ee      0xa7a build/sam_e70_xult_freertos/production/_ext/810785262/icmpv6.o
 .debug_line    0x000000000000c068      0xbce build/sam_e70_xult_freertos/production/_ext/810785262/ndp.o
 .debug_line    0x000000000000cc36      0xafb build/sam_e70_xult_freertos/production/_ext/810785262/tcpip_commands.o
 .debug_line    0x000000000000d731     0x1632 build/sam_e70_xult_freertos/production/_ext/810785262/ipv6.o
 .debug_line    0x000000000000ed63      0xa19 build/sam_e70_xult_freertos/production/_ext/810785262/ipv4.o
 .debug_line    0x000000000000f77c     0x1148 build/sam_e70_xult_freertos/production/_ext/810785262/smtpc.o
 .debug_line    0x00000000000108c4      0x3ef build/sam_e70_xult_freertos/production/_ext/810785262/tcpip_heap_alloc.o
 .debug_line    0x0000000000010cb3      0x5bf build/sam_e70_xult_freertos/production/_ext/810785262/tcpip_heap_internal.o
 .debug_line    0x0000000000011272      0x1d1 build/sam_e70_xult_freertos/production/_ext/810785262/hash_fnv.o
 .debug_line    0x0000000000011443      0x29c build/sam_e70_xult_freertos/production/_ext/810785262/oahash.o
 .debug_line    0x00000000000116df      0xc5c build/sam_e70_xult_freertos/production/_ext/810785262/tcpip_helpers.o
 .debug_line    0x000000000001233b     0x1583 build/sam_e70_xult_freertos/production/_ext/810785262/tcpip_manager.o
 .debug_line    0x00000000000138be      0x48a build/sam_e70_xult_freertos/production/_ext/810785262/tcpip_notify.o
 .debug_line    0x0000000000013d48      0x541 build/sam_e70_xult_freertos/production/_ext/810785262/tcpip_packet.o
 .debug_line    0x0000000000014289      0x827 build/sam_e70_xult_freertos/production/_ext/810785262/sntp.o
 .debug_line    0x0000000000014ab0      0x754 build/sam_e70_xult_freertos/production/_ext/810785262/tcpip_announce.o
 .debug_line    0x0000000000015204     0x127b build/sam_e70_xult_freertos/production/_ext/810785262/udp.o
 .debug_line    0x000000000001647f      0x87d build/sam_e70_xult_freertos/production/_ext/1730304427/net_pres.o
 .debug_line    0x0000000000016cfc      0x17e build/sam_e70_xult_freertos/production/_ext/45647770/plib_clk.o
 .debug_line    0x0000000000016e7a      0x2b5 build/sam_e70_xult_freertos/production/_ext/45646042/plib_efc.o
 .debug_line    0x000000000001712f      0x15d build/sam_e70_xult_freertos/production/_ext/45638026/plib_mpu.o
 .debug_line    0x000000000001728c      0x1b1 build/sam_e70_xult_freertos/production/_ext/1414743522/plib_nvic.o
 .debug_line    0x000000000001743d      0x221 build/sam_e70_xult_freertos/production/_ext/45635366/plib_pio.o
 .debug_line    0x000000000001765e      0x21c build/sam_e70_xult_freertos/production/_ext/1245453995/plib_tc0.o
 .debug_line    0x000000000001787a      0x32e build/sam_e70_xult_freertos/production/_ext/901805035/plib_twihs0.o
 .debug_line    0x0000000000017ba8      0x30f build/sam_e70_xult_freertos/production/_ext/901008055/plib_usart1.o
 .debug_line    0x0000000000017eb7      0x333 build/sam_e70_xult_freertos/production/_ext/762686499/sys_console.o
 .debug_line    0x00000000000181ea      0x6f9 build/sam_e70_xult_freertos/production/_ext/762686499/sys_console_uart.o
 .debug_line    0x00000000000188e3      0x61d build/sam_e70_xult_freertos/production/_ext/762686499/sys_command.o
 .debug_line    0x0000000000018f00      0x4e2 build/sam_e70_xult_freertos/production/_ext/57042178/mpfs.o
 .debug_line    0x00000000000193e2      0xbfa build/sam_e70_xult_freertos/production/_ext/805309515/sys_fs.o
 .debug_line    0x0000000000019fdc      0x676 build/sam_e70_xult_freertos/production/_ext/805309515/sys_fs_media_manager.o
 .debug_line    0x000000000001a652      0x246 build/sam_e70_xult_freertos/production/_ext/1775855163/sys_int.o
 .debug_line    0x000000000001a898      0x7d1 build/sam_e70_xult_freertos/production/_ext/912870411/sys_time.o
 .debug_line    0x000000000001b069      0x19f build/sam_e70_xult_freertos/production/_ext/231871610/sys_time_h2_adapter.o
 .debug_line    0x000000000001b208      0x5a3 build/sam_e70_xult_freertos/production/_ext/1552905064/tasks.o
 .debug_line    0x000000000001b7ab      0x996 build/sam_e70_xult_freertos/production/_ext/1552905064/initialization.o
 .debug_line    0x000000000001c141      0x417 build/sam_e70_xult_freertos/production/_ext/1552905064/interrupts.o
 .debug_line    0x000000000001c558      0x424 build/sam_e70_xult_freertos/production/_ext/1552905064/exceptions.o
 .debug_line    0x000000000001c97c      0x529 build/sam_e70_xult_freertos/production/_ext/1552905064/startup_xc32.o
 .debug_line    0x000000000001cea5      0x1cd build/sam_e70_xult_freertos/production/_ext/1552905064/freertos_hooks.o
 .debug_line    0x000000000001d072      0x26b build/sam_e70_xult_freertos/production/_ext/977623654/port.o
 .debug_line    0x000000000001d2dd      0x1ac build/sam_e70_xult_freertos/production/_ext/1665200909/heap_3.o
 .debug_line    0x000000000001d489      0x292 build/sam_e70_xult_freertos/production/_ext/404212886/list.o
 .debug_line    0x000000000001d71b      0x64d build/sam_e70_xult_freertos/production/_ext/404212886/queue.o
 .debug_line    0x000000000001dd68      0x8f4 build/sam_e70_xult_freertos/production/_ext/404212886/FreeRTOS_tasks.o
 .debug_line    0x000000000001e65c      0x2f3 build/sam_e70_xult_freertos/production/_ext/281930714/osal_freertos.o
 .debug_line    0x000000000001e94f      0x4ba build/sam_e70_xult_freertos/production/_ext/1360937237/http_net_print.o
 .debug_line    0x000000000001ee09      0x9b5 build/sam_e70_xult_freertos/production/_ext/1360937237/custom_http_net_app.o
 .debug_line    0x000000000001f7be      0x3e0 build/sam_e70_xult_freertos/production/_ext/1360937237/mpfs_net_img.o
 .debug_line    0x000000000001fb9e      0x5d5 build/sam_e70_xult_freertos/production/_ext/1360937237/app.o
 .debug_line    0x0000000000020173      0x3d7 build/sam_e70_xult_freertos/production/_ext/1360937237/main.o

.debug_str      0x0000000000000000     0x8cc6
 .debug_str     0x0000000000000000        0xe build/sam_e70_xult_freertos/production/_ext/683629640/bsp.o
 .debug_str     0x000000000000000e      0x186 build/sam_e70_xult_freertos/production/_ext/1839511917/crypto.o
 .debug_str     0x0000000000000194        0xe build/sam_e70_xult_freertos/production/_ext/1839511917/sha.o
 .debug_str     0x00000000000001a2      0x52c build/sam_e70_xult_freertos/production/_ext/1607428259/drv_ethphy.o
 .debug_str     0x00000000000006ce       0x4d build/sam_e70_xult_freertos/production/_ext/1607428259/drv_extphy_smsc8740.o
 .debug_str     0x000000000000071b      0x387 build/sam_e70_xult_freertos/production/_ext/1619526243/drv_gmac.o
 .debug_str     0x0000000000000aa2      0x13c build/sam_e70_xult_freertos/production/_ext/1619526243/drv_gmac_lib_samE7x_V7x.o
 .debug_str     0x0000000000000bde      0x1fd build/sam_e70_xult_freertos/production/_ext/1215076966/drv_memory.o
 .debug_str     0x0000000000000ddb       0x2c build/sam_e70_xult_freertos/production/_ext/1215076966/drv_memory_file_system.o
 .debug_str     0x0000000000000e07       0x8b build/sam_e70_xult_freertos/production/_ext/1215076966/drv_memory_efc.o
 .debug_str     0x0000000000000e92      0x2a8 build/sam_e70_xult_freertos/production/_ext/511568427/drv_miim.o
 .debug_str     0x000000000000113a       0x84 build/sam_e70_xult_freertos/production/_ext/502395768/sys_fs_wrapper.o
 .debug_str     0x00000000000011be       0x21 build/sam_e70_xult_freertos/production/_ext/810785262/helpers.o
 .debug_str     0x00000000000011df      0x4d1 build/sam_e70_xult_freertos/production/_ext/810785262/dns.o
 .debug_str     0x00000000000016b0      0x14e build/sam_e70_xult_freertos/production/_ext/810785262/icmp.o
 .debug_str     0x00000000000017fe      0x80a build/sam_e70_xult_freertos/production/_ext/810785262/http_net.o
 .debug_str     0x0000000000002008      0x222 build/sam_e70_xult_freertos/production/_ext/810785262/nbns.o
 .debug_str     0x000000000000222a      0x6d7 build/sam_e70_xult_freertos/production/_ext/810785262/tcp.o
 .debug_str     0x0000000000002901      0x60a build/sam_e70_xult_freertos/production/_ext/810785262/dhcp.o
 .debug_str     0x0000000000002f0b      0x4bc build/sam_e70_xult_freertos/production/_ext/810785262/arp.o
 .debug_str     0x00000000000033c7      0x5d3 build/sam_e70_xult_freertos/production/_ext/810785262/icmpv6.o
 .debug_str     0x000000000000399a      0x492 build/sam_e70_xult_freertos/production/_ext/810785262/ndp.o
 .debug_str     0x0000000000003e2c      0x8db build/sam_e70_xult_freertos/production/_ext/810785262/tcpip_commands.o
 .debug_str     0x0000000000004707      0x989 build/sam_e70_xult_freertos/production/_ext/810785262/ipv6.o
 .debug_str     0x0000000000005090      0x540 build/sam_e70_xult_freertos/production/_ext/810785262/ipv4.o
 .debug_str     0x00000000000055d0      0x63a build/sam_e70_xult_freertos/production/_ext/810785262/smtpc.o
 .debug_str     0x0000000000005c0a       0x6d build/sam_e70_xult_freertos/production/_ext/810785262/tcpip_heap_alloc.o
 .debug_str     0x0000000000005c77       0x90 build/sam_e70_xult_freertos/production/_ext/810785262/tcpip_heap_internal.o
 .debug_str     0x0000000000005d07        0xe build/sam_e70_xult_freertos/production/_ext/810785262/hash_fnv.o
 .debug_str     0x0000000000005d15       0x18 build/sam_e70_xult_freertos/production/_ext/810785262/oahash.o
 .debug_str     0x0000000000005d2d      0x11e build/sam_e70_xult_freertos/production/_ext/810785262/tcpip_helpers.o
 .debug_str     0x0000000000005e4b      0x5a0 build/sam_e70_xult_freertos/production/_ext/810785262/tcpip_manager.o
 .debug_str     0x00000000000063eb       0xfe build/sam_e70_xult_freertos/production/_ext/810785262/tcpip_notify.o
 .debug_str     0x00000000000064e9       0x21 build/sam_e70_xult_freertos/production/_ext/810785262/tcpip_packet.o
 .debug_str     0x000000000000650a      0x296 build/sam_e70_xult_freertos/production/_ext/810785262/sntp.o
 .debug_str     0x00000000000067a0      0x392 build/sam_e70_xult_freertos/production/_ext/810785262/tcpip_announce.o
 .debug_str     0x0000000000006b32      0x62e build/sam_e70_xult_freertos/production/_ext/810785262/udp.o
 .debug_str     0x0000000000007160       0xef build/sam_e70_xult_freertos/production/_ext/1730304427/net_pres.o
 .debug_str     0x000000000000724f        0xa build/sam_e70_xult_freertos/production/_ext/45647770/plib_clk.o
 .debug_str     0x0000000000007259       0x2b build/sam_e70_xult_freertos/production/_ext/45646042/plib_efc.o
 .debug_str     0x0000000000007284        0x0 build/sam_e70_xult_freertos/production/_ext/45638026/plib_mpu.o
 .debug_str     0x0000000000007284       0x28 build/sam_e70_xult_freertos/production/_ext/1414743522/plib_nvic.o
 .debug_str     0x00000000000072ac       0x46 build/sam_e70_xult_freertos/production/_ext/45635366/plib_pio.o
 .debug_str     0x00000000000072f2        0xa build/sam_e70_xult_freertos/production/_ext/1245453995/plib_tc0.o
 .debug_str     0x00000000000072fc       0x11 build/sam_e70_xult_freertos/production/_ext/901805035/plib_twihs0.o
 .debug_str     0x000000000000730d       0x10 build/sam_e70_xult_freertos/production/_ext/901008055/plib_usart1.o
 .debug_str     0x000000000000731d       0x27 build/sam_e70_xult_freertos/production/_ext/762686499/sys_console.o
 .debug_str     0x0000000000007344      0x113 build/sam_e70_xult_freertos/production/_ext/762686499/sys_console_uart.o
 .debug_str     0x0000000000007457       0xc3 build/sam_e70_xult_freertos/production/_ext/762686499/sys_command.o
 .debug_str     0x000000000000751a       0xd8 build/sam_e70_xult_freertos/production/_ext/57042178/mpfs.o
 .debug_str     0x00000000000075f2      0x161 build/sam_e70_xult_freertos/production/_ext/805309515/sys_fs.o
 .debug_str     0x0000000000007753       0xe0 build/sam_e70_xult_freertos/production/_ext/805309515/sys_fs_media_manager.o
 .debug_str     0x0000000000007833       0x10 build/sam_e70_xult_freertos/production/_ext/1775855163/sys_int.o
 .debug_str     0x0000000000007843      0x16e build/sam_e70_xult_freertos/production/_ext/912870411/sys_time.o
 .debug_str     0x00000000000079b1       0x25 build/sam_e70_xult_freertos/production/_ext/231871610/sys_time_h2_adapter.o
 .debug_str     0x00000000000079d6       0xb8 build/sam_e70_xult_freertos/production/_ext/1552905064/tasks.o
 .debug_str     0x0000000000007a8e      0x1fb build/sam_e70_xult_freertos/production/_ext/1552905064/initialization.o
 .debug_str     0x0000000000007c89       0x2c build/sam_e70_xult_freertos/production/_ext/1552905064/interrupts.o
 .debug_str     0x0000000000007cb5       0x2c build/sam_e70_xult_freertos/production/_ext/1552905064/exceptions.o
 .debug_str     0x0000000000007ce1       0xa6 build/sam_e70_xult_freertos/production/_ext/1552905064/startup_xc32.o
 .debug_str     0x0000000000007d87       0x25 build/sam_e70_xult_freertos/production/_ext/1552905064/freertos_hooks.o
 .debug_str     0x0000000000007dac       0x26 build/sam_e70_xult_freertos/production/_ext/977623654/port.o
 .debug_str     0x0000000000007dd2       0x4a build/sam_e70_xult_freertos/production/_ext/1665200909/heap_3.o
 .debug_str     0x0000000000007e1c       0x39 build/sam_e70_xult_freertos/production/_ext/404212886/list.o
 .debug_str     0x0000000000007e55      0x28d build/sam_e70_xult_freertos/production/_ext/404212886/queue.o
 .debug_str     0x00000000000080e2      0x288 build/sam_e70_xult_freertos/production/_ext/404212886/FreeRTOS_tasks.o
 .debug_str     0x000000000000836a      0x124 build/sam_e70_xult_freertos/production/_ext/281930714/osal_freertos.o
 .debug_str     0x000000000000848e       0x95 build/sam_e70_xult_freertos/production/_ext/1360937237/http_net_print.o
 .debug_str     0x0000000000008523      0x590 build/sam_e70_xult_freertos/production/_ext/1360937237/custom_http_net_app.o
 .debug_str     0x0000000000008ab3       0x2c build/sam_e70_xult_freertos/production/_ext/1360937237/mpfs_net_img.o
 .debug_str     0x0000000000008adf      0x1a2 build/sam_e70_xult_freertos/production/_ext/1360937237/app.o
 .debug_str     0x0000000000008c81       0x45 build/sam_e70_xult_freertos/production/_ext/1360937237/main.o

.comment        0x0000000000000000       0x3c
 .comment       0x0000000000000000       0x3c build/sam_e70_xult_freertos/production/_ext/683629640/bsp.o
                                         0x3d (size before relaxing)
 .comment       0x000000000000003c       0x3d build/sam_e70_xult_freertos/production/_ext/1839511917/crypto.o
 .comment       0x000000000000003c       0x3d build/sam_e70_xult_freertos/production/_ext/1839511917/sha.o
 .comment       0x000000000000003c       0x3d build/sam_e70_xult_freertos/production/_ext/1607428259/drv_ethphy.o
 .comment       0x000000000000003c       0x3d build/sam_e70_xult_freertos/production/_ext/1607428259/drv_extphy_smsc8740.o
 .comment       0x000000000000003c       0x3d build/sam_e70_xult_freertos/production/_ext/1619526243/drv_gmac.o
 .comment       0x000000000000003c       0x3d build/sam_e70_xult_freertos/production/_ext/1619526243/drv_gmac_lib_samE7x_V7x.o
 .comment       0x000000000000003c       0x3d build/sam_e70_xult_freertos/production/_ext/1215076966/drv_memory.o
 .comment       0x000000000000003c       0x3d build/sam_e70_xult_freertos/production/_ext/1215076966/drv_memory_file_system.o
 .comment       0x000000000000003c       0x3d build/sam_e70_xult_freertos/production/_ext/1215076966/drv_memory_efc.o
 .comment       0x000000000000003c       0x3d build/sam_e70_xult_freertos/production/_ext/511568427/drv_miim.o
 .comment       0x000000000000003c       0x3d build/sam_e70_xult_freertos/production/_ext/502395768/sys_fs_wrapper.o
 .comment       0x000000000000003c       0x3d build/sam_e70_xult_freertos/production/_ext/810785262/helpers.o
 .comment       0x000000000000003c       0x3d build/sam_e70_xult_freertos/production/_ext/810785262/dns.o
 .comment       0x000000000000003c       0x3d build/sam_e70_xult_freertos/production/_ext/810785262/icmp.o
 .comment       0x000000000000003c       0x3d build/sam_e70_xult_freertos/production/_ext/810785262/http_net.o
 .comment       0x000000000000003c       0x3d build/sam_e70_xult_freertos/production/_ext/810785262/nbns.o
 .comment       0x000000000000003c       0x3d build/sam_e70_xult_freertos/production/_ext/810785262/tcp.o
 .comment       0x000000000000003c       0x3d build/sam_e70_xult_freertos/production/_ext/810785262/dhcp.o
 .comment       0x000000000000003c       0x3d build/sam_e70_xult_freertos/production/_ext/810785262/arp.o
 .comment       0x000000000000003c       0x3d build/sam_e70_xult_freertos/production/_ext/810785262/icmpv6.o
 .comment       0x000000000000003c       0x3d build/sam_e70_xult_freertos/production/_ext/810785262/ndp.o
 .comment       0x000000000000003c       0x3d build/sam_e70_xult_freertos/production/_ext/810785262/tcpip_commands.o
 .comment       0x000000000000003c       0x3d build/sam_e70_xult_freertos/production/_ext/810785262/ipv6.o
 .comment       0x000000000000003c       0x3d build/sam_e70_xult_freertos/production/_ext/810785262/ipv4.o
 .comment       0x000000000000003c       0x3d build/sam_e70_xult_freertos/production/_ext/810785262/smtpc.o
 .comment       0x000000000000003c       0x3d build/sam_e70_xult_freertos/production/_ext/810785262/tcpip_heap_alloc.o
 .comment       0x000000000000003c       0x3d build/sam_e70_xult_freertos/production/_ext/810785262/tcpip_heap_internal.o
 .comment       0x000000000000003c       0x3d build/sam_e70_xult_freertos/production/_ext/810785262/hash_fnv.o
 .comment       0x000000000000003c       0x3d build/sam_e70_xult_freertos/production/_ext/810785262/oahash.o
 .comment       0x000000000000003c       0x3d build/sam_e70_xult_freertos/production/_ext/810785262/tcpip_helpers.o
 .comment       0x000000000000003c       0x3d build/sam_e70_xult_freertos/production/_ext/810785262/tcpip_manager.o
 .comment       0x000000000000003c       0x3d build/sam_e70_xult_freertos/production/_ext/810785262/tcpip_notify.o
 .comment       0x000000000000003c       0x3d build/sam_e70_xult_freertos/production/_ext/810785262/tcpip_packet.o
 .comment       0x000000000000003c       0x3d build/sam_e70_xult_freertos/production/_ext/810785262/sntp.o
 .comment       0x000000000000003c       0x3d build/sam_e70_xult_freertos/production/_ext/810785262/tcpip_announce.o
 .comment       0x000000000000003c       0x3d build/sam_e70_xult_freertos/production/_ext/810785262/udp.o
 .comment       0x000000000000003c       0x3d build/sam_e70_xult_freertos/production/_ext/1730304427/net_pres.o
 .comment       0x000000000000003c       0x3d build/sam_e70_xult_freertos/production/_ext/45647770/plib_clk.o
 .comment       0x000000000000003c       0x3d build/sam_e70_xult_freertos/production/_ext/45646042/plib_efc.o
 .comment       0x000000000000003c       0x3d build/sam_e70_xult_freertos/production/_ext/45638026/plib_mpu.o
 .comment       0x000000000000003c       0x3d build/sam_e70_xult_freertos/production/_ext/1414743522/plib_nvic.o
 .comment       0x000000000000003c       0x3d build/sam_e70_xult_freertos/production/_ext/45635366/plib_pio.o
 .comment       0x000000000000003c       0x3d build/sam_e70_xult_freertos/production/_ext/1245453995/plib_tc0.o
 .comment       0x000000000000003c       0x3d build/sam_e70_xult_freertos/production/_ext/901805035/plib_twihs0.o