Archive member included to satisfy reference by file (symbol)

/Applications/microchip/xc32/v2.15/bin/bin/../../lib/gcc/pic32c/6.2.1/../../../../pic32c/lib/v7e-m/fpv5/hard/libpic32c.a(data_init.o)
                              build/sam_e70_xult_freertos/production/_ext/1552905064/startup_xc32.o (__pic32c_data_initialization)
/Applications/microchip/xc32/v2.15/bin/bin/../../lib/gcc/pic32c/6.2.1/v7e-m/fpv5/hard/libgcc.a(_aeabi_uldivmod.o)
                              build/sam_e70_xult_freertos/production/_ext/810785262/dns.o (__aeabi_uldivmod)
/Applications/microchip/xc32/v2.15/bin/bin/../../lib/gcc/pic32c/6.2.1/v7e-m/fpv5/hard/libgcc.a(_udivmoddi4.o)
                              /Applications/microchip/xc32/v2.15/bin/bin/../../lib/gcc/pic32c/6.2.1/v7e-m/fpv5/hard/libgcc.a(_aeabi_uldivmod.o) (__udivmoddi4)
/Applications/microchip/xc32/v2.15/bin/bin/../../lib/gcc/pic32c/6.2.1/v7e-m/fpv5/hard/libgcc.a(_dvmd_tls.o)
                              /Applications/microchip/xc32/v2.15/bin/bin/../../lib/gcc/pic32c/6.2.1/v7e-m/fpv5/hard/libgcc.a(_aeabi_uldivmod.o) (__aeabi_ldiv0)
/Applications/microchip/xc32/v2.15/bin/bin/../../lib/gcc/pic32c/6.2.1/../../../../pic32c/lib/v7e-m/fpv5/hard/libc.a(lib_a-atoi.o)
                              build/sam_e70_xult_freertos/production/_ext/810785262/http_net.o (atoi)
/Applications/microchip/xc32/v2.15/bin/bin/../../lib/gcc/pic32c/6.2.1/../../../../pic32c/lib/v7e-m/fpv5/hard/libc.a(lib_a-atol.o)
                              build/sam_e70_xult_freertos/production/_ext/810785262/http_net.o (atol)
/Applications/microchip/xc32/v2.15/bin/bin/../../lib/gcc/pic32c/6.2.1/../../../../pic32c/lib/v7e-m/fpv5/hard/libc.a(lib_a-calloc.o)
                              build/sam_e70_xult_freertos/production/_ext/1552905064/initialization.o (calloc)
/Applications/microchip/xc32/v2.15/bin/bin/../../lib/gcc/pic32c/6.2.1/../../../../pic32c/lib/v7e-m/fpv5/hard/libc.a(lib_a-callocr.o)
                              /Applications/microchip/xc32/v2.15/bin/bin/../../lib/gcc/pic32c/6.2.1/../../../../pic32c/lib/v7e-m/fpv5/hard/libc.a(lib_a-calloc.o) (_calloc_r)
/Applications/microchip/xc32/v2.15/bin/bin/../../lib/gcc/pic32c/6.2.1/../../../../pic32c/lib/v7e-m/fpv5/hard/libc.a(lib_a-exit.o)
                              /Applications/microchip/xc32/v2.15/bin/bin/../../lib/gcc/pic32c/6.2.1/../../../../pic32c/lib/v7e-m/fpv5/hard/crt0.o (exit)
/Applications/microchip/xc32/v2.15/bin/bin/../../lib/gcc/pic32c/6.2.1/../../../../pic32c/lib/v7e-m/fpv5/hard/libc.a(lib_a-impure.o)
                              /Applications/microchip/xc32/v2.15/bin/bin/../../lib/gcc/pic32c/6.2.1/../../../../pic32c/lib/v7e-m/fpv5/hard/libc.a(lib_a-exit.o) (_global_impure_ptr)
/Applications/microchip/xc32/v2.15/bin/bin/../../lib/gcc/pic32c/6.2.1/../../../../pic32c/lib/v7e-m/fpv5/hard/libc.a(lib_a-init.o)
                              /Applications/microchip/xc32/v2.15/bin/bin/../../lib/gcc/pic32c/6.2.1/../../../../pic32c/lib/v7e-m/fpv5/hard/crt0.o (__libc_init_array)
/Applications/microchip/xc32/v2.15/bin/bin/../../lib/gcc/pic32c/6.2.1/../../../../pic32c/lib/v7e-m/fpv5/hard/libc.a(lib_a-locale.o)
                              build/sam_e70_xult_freertos/production/_ext/810785262/dhcp.o (__locale_ctype_ptr)
/Applications/microchip/xc32/v2.15/bin/bin/../../lib/gcc/pic32c/6.2.1/../../../../pic32c/lib/v7e-m/fpv5/hard/libc.a(lib_a-malloc.o)
                              build/sam_e70_xult_freertos/production/_ext/1552905064/initialization.o (malloc)
/Applications/microchip/xc32/v2.15/bin/bin/../../lib/gcc/pic32c/6.2.1/../../../../pic32c/lib/v7e-m/fpv5/hard/libc.a(lib_a-mallocr.o)
                              /Applications/microchip/xc32/v2.15/bin/bin/../../lib/gcc/pic32c/6.2.1/../../../../pic32c/lib/v7e-m/fpv5/hard/libc.a(lib_a-callocr.o) (_malloc_r)
/Applications/microchip/xc32/v2.15/bin/bin/../../lib/gcc/pic32c/6.2.1/../../../../pic32c/lib/v7e-m/fpv5/hard/libc.a(lib_a-mbtowc_r.o)
                              /Applications/microchip/xc32/v2.15/bin/bin/../../lib/gcc/pic32c/6.2.1/../../../../pic32c/lib/v7e-m/fpv5/hard/libc.a(lib_a-locale.o) (__ascii_mbtowc)
/Applications/microchip/xc32/v2.15/bin/bin/../../lib/gcc/pic32c/6.2.1/../../../../pic32c/lib/v7e-m/fpv5/hard/libc.a(lib_a-memcmp.o)
                              build/sam_e70_xult_freertos/production/_ext/810785262/http_net.o (memcmp)
/Applications/microchip/xc32/v2.15/bin/bin/../../lib/gcc/pic32c/6.2.1/../../../../pic32c/lib/v7e-m/fpv5/hard/libc.a(lib_a-memcpy.o)
                              build/sam_e70_xult_freertos/production/_ext/810785262/dns.o (memcpy)
/Applications/microchip/xc32/v2.15/bin/bin/../../lib/gcc/pic32c/6.2.1/../../../../pic32c/lib/v7e-m/fpv5/hard/libc.a(lib_a-memset.o)
                              /Applications/microchip/xc32/v2.15/bin/bin/../../lib/gcc/pic32c/6.2.1/../../../../pic32c/lib/v7e-m/fpv5/hard/crt0.o (memset)
/Applications/microchip/xc32/v2.15/bin/bin/../../lib/gcc/pic32c/6.2.1/../../../../pic32c/lib/v7e-m/fpv5/hard/libc.a(lib_a-mlock.o)
[...]
Memory Configuration

Name             Origin             Length             Attributes
rom              0x0000000000400000 0x0000000000200000 xr
ram              0x0000000020400000 0x0000000000060000 xrw
itcm             0x0000000000000000 0x0000000000000000 xrw
dtcm             0x0000000020000000 0x0000000000000000 xrw
*default*        0x0000000000000000 0xffffffffffffffff
tcm              0x0000000000000000 0xffffffffffffffff

Linker script and memory map

LOAD /Applications/microchip/xc32/v2.15/bin/bin/../../lib/gcc/pic32c/6.2.1/v7e-m/fpv5/hard/crti.o
LOAD /Applications/microchip/xc32/v2.15/bin/bin/../../lib/gcc/pic32c/6.2.1/v7e-m/fpv5/hard/crtbegin.o
LOAD /Applications/microchip/xc32/v2.15/bin/bin/../../lib/gcc/pic32c/6.2.1/../../../../pic32c/lib/v7e-m/fpv5/hard/crt0.o
LOAD build/sam_e70_xult_freertos/production/_ext/810785262/dns.o
LOAD build/sam_e70_xult_freertos/production/_ext/502395768/sys_fs_wrapper.o
LOAD build/sam_e70_xult_freertos/production/_ext/810785262/icmp.o
LOAD build/sam_e70_xult_freertos/production/_ext/1215076966/drv_memory.o
LOAD build/sam_e70_xult_freertos/production/_ext/1215076966/drv_memory_file_system.o
LOAD build/sam_e70_xult_freertos/production/_ext/810785262/http_net.o
LOAD build/sam_e70_xult_freertos/production/_ext/1360937237/http_net_print.o
LOAD build/sam_e70_xult_freertos/production/_ext/1360937237/custom_http_net_app.o
LOAD build/sam_e70_xult_freertos/production/_ext/1360937237/mpfs_net_img.o
LOAD build/sam_e70_xult_freertos/production/_ext/810785262/nbns.o
LOAD build/sam_e70_xult_freertos/production/_ext/810785262/tcp.o
LOAD build/sam_e70_xult_freertos/production/_ext/45646042/plib_efc.o
LOAD build/sam_e70_xult_freertos/production/_ext/810785262/dhcp.o
LOAD build/sam_e70_xult_freertos/production/_ext/810785262/arp.o
LOAD build/sam_e70_xult_freertos/production/_ext/810785262/icmpv6.o
LOAD build/sam_e70_xult_freertos/production/_ext/1245453995/plib_tc0.o
LOAD build/sam_e70_xult_freertos/production/_ext/912870411/sys_time.o
LOAD build/sam_e70_xult_freertos/production/_ext/810785262/ndp.o
LOAD build/sam_e70_xult_freertos/production/_ext/683629640/bsp.o
LOAD build/sam_e70_xult_freertos/production/_ext/810785262/tcpip_commands.o
LOAD build/sam_e70_xult_freertos/production/_ext/1215076966/drv_memory_efc.o
LOAD build/sam_e70_xult_freertos/production/_ext/810785262/ipv6.o
LOAD build/sam_e70_xult_freertos/production/_ext/1730304427/net_pres.o
LOAD build/sam_e70_xult_freertos/production/_ext/434362710/net_pres_enc_glue.o
LOAD build/sam_e70_xult_freertos/production/_ext/810785262/ipv4.o
LOAD build/sam_e70_xult_freertos/production/_ext/901008055/plib_usart1.o
LOAD build/sam_e70_xult_freertos/production/_ext/810785262/smtpc.o
LOAD build/sam_e70_xult_freertos/production/_ext/1775855163/sys_int.o
LOAD build/sam_e70_xult_freertos/production/_ext/992551865/sys_cache.o
LOAD build/sam_e70_xult_freertos/production/_ext/281930714/osal_freertos.o
LOAD build/sam_e70_xult_freertos/production/_ext/1360937237/app.o
LOAD build/sam_e70_xult_freertos/production/_ext/1552905064/tasks.o
LOAD build/sam_e70_xult_freertos/production/_ext/810785262/tcpip_heap_alloc.o
LOAD build/sam_e70_xult_freertos/production/_ext/810785262/tcpip_heap_internal.o
LOAD build/sam_e70_xult_freertos/production/_ext/810785262/helpers.o
LOAD build/sam_e70_xult_freertos/production/_ext/810785262/hash_fnv.o
LOAD build/sam_e70_xult_freertos/production/_ext/810785262/oahash.o
LOAD build/sam_e70_xult_freertos/production/_ext/810785262/tcpip_helpers.o
LOAD build/sam_e70_xult_freertos/production/_ext/810785262/tcpip_manager.o
LOAD build/sam_e70_xult_freertos/production/_ext/810785262/tcpip_notify.o
LOAD build/sam_e70_xult_freertos/production/_ext/810785262/tcpip_packet.o
LOAD build/sam_e70_xult_freertos/production/_ext/231871610/sys_time_h2_adapter.o
LOAD build/sam_e70_xult_freertos/production/_ext/1619526243/drv_gmac.o
LOAD build/sam_e70_xult_freertos/production/_ext/1619526243/drv_gmac_lib_samE7x_V7x.o
LOAD build/sam_e70_xult_freertos/production/_ext/1360937237/main.o
LOAD build/sam_e70_xult_freertos/production/_ext/1552905064/initialization.o
LOAD build/sam_e70_xult_freertos/production/_ext/1552905064/interrupts.o
LOAD build/sam_e70_xult_freertos/production/_ext/1552905064/exceptions.o
LOAD build/sam_e70_xult_freertos/production/_ext/146190766/xc32_monitor.o
LOAD build/sam_e70_xult_freertos/production/_ext/45647770/plib_clk.o
LOAD build/sam_e70_xult_freertos/production/_ext/45635366/plib_pio.o
LOAD build/sam_e70_xult_freertos/production/_ext/1414743522/plib_nvic.o
LOAD build/sam_e70_xult_freertos/production/_ext/45638026/plib_mpu.o
LOAD build/sam_e70_xult_freertos/production/_ext/1552905064/startup_xc32.o
LOAD build/sam_e70_xult_freertos/production/_ext/1552905064/libc_syscalls.o
LOAD build/sam_e70_xult_freertos/production/_ext/810785262/sntp.o
LOAD build/sam_e70_xult_freertos/production/_ext/810785262/tcpip_announce.o
LOAD build/sam_e70_xult_freertos/production/_ext/810785262/udp.o
LOAD build/sam_e70_xult_freertos/production/_ext/511568427/drv_miim.o
LOAD build/sam_e70_xult_freertos/production/_ext/1607428259/drv_ethphy.o
LOAD build/sam_e70_xult_freertos/production/_ext/1607428259/drv_extphy_smsc8740.o
LOAD build/sam_e70_xult_freertos/production/_ext/805309515/sys_fs.o
LOAD build/sam_e70_xult_freertos/production/_ext/805309515/sys_fs_media_manager.o
LOAD build/sam_e70_xult_freertos/production/_ext/928355007/ff.o
LOAD build/sam_e70_xult_freertos/production/_ext/928355007/diskio.o
LOAD build/sam_e70_xult_freertos/production/_ext/57042178/mpfs.o
LOAD build/sam_e70_xult_freertos/production/_ext/762686499/sys_console.o
LOAD build/sam_e70_xult_freertos/production/_ext/762686499/sys_console_uart.o
LOAD build/sam_e70_xult_freertos/production/_ext/762686499/sys_command.o
LOAD build/sam_e70_xult_freertos/production/_ext/1839511917/crypto.o
LOAD build/sam_e70_xult_freertos/production/_ext/1839511917/aes.o
LOAD build/sam_e70_xult_freertos/production/_ext/1839511917/arc4.o
LOAD build/sam_e70_xult_freertos/production/_ext/1839511917/asm.o
LOAD build/sam_e70_xult_freertos/production/_ext/1839511917/asn.o
LOAD build/sam_e70_xult_freertos/production/_ext/1839511917/async.o
LOAD build/sam_e70_xult_freertos/production/_ext/1839511917/camellia.o
LOAD build/sam_e70_xult_freertos/production/_ext/1839511917/chacha.o
LOAD build/sam_e70_xult_freertos/production/_ext/1839511917/chacha20_poly1305.o
LOAD build/sam_e70_xult_freertos/production/_ext/1839511917/cmac.o
LOAD build/sam_e70_xult_freertos/production/_ext/1839511917/coding.o
LOAD build/sam_e70_xult_freertos/production/_ext/1839511917/compress.o
LOAD build/sam_e70_xult_freertos/production/_ext/1839511917/curve25519.o
LOAD build/sam_e70_xult_freertos/production/_ext/1839511917/dh.o
LOAD build/sam_e70_xult_freertos/production/_ext/1839511917/dsa.o
LOAD build/sam_e70_xult_freertos/production/_ext/1839511917/ed25519.o
LOAD build/sam_e70_xult_freertos/production/_ext/1839511917/error.o
LOAD build/sam_e70_xult_freertos/production/_ext/1839511917/fe_low_mem.o
LOAD build/sam_e70_xult_freertos/production/_ext/1839511917/fe_operations.o
LOAD build/sam_e70_xult_freertos/production/_ext/1839511917/ge_low_mem.o
LOAD build/sam_e70_xult_freertos/production/_ext/1839511917/ge_operations.o
LOAD build/sam_e70_xult_freertos/production/_ext/1839511917/hash.o
LOAD build/sam_e70_xult_freertos/production/_ext/1839511917/hc128.o
LOAD build/sam_e70_xult_freertos/production/_ext/1839511917/hmac.o
LOAD build/sam_e70_xult_freertos/production/_ext/1839511917/idea.o
LOAD build/sam_e70_xult_freertos/production/_ext/1839511917/integer.o
LOAD build/sam_e70_xult_freertos/production/_ext/1839511917/logging.o
LOAD build/sam_e70_xult_freertos/production/_ext/1839511917/md2.o
LOAD build/sam_e70_xult_freertos/production/_ext/1839511917/md4.o
LOAD build/sam_e70_xult_freertos/production/_ext/1839511917/memory.o
LOAD build/sam_e70_xult_freertos/production/_ext/1839511917/misc.o
LOAD build/sam_e70_xult_freertos/production/_ext/1839511917/pkcs12.o
LOAD build/sam_e70_xult_freertos/production/_ext/1839511917/pkcs7.o
LOAD build/sam_e70_xult_freertos/production/_ext/1839511917/poly1305.o
LOAD build/sam_e70_xult_freertos/production/_ext/1839511917/pwdbased.o
LOAD build/sam_e70_xult_freertos/production/_ext/1839511917/rabbit.o
LOAD build/sam_e70_xult_freertos/production/_ext/1839511917/random.o
LOAD build/sam_e70_xult_freertos/production/_ext/1839511917/ripemd.o
LOAD build/sam_e70_xult_freertos/production/_ext/1839511917/sha.o
LOAD build/sam_e70_xult_freertos/production/_ext/1839511917/sha256.o
LOAD build/sam_e70_xult_freertos/production/_ext/1839511917/sha3.o
LOAD build/sam_e70_xult_freertos/production/_ext/1839511917/signature.o
LOAD build/sam_e70_xult_freertos/production/_ext/1839511917/sha512.o
LOAD build/sam_e70_xult_freertos/production/_ext/1839511917/srp.o
LOAD build/sam_e70_xult_freertos/production/_ext/1839511917/tfm.o
LOAD build/sam_e70_xult_freertos/production/_ext/1839511917/wc_encrypt.o
LOAD build/sam_e70_xult_freertos/production/_ext/1839511917/wc_pkcs11.o
LOAD build/sam_e70_xult_freertos/production/_ext/1839511917/wc_port.o
LOAD build/sam_e70_xult_freertos/production/_ext/1839511917/wolfevent.o
LOAD build/sam_e70_xult_freertos/production/_ext/1839511917/wolfmath.o
LOAD build/sam_e70_xult_freertos/production/_ext/1839511917/des3.o
LOAD build/sam_e70_xult_freertos/production/_ext/1839511917/md5.o
LOAD build/sam_e70_xult_freertos/production/_ext/2081623138/adler32.o
LOAD build/sam_e70_xult_freertos/production/_ext/2081623138/crc32.o
LOAD build/sam_e70_xult_freertos/production/_ext/2081623138/deflate.o
LOAD build/sam_e70_xult_freertos/production/_ext/2081623138/inflate.o
LOAD build/sam_e70_xult_freertos/production/_ext/2081623138/trees.o
LOAD build/sam_e70_xult_freertos/production/_ext/2081623138/zutil.o
LOAD build/sam_e70_xult_freertos/production/_ext/2081623138/inftrees.o
LOAD build/sam_e70_xult_freertos/production/_ext/2081623138/inffast.o
LOAD build/sam_e70_xult_freertos/production/_ext/1839511917/rsa.o
LOAD build/sam_e70_xult_freertos/production/_ext/1839511917/ecc.o
LOAD build/sam_e70_xult_freertos/production/_ext/1839511917/ecc_fp.o
LOAD build/sam_e70_xult_freertos/production/_ext/1552905064/freertos_hooks.o
LOAD build/sam_e70_xult_freertos/production/_ext/404212886/croutine.o
LOAD build/sam_e70_xult_freertos/production/_ext/404212886/list.o
LOAD build/sam_e70_xult_freertos/production/_ext/404212886/queue.o
LOAD build/sam_e70_xult_freertos/production/_ext/404212886/FreeRTOS_tasks.o
LOAD build/sam_e70_xult_freertos/production/_ext/404212886/timers.o
LOAD build/sam_e70_xult_freertos/production/_ext/404212886/event_groups.o
LOAD build/sam_e70_xult_freertos/production/_ext/404212886/stream_buffer.o
LOAD build/sam_e70_xult_freertos/production/_ext/1665200909/heap_3.o
LOAD build/sam_e70_xult_freertos/production/_ext/977623654/port.o
                0x0000000000000001                __MPLAB_BUILD = 0x1
                0x0000000000019a00                _min_heap_size = 0x19a00
START GROUP
LOAD /Applications/microchip/xc32/v2.15/bin/bin/../../lib/gcc/pic32c/6.2.1/../../../../pic32c/lib/v7e-m/fpv5/hard/libpic32c.a
LOAD /Applications/microchip/xc32/v2.15/bin/bin/../../lib/gcc/pic32c/6.2.1/v7e-m/fpv5/hard/libgcc.a
LOAD /Applications/microchip/xc32/v2.15/bin/bin/../../lib/gcc/pic32c/6.2.1/../../../../pic32c/lib/v7e-m/fpv5/hard/libc.a
LOAD /Applications/microchip/xc32/v2.15/bin/bin/../../lib/gcc/pic32c/6.2.1/../../../../pic32c/lib/v7e-m/fpv5/hard/libm.a
END GROUP
LOAD /Applications/microchip/xc32/v2.15/bin/bin/../../lib/gcc/pic32c/6.2.1/v7e-m/fpv5/hard/crtend.o
LOAD /Applications/microchip/xc32/v2.15/bin/bin/../../lib/gcc/pic32c/6.2.1/v7e-m/fpv5/hard/crtn.o
                0x0000000000600000                __rom_end = (ORIGIN (rom) + LENGTH (rom))
                0x0000000020460000                __ram_end = (ORIGIN (ram) + LENGTH (ram))

.vectors        0x0000000000400000      0x168
                0x0000000000400000                . = ALIGN (0x4)
                0x0000000000400000                _sfixed = .
 *(.vectors .vectors.* .vectors_default .vectors_default.*)
 .vectors       0x0000000000400000      0x168 build/sam_e70_xult_freertos/production/_ext/1552905064/interrupts.o
                0x0000000000400000                exception_table
 *(.isr_vector)
 *(.reset*)
 *(.after_vectors)

.text           0x0000000000400168       0x24
                0x0000000000400168                . = ALIGN (0x4)
 *(.glue_7t)
 .glue_7t       0x0000000000400168        0x0 linker stubs
 *(.glue_7)
 .glue_7        0x0000000000400168        0x0 linker stubs
 *(.gnu.linkonce.r.*)
 *(.ARM.extab* .gnu.linkonce.armextab.*)
                0x0000000000400168                . = ALIGN (0x4)
 *(.init)
 .init          0x0000000000400168        0x4 /Applications/microchip/xc32/v2.15/bin/bin/../../lib/gcc/pic32c/6.2.1/v7e-m/fpv5/hard/crti.o
                0x0000000000400168                _init
 .init          0x000000000040016c        0x8 /Applications/microchip/xc32/v2.15/bin/bin/../../lib/gcc/pic32c/6.2.1/v7e-m/fpv5/hard/crtn.o
                0x0000000000400174                . = ALIGN (0x4)
                0x0000000000400174                __preinit_array_start = .
 *(.preinit_array)
                0x0000000000400174                __preinit_array_end = .
                0x0000000000400174                . = ALIGN (0x4)
                0x0000000000400174                __init_array_start = .
 *(SORT(.init_array.*))
 .init_array.00000
                0x0000000000400174        0x4 /Applications/microchip/xc32/v2.15/bin/bin/../../lib/gcc/pic32c/6.2.1/../../../../pic32c/lib/v7e-m/fpv5/hard/libc.a(lib_a-__call_atexit.o)
 *(.init_array)
 .init_array    0x0000000000400178        0x4 /Applications/microchip/xc32/v2.15/bin/bin/../../lib/gcc/pic32c/6.2.1/v7e-m/fpv5/hard/crtbegin.o
                0x000000000040017c                __init_array_end = .
                0x000000000040017c                . = ALIGN (0x4)
 *crtbegin.o(.ctors)
 *(EXCLUDE_FILE(*crtend.o) .ctors)
 *(SORT(.ctors.*))
 *crtend.o(.ctors)
                0x000000000040017c                . = ALIGN (0x4)
 *(.fini)
 .fini          0x000000000040017c        0x4 /Applications/microchip/xc32/v2.15/bin/bin/../../lib/gcc/pic32c/6.2.1/v7e-m/fpv5/hard/crti.o
                0x000000000040017c                _fini
 .fini          0x0000000000400180        0x8 /Applications/microchip/xc32/v2.15/bin/bin/../../lib/gcc/pic32c/6.2.1/v7e-m/fpv5/hard/crtn.o
                0x0000000000400188                . = ALIGN (0x4)
                0x0000000000400188                __fini_array_start = .
 *(.fini_array)
 .fini_array    0x0000000000400188        0x4 /Applications/microchip/xc32/v2.15/bin/bin/../../lib/gcc/pic32c/6.2.1/v7e-m/fpv5/hard/crtbegin.o
 *(SORT(.fini_array.*))
                0x000000000040018c                __fini_array_end = .
 *crtbegin.o(.dtors)
 *(EXCLUDE_FILE(*crtend.o) .dtors)
 *(SORT(.dtors.*))
 *crtend.o(.dtors)
                0x000000000040018c                . = ALIGN (0x4)
                0x000000000040018c                _efixed = .
                [!provide]                        PROVIDE (__exidx_start, .)

.ARM.exidx      0x000000000040018c        0x8
 *(.ARM.exidx* .gnu.linkonce.armexidx.*)
 .ARM.exidx     0x000000000040018c        0x8 /Applications/microchip/xc32/v2.15/bin/bin/../../lib/gcc/pic32c/6.2.1/v7e-m/fpv5/hard/libgcc.a(_udivmoddi4.o)
                [!provide]                        PROVIDE (__exidx_end, .)
                0x0000000000400194                . = ALIGN (0x4)
                0x0000000000400194                _etext = .

.bss            0x0000000020400000     0x2400
                0x0000000020400000                . = ALIGN (0x4)
                0x0000000020400000                __bss_start__ = .
                0x0000000020400000                _sbss = .
                0x0000000020400000                _szero = .
 *(COMMON)
 COMMON         0x0000000020400000        0x8 build/sam_e70_xult_freertos/production/_ext/45646042/plib_efc.o
                0x0000000020400000                efc
 COMMON         0x0000000020400008        0x8 build/sam_e70_xult_freertos/production/_ext/1245453995/plib_tc0.o
                0x0000000020400008                TC0_CH0_CallbackObj
 COMMON         0x0000000020400010        0x4 build/sam_e70_xult_freertos/production/_ext/1215076966/drv_memory_efc.o
                0x0000000020400010                efcEventHandler
 COMMON         0x0000000020400014      0x31c build/sam_e70_xult_freertos/production/_ext/1730304427/net_pres.o
                0x0000000020400014                sNetPresData
                0x0000000020400240                sNetPresSockets
 COMMON         0x0000000020400330       0x30 build/sam_e70_xult_freertos/production/_ext/901008055/plib_usart1.o
                0x0000000020400330                usart1Obj
 COMMON         0x0000000020400360        0x8 build/sam_e70_xult_freertos/production/_ext/1360937237/app.o
                0x0000000020400360                appData
 COMMON         0x0000000020400368        0x4 build/sam_e70_xult_freertos/production/_ext/1552905064/tasks.o
                0x0000000020400368                xAPP_Tasks
 COMMON         0x000000002040036c       0x18 build/sam_e70_xult_freertos/production/_ext/1552905064/initialization.o
                0x000000002040036c                sysObj
 *fill*         0x0000000020400384       0x1c 
 COMMON         0x00000000204003a0     0x1df8 build/sam_e70_xult_freertos/production/_ext/805309515/sys_fs.o
                0x00000000204003a0                gSysFsMutex
                0x00000000204003c0                gSYSFSFileObj
                0x0000000020401fe0                gSYSFSDirObj
                0x0000000020402170                gSYSFSCurrentMountPoint
                0x0000000020402178                gSYSFSObj
                0x0000000020402180                errorValue
                0x0000000020402184                gSYSFSMountPoint
 *fill*         0x0000000020402198        0x8 
 COMMON         0x00000000204021a0      0x25c build/sam_e70_xult_freertos/production/_ext/805309515/sys_fs_media_manager.o
                0x00000000204021a0                gSYSFSMediaObject
                0x00000000204021c8                VolToPart
                0x00000000204021e0                gSYSFSMediaBuffer
                0x00000000204023e0                gSYSFSVolumeObject
 COMMON         0x00000000204023fc        0x4 /Applications/microchip/xc32/v2.15/bin/bin/../../lib/gcc/pic32c/6.2.1/../../../../pic32c/lib/v7e-m/fpv5/hard/libc.a(lib_a-reent.o)
                0x00000000204023fc                errno
                0x0000000020402400                . = ALIGN (0x4)
                0x0000000020402400                __bss_end__ = .
                0x0000000020402400                _ebss = .
                0x0000000020402400                _ezero = .
                0x0000000020402400                . = ALIGN (0x4)
                0x0000000020402400                _end = .
                0x000000002045ffff                _ram_end_ = ((ORIGIN (ram) + LENGTH (ram)) - 0x1)
OUTPUT(dist/sam_e70_xult_freertos/production/sam_e70_xult_freertos.X.production.elf elf32-littlearm)
LOAD stack
LOAD data_init

.ARM.attributes
                0x0000000000000000       0x2e
 .ARM.attributes
                0x0000000000000000       0x20 /Applications/microchip/xc32/v2.15/bin/bin/../../lib/gcc/pic32c/6.2.1/v7e-m/fpv5/hard/crti.o
 .ARM.attributes
                0x0000000000000020       0x32 /Applications/microchip/xc32/v2.15/bin/bin/../../lib/gcc/pic32c/6.2.1/v7e-m/fpv5/hard/crtbegin.o
 .ARM.attributes
                0x0000000000000052       0x37 build/sam_e70_xult_freertos/production/_ext/810785262/dns.o
 .ARM.attributes
                0x0000000000000089       0x37 build/sam_e70_xult_freertos/production/_ext/502395768/sys_fs_wrapper.o
 .ARM.attributes
                0x00000000000000c0       0x37 build/sam_e70_xult_freertos/production/_ext/810785262/icmp.o
 .ARM.attributes
                0x00000000000000f7       0x37 build/sam_e70_xult_freertos/production/_ext/1215076966/drv_memory.o
 .ARM.attributes
                0x000000000000012e       0x37 build/sam_e70_xult_freertos/production/_ext/1215076966/drv_memory_file_system.o
 .ARM.attributes
                0x0000000000000165       0x37 build/sam_e70_xult_freertos/production/_ext/810785262/http_net.o
 .ARM.attributes
                0x000000000000019c       0x37 build/sam_e70_xult_freertos/production/_ext/1360937237/http_net_print.o
 .ARM.attributes
                0x00000000000001d3       0x37 build/sam_e70_xult_freertos/production/_ext/1360937237/custom_http_net_app.o
 .ARM.attributes
                0x000000000000020a       0x37 build/sam_e70_xult_freertos/production/_ext/1360937237/mpfs_net_img.o
 .ARM.attributes
                0x0000000000000241       0x37 build/sam_e70_xult_freertos/production/_ext/810785262/nbns.o
 .ARM.attributes
                0x0000000000000278       0x37 build/sam_e70_xult_freertos/production/_ext/810785262/tcp.o
 .ARM.attributes
                0x00000000000002af       0x37 build/sam_e70_xult_freertos/production/_ext/45646042/plib_efc.o
 .ARM.attributes
                0x00000000000002e6       0x37 build/sam_e70_xult_freertos/production/_ext/810785262/dhcp.o
 .ARM.attributes
                0x000000000000031d       0x37 build/sam_e70_xult_freertos/production/_ext/810785262/arp.o
 .ARM.attributes
                0x0000000000000354       0x37 build/sam_e70_xult_freertos/production/_ext/810785262/icmpv6.o
 .ARM.attributes
                0x000000000000038b       0x37 build/sam_e70_xult_freertos/production/_ext/1245453995/plib_tc0.o
 .ARM.attributes
                0x00000000000003c2       0x37 build/sam_e70_xult_freertos/production/_ext/912870411/sys_time.o
 .ARM.attributes
                0x00000000000003f9       0x37 build/sam_e70_xult_freertos/production/_ext/810785262/ndp.o
 .ARM.attributes
                0x0000000000000430       0x37 build/sam_e70_xult_freertos/production/_ext/683629640/bsp.o
 .ARM.attributes
                0x0000000000000467       0x37 build/sam_e70_xult_freertos/production/_ext/810785262/tcpip_commands.o
 .ARM.attributes
                0x000000000000049e       0x37 build/sam_e70_xult_freertos/production/_ext/1215076966/drv_memory_efc.o
 .ARM.attributes
                0x00000000000004d5       0x37 build/sam_e70_xult_freertos/production/_ext/810785262/ipv6.o
 .ARM.attributes
                0x000000000000050c       0x37 build/sam_e70_xult_freertos/production/_ext/1730304427/net_pres.o
 .ARM.attributes
                0x0000000000000543       0x37 build/sam_e70_xult_freertos/production/_ext/810785262/ipv4.o
 .ARM.attributes
                0x000000000000057a       0x37 build/sam_e70_xult_freertos/production/_ext/901008055/plib_usart1.o
 .ARM.attributes
                0x00000000000005b1       0x37 build/sam_e70_xult_freertos/production/_ext/810785262/smtpc.o
 .ARM.attributes
                0x00000000000005e8       0x37 build/sam_e70_xult_freertos/production/_ext/1775855163/sys_int.o
 .ARM.attributes
                0x000000000000061f       0x37 build/sam_e70_xult_freertos/production/_ext/281930714/osal_freertos.o
 .ARM.attributes
                0x0000000000000656       0x37 build/sam_e70_xult_freertos/production/_ext/1360937237/app.o
 .ARM.attributes
                0x000000000000068d       0x37 build/sam_e70_xult_freertos/production/_ext/1552905064/tasks.o
 .ARM.attributes
                0x00000000000006c4       0x37 build/sam_e70_xult_freertos/production/_ext/810785262/tcpip_heap_alloc.o
 .ARM.attributes
                0x00000000000006fb       0x37 build/sam_e70_xult_freertos/production/_ext/810785262/tcpip_heap_internal.o
 .ARM.attributes
                0x0000000000000732       0x37 build/sam_e70_xult_freertos/production/_ext/810785262/helpers.o
 .ARM.attributes
                0x0000000000000769       0x37 build/sam_e70_xult_freertos/production/_ext/810785262/hash_fnv.o
 .ARM.attributes
                0x00000000000007a0       0x37 build/sam_e70_xult_freertos/production/_ext/810785262/oahash.o
 .ARM.attributes
                0x00000000000007d7       0x37 build/sam_e70_xult_freertos/production/_ext/810785262/tcpip_helpers.o
 .ARM.attributes
                0x000000000000080e       0x37 build/sam_e70_xult_freertos/production/_ext/810785262/tcpip_manager.o
 .ARM.attributes
                0x0000000000000845       0x37 build/sam_e70_xult_freertos/production/_ext/810785262/tcpip_notify.o
 .ARM.attributes
                0x000000000000087c       0x37 build/sam_e70_xult_freertos/production/_ext/810785262/tcpip_packet.o
 .ARM.attributes
                0x00000000000008b3       0x37 build/sam_e70_xult_freertos/production/_ext/231871610/sys_time_h2_adapter.o
 .ARM.attributes
                0x00000000000008ea       0x37 build/sam_e70_xult_freertos/production/_ext/1619526243/drv_gmac.o
 .ARM.attributes
                0x0000000000000921       0x37 build/sam_e70_xult_freertos/production/_ext/1619526243/drv_gmac_lib_samE7x_V7x.o
 .ARM.attributes
                0x0000000000000958       0x37 build/sam_e70_xult_freertos/production/_ext/1360937237/main.o
 .ARM.attributes
                0x000000000000098f       0x37 build/sam_e70_xult_freertos/production/_ext/1552905064/initialization.o
 .ARM.attributes
                0x00000000000009c6       0x37 build/sam_e70_xult_freertos/production/_ext/1552905064/interrupts.o
 .ARM.attributes
                0x00000000000009fd       0x37 build/sam_e70_xult_freertos/production/_ext/1552905064/exceptions.o
 .ARM.attributes
                0x0000000000000a34       0x37 build/sam_e70_xult_freertos/production/_ext/45647770/plib_clk.o
 .ARM.attributes
                0x0000000000000a6b       0x37 build/sam_e70_xult_freertos/production/_ext/45635366/plib_pio.o
 .ARM.attributes
                0x0000000000000aa2       0x37 build/sam_e70_xult_freertos/production/_ext/1414743522/plib_nvic.o
 .ARM.attributes
                0x0000000000000ad9       0x37 build/sam_e70_xult_freertos/production/_ext/45638026/plib_mpu.o
 .ARM.attributes
                0x0000000000000b10       0x37 build/sam_e70_xult_freertos/production/_ext/1552905064/startup_xc32.o
 .ARM.attributes
                0x0000000000000b47       0x37 build/sam_e70_xult_freertos/production/_ext/810785262/sntp.o
 .ARM.attributes
                0x0000000000000b7e       0x37 build/sam_e70_xult_freertos/production/_ext/810785262/tcpip_announce.o
 .ARM.attributes
                0x0000000000000bb5       0x37 build/sam_e70_xult_freertos/production/_ext/810785262/udp.o
 .ARM.attributes
                0x0000000000000bec       0x37 build/sam_e70_xult_freertos/production/_ext/511568427/drv_miim.o
 .ARM.attributes
                0x0000000000000c23       0x37 build/sam_e70_xult_freertos/production/_ext/1607428259/drv_ethphy.o
 .ARM.attributes
                0x0000000000000c5a       0x37 build/sam_e70_xult_freertos/production/_ext/1607428259/drv_extphy_smsc8740.o
 .ARM.attributes
                0x0000000000000c91       0x37 build/sam_e70_xult_freertos/production/_ext/805309515/sys_fs.o
 .ARM.attributes
                0x0000000000000cc8       0x37 build/sam_e70_xult_freertos/production/_ext/805309515/sys_fs_media_manager.o
 .ARM.attributes
                0x0000000000000cff       0x37 build/sam_e70_xult_freertos/production/_ext/57042178/mpfs.o
 .ARM.attributes
                0x0000000000000d36       0x37 build/sam_e70_xult_freertos/production/_ext/762686499/sys_console.o
 .ARM.attributes
                0x0000000000000d6d       0x37 build/sam_e70_xult_freertos/production/_ext/762686499/sys_console_uart.o
 .ARM.attributes
                0x0000000000000da4       0x37 build/sam_e70_xult_freertos/production/_ext/762686499/sys_command.o
 .ARM.attributes
                0x0000000000000ddb       0x37 build/sam_e70_xult_freertos/production/_ext/1839511917/crypto.o
 .ARM.attributes
                0x0000000000000e12       0x37 build/sam_e70_xult_freertos/production/_ext/1839511917/sha.o
 .ARM.attributes
                0x0000000000000e49       0x37 build/sam_e70_xult_freertos/production/_ext/1552905064/freertos_hooks.o
 .ARM.attributes
                0x0000000000000e80       0x37 build/sam_e70_xult_freertos/production/_ext/404212886/list.o
 .ARM.attributes
                0x0000000000000eb7       0x37 build/sam_e70_xult_freertos/production/_ext/404212886/queue.o
 .ARM.attributes
                0x0000000000000eee       0x37 build/sam_e70_xult_freertos/production/_ext/404212886/FreeRTOS_tasks.o
 .ARM.attributes
                0x0000000000000f25       0x37 build/sam_e70_xult_freertos/production/_ext/1665200909/heap_3.o
 .ARM.attributes
                0x0000000000000f5c       0x37 build/sam_e70_xult_freertos/production/_ext/977623654/port.o
 .ARM.attributes
                0x0000000000000f93       0x32 /Applications/microchip/xc32/v2.15/bin/bin/../../lib/gcc/pic32c/6.2.1/../../../../pic32c/lib/v7e-m/fpv5/hard/libpic32c.a(data_init.o)
 .ARM.attributes
                0x0000000000000fc5       0x20 /Applications/microchip/xc32/v2.15/bin/bin/../../lib/gcc/pic32c/6.2.1/v7e-m/fpv5/hard/libgcc.a(_aeabi_uldivmod.o)
 .ARM.attributes
                0x0000000000000fe5       0x32 /Applications/microchip/xc32/v2.15/bin/bin/../../lib/gcc/pic32c/6.2.1/v7e-m/fpv5/hard/libgcc.a(_udivmoddi4.o)
 .ARM.attributes
                0x0000000000001017       0x20 /Applications/microchip/xc32/v2.15/bin/bin/../../lib/gcc/pic32c/6.2.1/v7e-m/fpv5/hard/libgcc.a(_dvmd_tls.o)
 .ARM.attributes
                0x0000000000001037       0x32 /Applications/microchip/xc32/v2.15/bin/bin/../../lib/gcc/pic32c/6.2.1/../../../../pic32c/lib/v7e-m/fpv5/hard/libc.a(lib_a-atoi.o)
 .ARM.attributes
                0x0000000000001069       0x32 /Applications/microchip/xc32/v2.15/bin/bin/../../lib/gcc/pic32c/6.2.1/../../../../pic32c/lib/v7e-m/fpv5/hard/libc.a(lib_a-atol.o)
 .ARM.attributes
                0x000000000000109b       0x32 /Applications/microchip/xc32/v2.15/bin/bin/../../lib/gcc/pic32c/6.2.1/../../../../pic32c/lib/v7e-m/fpv5/hard/libc.a(lib_a-calloc.o)
 .ARM.attributes
                0x00000000000010cd       0x32 /Applications/microchip/xc32/v2.15/bin/bin/../../lib/gcc/pic32c/6.2.1/../../../../pic32c/lib/v7e-m/fpv5/hard/libc.a(lib_a-callocr.o)
 .ARM.attributes
                0x00000000000010ff       0x32 /Applications/microchip/xc32/v2.15/bin/bin/../../lib/gcc/pic32c/6.2.1/../../../../pic32c/lib/v7e-m/fpv5/hard/libc.a(lib_a-impure.o)
 .ARM.attributes
                0x0000000000001131       0x32 /Applications/microchip/xc32/v2.15/bin/bin/../../lib/gcc/pic32c/6.2.1/../../../../pic32c/lib/v7e-m/fpv5/hard/libc.a(lib_a-init.o)
 .ARM.attributes
                0x0000000000001163       0x32 /Applications/microchip/xc32/v2.15/bin/bin/../../lib/gcc/pic32c/6.2.1/../../../../pic32c/lib/v7e-m/fpv5/hard/libc.a(lib_a-locale.o)
 .ARM.attributes
                0x0000000000001195       0x32 /Applications/microchip/xc32/v2.15/bin/bin/../../lib/gcc/pic32c/6.2.1/../../../../pic32c/lib/v7e-m/fpv5/hard/libc.a(lib_a-malloc.o)
 .ARM.attributes
                0x00000000000011c7       0x32 /Applications/microchip/xc32/v2.15/bin/bin/../../lib/gcc/pic32c/6.2.1/../../../../pic32c/lib/v7e-m/fpv5/hard/libc.a(lib_a-mallocr.o)
 .ARM.attributes
                0x00000000000011f9       0x32 /Applications/microchip/xc32/v2.15/bin/bin/../../lib/gcc/pic32c/6.2.1/../../../../pic32c/lib/v7e-m/fpv5/hard/libc.a(lib_a-mbtowc_r.o)
 .ARM.attributes
                0x000000000000122b       0x32 /Applications/microchip/xc32/v2.15/bin/bin/../../lib/gcc/pic32c/6.2.1/../../../../pic32c/lib/v7e-m/fpv5/hard/libc.a(lib_a-memcmp.o)
 .ARM.attributes
                0x000000000000125d       0x1e /Applications/microchip/xc32/v2.15/bin/bin/../../lib/gcc/pic32c/6.2.1/../../../../pic32c/lib/v7e-m/fpv5/hard/libc.a(lib_a-memcpy.o)
 .ARM.attributes
                0x000000000000127b       0x32 /Applications/microchip/xc32/v2.15/bin/bin/../../lib/gcc/pic32c/6.2.1/../../../../pic32c/lib/v7e-m/fpv5/hard/libc.a(lib_a-memset.o)
 .ARM.attributes
                0x00000000000012ad       0x32 /Applications/microchip/xc32/v2.15/bin/bin/../../lib/gcc/pic32c/6.2.1/../../../../pic32c/lib/v7e-m/fpv5/hard/libc.a(lib_a-mlock.o)
 .ARM.attributes
                0x00000000000012df       0x32 /Applications/microchip/xc32/v2.15/bin/bin/../../lib/gcc/pic32c/6.2.1/../../../../pic32c/lib/v7e-m/fpv5/hard/libc.a(lib_a-rand.o)
 .ARM.attributes
                0x0000000000001311       0x32 /Applications/microchip/xc32/v2.15/bin/bin/../../lib/gcc/pic32c/6.2.1/../../../../pic32c/lib/v7e-m/fpv5/hard/libc.a(lib_a-reallocr.o)
 .ARM.attributes
                0x0000000000001343       0x32 /Applications/microchip/xc32/v2.15/bin/bin/../../lib/gcc/pic32c/6.2.1/../../../../pic32c/lib/v7e-m/fpv5/hard/libc.a(lib_a-sbrkr.o)
 .ARM.attributes
                0x0000000000001375       0x32 /Applications/microchip/xc32/v2.15/bin/bin/../../lib/gcc/pic32c/6.2.1/../../../../pic32c/lib/v7e-m/fpv5/hard/libc.a(lib_a-snprintf.o)
 .ARM.attributes
                0x00000000000013a7       0x32 /Applications/microchip/xc32/v2.15/bin/bin/../../lib/gcc/pic32c/6.2.1/../../../../pic32c/lib/v7e-m/fpv5/hard/libc.a(lib_a-sprintf.o)
 .ARM.attributes
                0x00000000000013d9       0x32 /Applications/microchip/xc32/v2.15/bin/bin/../../lib/gcc/pic32c/6.2.1/../../../../pic32c/lib/v7e-m/fpv5/hard/libc.a(lib_a-strchr.o)
 .ARM.attributes
                0x000000000000140b       0x1e /Applications/microchip/xc32/v2.15/bin/bin/../../lib/gcc/pic32c/6.2.1/../../../../pic32c/lib/v7e-m/fpv5/hard/libc.a(lib_a-strcmp.o)
 .ARM.attributes
                0x0000000000001429       0x32 /Applications/microchip/xc32/v2.15/bin/bin/../../lib/gcc/pic32c/6.2.1/../../../../pic32c/lib/v7e-m/fpv5/hard/libc.a(lib_a-strcpy.o)
 .ARM.attributes
                0x000000000000145b       0x32 /Applications/microchip/xc32/v2.15/bin/bin/../../lib/gcc/pic32c/6.2.1/../../../../pic32c/lib/v7e-m/fpv5/hard/libc.a(lib_a-strcspn.o)
 .ARM.attributes
                0x000000000000148d       0x1e /Applications/microchip/xc32/v2.15/bin/bin/../../lib/gcc/pic32c/6.2.1/../../../../pic32c/lib/v7e-m/fpv5/hard/libc.a(lib_a-strlen.o)
 .ARM.attributes
                0x00000000000014ab       0x32 /Applications/microchip/xc32/v2.15/bin/bin/../../lib/gcc/pic32c/6.2.1/../../../../pic32c/lib/v7e-m/fpv5/hard/libc.a(lib_a-strncat.o)
 .ARM.attributes
                0x00000000000014dd       0x32 /Applications/microchip/xc32/v2.15/bin/bin/../../lib/gcc/pic32c/6.2.1/../../../../pic32c/lib/v7e-m/fpv5/hard/libc.a(lib_a-strncmp.o)
 .ARM.attributes
                0x000000000000150f       0x32 /Applications/microchip/xc32/v2.15/bin/bin/../../lib/gcc/pic32c/6.2.1/../../../../pic32c/lib/v7e-m/fpv5/hard/libc.a(lib_a-strncpy.o)
 .ARM.attributes
                0x0000000000001541       0x32 /Applications/microchip/xc32/v2.15/bin/bin/../../lib/gcc/pic32c/6.2.1/../../../../pic32c/lib/v7e-m/fpv5/hard/libc.a(lib_a-strrchr.o)
 .ARM.attributes
                0x0000000000001573       0x32 /Applications/microchip/xc32/v2.15/bin/bin/../../lib/gcc/pic32c/6.2.1/../../../../pic32c/lib/v7e-m/fpv5/hard/libc.a(lib_a-strstr.o)
 .ARM.attributes
                0x00000000000015a5       0x32 /Applications/microchip/xc32/v2.15/bin/bin/../../lib/gcc/pic32c/6.2.1/../../../../pic32c/lib/v7e-m/fpv5/hard/libc.a(lib_a-strtok.o)
 .ARM.attributes
                0x00000000000015d7       0x32 /Applications/microchip/xc32/v2.15/bin/bin/../../lib/gcc/pic32c/6.2.1/../../../../pic32c/lib/v7e-m/fpv5/hard/libc.a(lib_a-strtok_r.o)
 .ARM.attributes
                0x0000000000001609       0x32 /Applications/microchip/xc32/v2.15/bin/bin/../../lib/gcc/pic32c/6.2.1/../../../../pic32c/lib/v7e-m/fpv5/hard/libc.a(lib_a-strtol.o)
 .ARM.attributes
                0x000000000000163b       0x32 /Applications/microchip/xc32/v2.15/bin/bin/../../lib/gcc/pic32c/6.2.1/../../../../pic32c/lib/v7e-m/fpv5/hard/libc.a(lib_a-svfprintf.o)
 .ARM.attributes
                0x000000000000166d       0x32 /Applications/microchip/xc32/v2.15/bin/bin/../../lib/gcc/pic32c/6.2.1/../../../../pic32c/lib/v7e-m/fpv5/hard/libc.a(lib_a-vsnprintf.o)
 .ARM.attributes
                0x000000000000169f       0x32 /Applications/microchip/xc32/v2.15/bin/bin/../../lib/gcc/pic32c/6.2.1/../../../../pic32c/lib/v7e-m/fpv5/hard/libc.a(lib_a-wctomb_r.o)
 .ARM.attributes
                0x00000000000016d1       0x32 /Applications/microchip/xc32/v2.15/bin/bin/../../lib/gcc/pic32c/6.2.1/../../../../pic32c/lib/v7e-m/fpv5/hard/libc.a(lib_a-__call_atexit.o)
 .ARM.attributes
                0x0000000000001703       0x32 /Applications/microchip/xc32/v2.15/bin/bin/../../lib/gcc/pic32c/6.2.1/../../../../pic32c/lib/v7e-m/fpv5/hard/libc.a(lib_a-atexit.o)
 .ARM.attributes
                0x0000000000001735       0x32 /Applications/microchip/xc32/v2.15/bin/bin/../../lib/gcc/pic32c/6.2.1/../../../../pic32c/lib/v7e-m/fpv5/hard/libc.a(lib_a-ctype_.o)
 .ARM.attributes
                0x0000000000001767       0x32 /Applications/microchip/xc32/v2.15/bin/bin/../../lib/gcc/pic32c/6.2.1/../../../../pic32c/lib/v7e-m/fpv5/hard/libc.a(lib_a-dtoa.o)
 .ARM.attributes
                0x0000000000001799       0x32 /Applications/microchip/xc32/v2.15/bin/bin/../../lib/gcc/pic32c/6.2.1/../../../../pic32c/lib/v7e-m/fpv5/hard/libc.a(lib_a-fini.o)
 .ARM.attributes
                0x00000000000017cb       0x32 /Applications/microchip/xc32/v2.15/bin/bin/../../lib/gcc/pic32c/6.2.1/../../../../pic32c/lib/v7e-m/fpv5/hard/libc.a(lib_a-freer.o)
 .ARM.attributes
                0x00000000000017fd       0x32 /Applications/microchip/xc32/v2.15/bin/bin/../../lib/gcc/pic32c/6.2.1/../../../../pic32c/lib/v7e-m/fpv5/hard/libc.a(lib_a-localeconv.o)
 .ARM.attributes
                0x000000000000182f       0x1e /Applications/microchip/xc32/v2.15/bin/bin/../../lib/gcc/pic32c/6.2.1/../../../../pic32c/lib/v7e-m/fpv5/hard/libc.a(lib_a-memchr.o)
 .ARM.attributes
                0x000000000000184d       0x32 /Applications/microchip/xc32/v2.15/bin/bin/../../lib/gcc/pic32c/6.2.1/../../../../pic32c/lib/v7e-m/fpv5/hard/libc.a(lib_a-memmove.o)
 .ARM.attributes
                0x000000000000187f       0x32 /Applications/microchip/xc32/v2.15/bin/bin/../../lib/gcc/pic32c/6.2.1/../../../../pic32c/lib/v7e-m/fpv5/hard/libc.a(lib_a-mprec.o)
 .ARM.attributes
                0x00000000000018b1       0x32 /Applications/microchip/xc32/v2.15/bin/bin/../../lib/gcc/pic32c/6.2.1/../../../../pic32c/lib/v7e-m/fpv5/hard/libc.a(lib_a-reent.o)
 .ARM.attributes
                0x00000000000018e3       0x32 /Applications/microchip/xc32/v2.15/bin/bin/../../lib/gcc/pic32c/6.2.1/../../../../pic32c/lib/v7e-m/fpv5/hard/libc.a(lib_a-s_frexp.o)
 .ARM.attributes
                0x0000000000001915       0x32 /Applications/microchip/xc32/v2.15/bin/bin/../../lib/gcc/pic32c/6.2.1/../../../../pic32c/lib/v7e-m/fpv5/hard/libc.a(lib_a-svfiprintf.o)
 .ARM.attributes
                0x0000000000001947       0x32 /Applications/microchip/xc32/v2.15/bin/bin/../../lib/gcc/pic32c/6.2.1/../../../../pic32c/lib/v7e-m/fpv5/hard/libc.a(lib_a-__atexit.o)
 .ARM.attributes
                0x0000000000001979       0x32 /Applications/microchip/xc32/v2.15/bin/bin/../../lib/gcc/pic32c/6.2.1/../../../../pic32c/lib/v7e-m/fpv5/hard/libpic32c.a(sbrk.o)
 .ARM.attributes
                0x00000000000019ab       0x20 /Applications/microchip/xc32/v2.15/bin/bin/../../lib/gcc/pic32c/6.2.1/v7e-m/fpv5/hard/crtn.o

.debug_info     0x0000000000000000   0x168193
 .debug_info    0x0000000000000000     0x9307 build/sam_e70_xult_freertos/production/_ext/810785262/dns.o
 .debug_info    0x0000000000009307     0x1ab9 build/sam_e70_xult_freertos/production/_ext/502395768/sys_fs_wrapper.o
 .debug_info    0x000000000000adc0     0x55f8 build/sam_e70_xult_freertos/production/_ext/810785262/icmp.o
 .debug_info    0x00000000000103b8     0x3972 build/sam_e70_xult_freertos/production/_ext/1215076966/drv_memory.o
 .debug_info    0x0000000000013d2a     0x1758 build/sam_e70_xult_freertos/production/_ext/1215076966/drv_memory_file_system.o
 .debug_info    0x0000000000015482    0x107bc build/sam_e70_xult_freertos/production/_ext/810785262/http_net.o
 .debug_info    0x0000000000025c3e     0x5bde build/sam_e70_xult_freertos/production/_ext/1360937237/http_net_print.o
 .debug_info    0x000000000002b81c     0x9ecb build/sam_e70_xult_freertos/production/_ext/1360937237/custom_http_net_app.o
 .debug_info    0x00000000000356e7     0x4c1e build/sam_e70_xult_freertos/production/_ext/1360937237/mpfs_net_img.o
 .debug_info    0x000000000003a305     0x5903 build/sam_e70_xult_freertos/production/_ext/810785262/nbns.o
 .debug_info    0x000000000003fc08     0xd786 build/sam_e70_xult_freertos/production/_ext/810785262/tcp.o
 .debug_info    0x000000000004d38e     0x1377 build/sam_e70_xult_freertos/production/_ext/45646042/plib_efc.o
 .debug_info    0x000000000004e705     0xaeb2 build/sam_e70_xult_freertos/production/_ext/810785262/dhcp.o
 .debug_info    0x00000000000595b7     0x86cd build/sam_e70_xult_freertos/production/_ext/810785262/arp.o
 .debug_info    0x0000000000061c84     0x8e1f build/sam_e70_xult_freertos/production/_ext/810785262/icmpv6.o
 .debug_info    0x000000000006aaa3      0x903 build/sam_e70_xult_freertos/production/_ext/1245453995/plib_tc0.o
 .debug_info    0x000000000006b3a6     0x3489 build/sam_e70_xult_freertos/production/_ext/912870411/sys_time.o
 .debug_info    0x000000000006e82f     0x8976 build/sam_e70_xult_freertos/production/_ext/810785262/ndp.o
 .debug_info    0x00000000000771a5      0xe12 build/sam_e70_xult_freertos/production/_ext/683629640/bsp.o
 .debug_info    0x0000000000077fb7     0xb1bf build/sam_e70_xult_freertos/production/_ext/810785262/tcpip_commands.o
 .debug_info    0x0000000000083176     0x5181 build/sam_e70_xult_freertos/production/_ext/1215076966/drv_memory_efc.o
 .debug_info    0x00000000000882f7     0xdbf8 build/sam_e70_xult_freertos/production/_ext/810785262/ipv6.o
 .debug_info    0x0000000000095eef     0x3b1c build/sam_e70_xult_freertos/production/_ext/1730304427/net_pres.o
 .debug_info    0x0000000000099a0b     0x7ff2 build/sam_e70_xult_freertos/production/_ext/810785262/ipv4.o
 .debug_info    0x00000000000a19fd      0xed1 build/sam_e70_xult_freertos/production/_ext/901008055/plib_usart1.o
 .debug_info    0x00000000000a28ce     0xcc04 build/sam_e70_xult_freertos/production/_ext/810785262/smtpc.o
 .debug_info    0x00000000000af4d2      0xc89 build/sam_e70_xult_freertos/production/_ext/1775855163/sys_int.o
 .debug_info    0x00000000000b015b      0xa52 build/sam_e70_xult_freertos/production/_ext/281930714/osal_freertos.o
 .debug_info    0x00000000000b0bad     0x57d7 build/sam_e70_xult_freertos/production/_ext/1360937237/app.o
 .debug_info    0x00000000000b6384     0x4fbb build/sam_e70_xult_freertos/production/_ext/1552905064/tasks.o
 .debug_info    0x00000000000bb33f     0x4622 build/sam_e70_xult_freertos/production/_ext/810785262/tcpip_heap_alloc.o
 .debug_info    0x00000000000bf961     0x4f9c build/sam_e70_xult_freertos/production/_ext/810785262/tcpip_heap_internal.o
 .debug_info    0x00000000000c48fd     0x11a6 build/sam_e70_xult_freertos/production/_ext/810785262/helpers.o
 .debug_info    0x00000000000c5aa3      0xf0c build/sam_e70_xult_freertos/production/_ext/810785262/hash_fnv.o
 .debug_info    0x00000000000c69af     0x1586 build/sam_e70_xult_freertos/production/_ext/810785262/oahash.o
 .debug_info    0x00000000000c7f35     0x6ea3 build/sam_e70_xult_freertos/production/_ext/810785262/tcpip_helpers.o
 .debug_info    0x00000000000cedd8     0xd411 build/sam_e70_xult_freertos/production/_ext/810785262/tcpip_manager.o
 .debug_info    0x00000000000dc1e9     0x44b6 build/sam_e70_xult_freertos/production/_ext/810785262/tcpip_notify.o
 .debug_info    0x00000000000e069f     0x547a build/sam_e70_xult_freertos/production/_ext/810785262/tcpip_packet.o
 .debug_info    0x00000000000e5b19      0x508 build/sam_e70_xult_freertos/production/_ext/231871610/sys_time_h2_adapter.o
 .debug_info    0x00000000000e6021     0xae03 build/sam_e70_xult_freertos/production/_ext/1619526243/drv_gmac.o
 .debug_info    0x00000000000f0e24     0x9427 build/sam_e70_xult_freertos/production/_ext/1619526243/drv_gmac_lib_samE7x_V7x.o
 .debug_info    0x00000000000fa24b     0x492a build/sam_e70_xult_freertos/production/_ext/1360937237/main.o
 .debug_info    0x00000000000feb75     0x9616 build/sam_e70_xult_freertos/production/_ext/1552905064/initialization.o
 .debug_info    0x000000000010818b     0x55c5 build/sam_e70_xult_freertos/production/_ext/1552905064/interrupts.o
 .debug_info    0x000000000010d750     0x49d8 build/sam_e70_xult_freertos/production/_ext/1552905064/exceptions.o
 .debug_info    0x0000000000112128      0x8b1 build/sam_e70_xult_freertos/production/_ext/45647770/plib_clk.o
 .debug_info    0x00000000001129d9      0xe8f build/sam_e70_xult_freertos/production/_ext/45635366/plib_pio.o
 .debug_info    0x0000000000113868      0xfcc build/sam_e70_xult_freertos/production/_ext/1414743522/plib_nvic.o
 .debug_info    0x0000000000114834      0x8af build/sam_e70_xult_freertos/production/_ext/45638026/plib_mpu.o
 .debug_info    0x00000000001150e3     0x52e1 build/sam_e70_xult_freertos/production/_ext/1552905064/startup_xc32.o
 .debug_info    0x000000000011a3c4     0x6cf4 build/sam_e70_xult_freertos/production/_ext/810785262/sntp.o
 .debug_info    0x00000000001210b8     0x78ad build/sam_e70_xult_freertos/production/_ext/810785262/tcpip_announce.o
 .debug_info    0x0000000000128965     0xb963 build/sam_e70_xult_freertos/production/_ext/810785262/udp.o
 .debug_info    0x00000000001342c8     0x539a build/sam_e70_xult_freertos/production/_ext/511568427/drv_miim.o
 .debug_info    0x0000000000139662     0x841a build/sam_e70_xult_freertos/production/_ext/1607428259/drv_ethphy.o
 .debug_info    0x0000000000141a7c     0x31ca build/sam_e70_xult_freertos/production/_ext/1607428259/drv_extphy_smsc8740.o
 .debug_info    0x0000000000144c46     0x47fd build/sam_e70_xult_freertos/production/_ext/805309515/sys_fs.o
 .debug_info    0x0000000000149443     0x32d8 build/sam_e70_xult_freertos/production/_ext/805309515/sys_fs_media_manager.o
 .debug_info    0x000000000014c71b     0x26f3 build/sam_e70_xult_freertos/production/_ext/57042178/mpfs.o
 .debug_info    0x000000000014ee0e     0x1910 build/sam_e70_xult_freertos/production/_ext/762686499/sys_console.o
 .debug_info    0x000000000015071e     0x641e build/sam_e70_xult_freertos/production/_ext/762686499/sys_console_uart.o
 .debug_info    0x0000000000156b3c     0x2e32 build/sam_e70_xult_freertos/production/_ext/762686499/sys_command.o
 .debug_info    0x000000000015996e     0x25d5 build/sam_e70_xult_freertos/production/_ext/1839511917/crypto.o
 .debug_info    0x000000000015bf43     0x3845 build/sam_e70_xult_freertos/production/_ext/1839511917/sha.o
 .debug_info    0x000000000015f788      0x4be build/sam_e70_xult_freertos/production/_ext/1552905064/freertos_hooks.o
 .debug_info    0x000000000015fc46     0x10d6 build/sam_e70_xult_freertos/production/_ext/404212886/list.o
 .debug_info    0x0000000000160d1c     0x28f4 build/sam_e70_xult_freertos/production/_ext/404212886/queue.o
 .debug_info    0x0000000000163610     0x3593 build/sam_e70_xult_freertos/production/_ext/404212886/FreeRTOS_tasks.o
 .debug_info    0x0000000000166ba3      0xf12 build/sam_e70_xult_freertos/production/_ext/1665200909/heap_3.o
 .debug_info    0x0000000000167ab5      0x6de build/sam_e70_xult_freertos/production/_ext/977623654/port.o

.debug_abbrev   0x0000000000000000    0x1063a
 .debug_abbrev  0x0000000000000000      0x5e9 build/sam_e70_xult_freertos/production/_ext/810785262/dns.o
 .debug_abbrev  0x00000000000005e9      0x29a build/sam_e70_xult_freertos/production/_ext/502395768/sys_fs_wrapper.o
 .debug_abbrev  0x0000000000000883      0x40a build/sam_e70_xult_freertos/production/_ext/810785262/icmp.o
 .debug_abbrev  0x0000000000000c8d      0x4c9 build/sam_e70_xult_freertos/production/_ext/1215076966/drv_memory.o
 .debug_abbrev  0x0000000000001156      0x205 build/sam_e70_xult_freertos/production/_ext/1215076966/drv_memory_file_system.o
 .debug_abbrev  0x000000000000135b      0x67d build/sam_e70_xult_freertos/production/_ext/810785262/http_net.o
 .debug_abbrev  0x00000000000019d8      0x31a build/sam_e70_xult_freertos/production/_ext/1360937237/http_net_print.o
 .debug_abbrev  0x0000000000001cf2      0x500 build/sam_e70_xult_freertos/production/_ext/1360937237/custom_http_net_app.o
 .debug_abbrev  0x00000000000021f2      0x248 build/sam_e70_xult_freertos/production/_ext/1360937237/mpfs_net_img.o
 .debug_abbrev  0x000000000000243a      0x41e build/sam_e70_xult_freertos/production/_ext/810785262/nbns.o
 .debug_abbrev  0x0000000000002858      0x5d3 build/sam_e70_xult_freertos/production/_ext/810785262/tcp.o
 .debug_abbrev  0x0000000000002e2b      0x2f4 build/sam_e70_xult_freertos/production/_ext/45646042/plib_efc.o
 .debug_abbrev  0x000000000000311f      0x592 build/sam_e70_xult_freertos/production/_ext/810785262/dhcp.o
 .debug_abbrev  0x00000000000036b1      0x54c build/sam_e70_xult_freertos/production/_ext/810785262/arp.o
 .debug_abbrev  0x0000000000003bfd      0x4bc build/sam_e70_xult_freertos/production/_ext/810785262/icmpv6.o
 .debug_abbrev  0x00000000000040b9      0x182 build/sam_e70_xult_freertos/production/_ext/1245453995/plib_tc0.o
 .debug_abbrev  0x000000000000423b      0x572 build/sam_e70_xult_freertos/production/_ext/912870411/sys_time.o
 .debug_abbrev  0x00000000000047ad      0x56c build/sam_e70_xult_freertos/production/_ext/810785262/ndp.o
 .debug_abbrev  0x0000000000004d19      0x196 build/sam_e70_xult_freertos/production/_ext/683629640/bsp.o
 .debug_abbrev  0x0000000000004eaf      0x4d2 build/sam_e70_xult_freertos/production/_ext/810785262/tcpip_commands.o
 .debug_abbrev  0x0000000000005381      0x331 build/sam_e70_xult_freertos/production/_ext/1215076966/drv_memory_efc.o
 .debug_abbrev  0x00000000000056b2      0x668 build/sam_e70_xult_freertos/production/_ext/810785262/ipv6.o
 .debug_abbrev  0x0000000000005d1a      0x443 build/sam_e70_xult_freertos/production/_ext/1730304427/net_pres.o
 .debug_abbrev  0x000000000000615d      0x50b build/sam_e70_xult_freertos/production/_ext/810785262/ipv4.o
 .debug_abbrev  0x0000000000006668      0x2c4 build/sam_e70_xult_freertos/production/_ext/901008055/plib_usart1.o
 .debug_abbrev  0x000000000000692c      0x5ac build/sam_e70_xult_freertos/production/_ext/810785262/smtpc.o
 .debug_abbrev  0x0000000000006ed8      0x200 build/sam_e70_xult_freertos/production/_ext/1775855163/sys_int.o
 .debug_abbrev  0x00000000000070d8      0x19f build/sam_e70_xult_freertos/production/_ext/281930714/osal_freertos.o
 .debug_abbrev  0x0000000000007277      0x312 build/sam_e70_xult_freertos/production/_ext/1360937237/app.o
 .debug_abbrev  0x0000000000007589      0x2ad build/sam_e70_xult_freertos/production/_ext/1552905064/tasks.o
 .debug_abbrev  0x0000000000007836      0x299 build/sam_e70_xult_freertos/production/_ext/810785262/tcpip_heap_alloc.o
 .debug_abbrev  0x0000000000007acf      0x3f2 build/sam_e70_xult_freertos/production/_ext/810785262/tcpip_heap_internal.o
 .debug_abbrev  0x0000000000007ec1      0x2ae build/sam_e70_xult_freertos/production/_ext/810785262/helpers.o
 .debug_abbrev  0x000000000000816f      0x1d0 build/sam_e70_xult_freertos/production/_ext/810785262/hash_fnv.o
 .debug_abbrev  0x000000000000833f      0x34c build/sam_e70_xult_freertos/production/_ext/810785262/oahash.o
 .debug_abbrev  0x000000000000868b      0x4fc build/sam_e70_xult_freertos/production/_ext/810785262/tcpip_helpers.o
 .debug_abbrev  0x0000000000008b87      0x639 build/sam_e70_xult_freertos/production/_ext/810785262/tcpip_manager.o
 .debug_abbrev  0x00000000000091c0      0x2eb build/sam_e70_xult_freertos/production/_ext/810785262/tcpip_notify.o
 .debug_abbrev  0x00000000000094ab      0x47d build/sam_e70_xult_freertos/production/_ext/810785262/tcpip_packet.o
 .debug_abbrev  0x0000000000009928      0x128 build/sam_e70_xult_freertos/production/_ext/231871610/sys_time_h2_adapter.o
 .debug_abbrev  0x0000000000009a50      0x61d build/sam_e70_xult_freertos/production/_ext/1619526243/drv_gmac.o
 .debug_abbrev  0x000000000000a06d      0x545 build/sam_e70_xult_freertos/production/_ext/1619526243/drv_gmac_lib_samE7x_V7x.o
 .debug_abbrev  0x000000000000a5b2      0x275 build/sam_e70_xult_freertos/production/_ext/1360937237/main.o
 .debug_abbrev  0x000000000000a827      0x341 build/sam_e70_xult_freertos/production/_ext/1552905064/initialization.o
 .debug_abbrev  0x000000000000ab68      0x24c build/sam_e70_xult_freertos/production/_ext/1552905064/interrupts.o
 .debug_abbrev  0x000000000000adb4      0x23b build/sam_e70_xult_freertos/production/_ext/1552905064/exceptions.o
 .debug_abbrev  0x000000000000afef       0xfa build/sam_e70_xult_freertos/production/_ext/45647770/plib_clk.o
 .debug_abbrev  0x000000000000b0e9      0x160 build/sam_e70_xult_freertos/production/_ext/45635366/plib_pio.o
 .debug_abbrev  0x000000000000b249      0x179 build/sam_e70_xult_freertos/production/_ext/1414743522/plib_nvic.o
 .debug_abbrev  0x000000000000b3c2       0xcd build/sam_e70_xult_freertos/production/_ext/45638026/plib_mpu.o
 .debug_abbrev  0x000000000000b48f      0x36b build/sam_e70_xult_freertos/production/_ext/1552905064/startup_xc32.o
 .debug_abbrev  0x000000000000b7fa      0x4b3 build/sam_e70_xult_freertos/production/_ext/810785262/sntp.o
 .debug_abbrev  0x000000000000bcad      0x486 build/sam_e70_xult_freertos/production/_ext/810785262/tcpip_announce.o
 .debug_abbrev  0x000000000000c133      0x63b build/sam_e70_xult_freertos/production/_ext/810785262/udp.o
 .debug_abbrev  0x000000000000c76e      0x683 build/sam_e70_xult_freertos/production/_ext/511568427/drv_miim.o
 .debug_abbrev  0x000000000000cdf1      0x58f build/sam_e70_xult_freertos/production/_ext/1607428259/drv_ethphy.o
 .debug_abbrev  0x000000000000d380      0x2d0 build/sam_e70_xult_freertos/production/_ext/1607428259/drv_extphy_smsc8740.o
 .debug_abbrev  0x000000000000d650      0x49e build/sam_e70_xult_freertos/production/_ext/805309515/sys_fs.o
 .debug_abbrev  0x000000000000daee      0x4bf build/sam_e70_xult_freertos/production/_ext/805309515/sys_fs_media_manager.o
 .debug_abbrev  0x000000000000dfad      0x3b4 build/sam_e70_xult_freertos/production/_ext/57042178/mpfs.o
 .debug_abbrev  0x000000000000e361      0x299 build/sam_e70_xult_freertos/production/_ext/762686499/sys_console.o
 .debug_abbrev  0x000000000000e5fa      0x51f build/sam_e70_xult_freertos/production/_ext/762686499/sys_console_uart.o
 .debug_abbrev  0x000000000000eb19      0x4d4 build/sam_e70_xult_freertos/production/_ext/762686499/sys_command.o
 .debug_abbrev  0x000000000000efed      0x2da build/sam_e70_xult_freertos/production/_ext/1839511917/crypto.o
 .debug_abbrev  0x000000000000f2c7      0x35f build/sam_e70_xult_freertos/production/_ext/1839511917/sha.o
 .debug_abbrev  0x000000000000f626      0x121 build/sam_e70_xult_freertos/production/_ext/1552905064/freertos_hooks.o
 .debug_abbrev  0x000000000000f747      0x231 build/sam_e70_xult_freertos/production/_ext/404212886/list.o
 .debug_abbrev  0x000000000000f978      0x3f1 build/sam_e70_xult_freertos/production/_ext/404212886/queue.o
 .debug_abbrev  0x000000000000fd69      0x49e build/sam_e70_xult_freertos/production/_ext/404212886/FreeRTOS_tasks.o
 .debug_abbrev  0x0000000000010207      0x241 build/sam_e70_xult_freertos/production/_ext/1665200909/heap_3.o
 .debug_abbrev  0x0000000000010448      0x1f2 build/sam_e70_xult_freertos/production/_ext/977623654/port.o

.debug_loc      0x0000000000000000    0x608ef
 .debug_loc     0x0000000000000000     0x2cf8 build/sam_e70_xult_freertos/production/_ext/810785262/dns.o
 .debug_loc     0x0000000000002cf8      0x3cb build/sam_e70_xult_freertos/production/_ext/502395768/sys_fs_wrapper.o
 .debug_loc     0x00000000000030c3      0x37c build/sam_e70_xult_freertos/production/_ext/810785262/icmp.o
 .debug_loc     0x000000000000343f     0x1d2d build/sam_e70_xult_freertos/production/_ext/1215076966/drv_memory.o
 .debug_loc     0x000000000000516c       0x62 build/sam_e70_xult_freertos/production/_ext/1215076966/drv_memory_file_system.o
 .debug_loc     0x00000000000051ce     0x7193 build/sam_e70_xult_freertos/production/_ext/810785262/http_net.o
 .debug_loc     0x000000000000c361      0x2b7 build/sam_e70_xult_freertos/production/_ext/1360937237/http_net_print.o
 .debug_loc     0x000000000000c618     0x1a66 build/sam_e70_xult_freertos/production/_ext/1360937237/custom_http_net_app.o
 .debug_loc     0x000000000000e07e      0x539 build/sam_e70_xult_freertos/production/_ext/810785262/nbns.o
 .debug_loc     0x000000000000e5b7     0x6f7d build/sam_e70_xult_freertos/production/_ext/810785262/tcp.o
 .debug_loc     0x0000000000015534      0x371 build/sam_e70_xult_freertos/production/_ext/45646042/plib_efc.o
 .debug_loc     0x00000000000158a5     0x2d25 build/sam_e70_xult_freertos/production/_ext/810785262/dhcp.o
 .debug_loc     0x00000000000185ca     0x2a93 build/sam_e70_xult_freertos/production/_ext/810785262/arp.o
 .debug_loc     0x000000000001b05d     0x1c73 build/sam_e70_xult_freertos/production/_ext/810785262/icmpv6.o
 .debug_loc     0x000000000001ccd0       0x42 build/sam_e70_xult_freertos/production/_ext/1245453995/plib_tc0.o
 .debug_loc     0x000000000001cd12     0x1e63 build/sam_e70_xult_freertos/production/_ext/912870411/sys_time.o
 .debug_loc     0x000000000001eb75     0x2462 build/sam_e70_xult_freertos/production/_ext/810785262/ndp.o
 .debug_loc     0x0000000000020fd7     0x2786 build/sam_e70_xult_freertos/production/_ext/810785262/tcpip_commands.o
 .debug_loc     0x000000000002375d      0x30b build/sam_e70_xult_freertos/production/_ext/1215076966/drv_memory_efc.o
 .debug_loc     0x0000000000023a68     0x5e1e build/sam_e70_xult_freertos/production/_ext/810785262/ipv6.o
 .debug_loc     0x0000000000029886     0x1fff build/sam_e70_xult_freertos/production/_ext/1730304427/net_pres.o
 .debug_loc     0x000000000002b885     0x209e build/sam_e70_xult_freertos/production/_ext/810785262/ipv4.o
 .debug_loc     0x000000000002d923      0x4ea build/sam_e70_xult_freertos/production/_ext/901008055/plib_usart1.o
 .debug_loc     0x000000000002de0d     0x41eb build/sam_e70_xult_freertos/production/_ext/810785262/smtpc.o
 .debug_loc     0x0000000000031ff8       0xe9 build/sam_e70_xult_freertos/production/_ext/1775855163/sys_int.o
 .debug_loc     0x00000000000320e1      0x5b4 build/sam_e70_xult_freertos/production/_ext/281930714/osal_freertos.o
 .debug_loc     0x0000000000032695      0x13c build/sam_e70_xult_freertos/production/_ext/1360937237/app.o
 .debug_loc     0x00000000000327d1      0x1be build/sam_e70_xult_freertos/production/_ext/1552905064/tasks.o
 .debug_loc     0x000000000003298f      0x1fe build/sam_e70_xult_freertos/production/_ext/810785262/tcpip_heap_alloc.o
 .debug_loc     0x0000000000032b8d      0xad5 build/sam_e70_xult_freertos/production/_ext/810785262/tcpip_heap_internal.o
 .debug_loc     0x0000000000033662      0x4be build/sam_e70_xult_freertos/production/_ext/810785262/helpers.o
 .debug_loc     0x0000000000033b20      0x278 build/sam_e70_xult_freertos/production/_ext/810785262/hash_fnv.o
 .debug_loc     0x0000000000033d98      0x3ce build/sam_e70_xult_freertos/production/_ext/810785262/oahash.o
 .debug_loc     0x0000000000034166     0x2c37 build/sam_e70_xult_freertos/production/_ext/810785262/tcpip_helpers.o
 .debug_loc     0x0000000000036d9d     0x5898 build/sam_e70_xult_freertos/production/_ext/810785262/tcpip_manager.o
 .debug_loc     0x000000000003c635      0x2dc build/sam_e70_xult_freertos/production/_ext/810785262/tcpip_notify.o
 .debug_loc     0x000000000003c911      0xa00 build/sam_e70_xult_freertos/production/_ext/810785262/tcpip_packet.o
 .debug_loc     0x000000000003d311       0xde build/sam_e70_xult_freertos/production/_ext/231871610/sys_time_h2_adapter.o
 .debug_loc     0x000000000003d3ef     0x1e53 build/sam_e70_xult_freertos/production/_ext/1619526243/drv_gmac.o
 .debug_loc     0x000000000003f242     0x1a8f build/sam_e70_xult_freertos/production/_ext/1619526243/drv_gmac_lib_samE7x_V7x.o
 .debug_loc     0x0000000000040cd1       0x20 build/sam_e70_xult_freertos/production/_ext/1360937237/main.o
 .debug_loc     0x0000000000040cf1       0x79 build/sam_e70_xult_freertos/production/_ext/1552905064/initialization.o
 .debug_loc     0x0000000000040d6a       0x84 build/sam_e70_xult_freertos/production/_ext/45635366/plib_pio.o
 .debug_loc     0x0000000000040dee      0x158 build/sam_e70_xult_freertos/production/_ext/1414743522/plib_nvic.o
 .debug_loc     0x0000000000040f46       0x6d build/sam_e70_xult_freertos/production/_ext/1552905064/startup_xc32.o
 .debug_loc     0x0000000000040fb3      0xaee build/sam_e70_xult_freertos/production/_ext/810785262/sntp.o
 .debug_loc     0x0000000000041aa1      0xd25 build/sam_e70_xult_freertos/production/_ext/810785262/tcpip_announce.o
 .debug_loc     0x00000000000427c6     0x4d66 build/sam_e70_xult_freertos/production/_ext/810785262/udp.o
 .debug_loc     0x000000000004752c     0x2421 build/sam_e70_xult_freertos/production/_ext/511568427/drv_miim.o
 .debug_loc     0x000000000004994d     0x38bc build/sam_e70_xult_freertos/production/_ext/1607428259/drv_ethphy.o
 .debug_loc     0x000000000004d209      0x29b build/sam_e70_xult_freertos/production/_ext/1607428259/drv_extphy_smsc8740.o
 .debug_loc     0x000000000004d4a4     0x4512 build/sam_e70_xult_freertos/production/_ext/805309515/sys_fs.o
 .debug_loc     0x00000000000519b6     0x1461 build/sam_e70_xult_freertos/production/_ext/805309515/sys_fs_media_manager.o
 .debug_loc     0x0000000000052e17     0x13fe build/sam_e70_xult_freertos/production/_ext/57042178/mpfs.o
 .debug_loc     0x0000000000054215      0x676 build/sam_e70_xult_freertos/production/_ext/762686499/sys_console.o
 .debug_loc     0x000000000005488b      0xb14 build/sam_e70_xult_freertos/production/_ext/762686499/sys_console_uart.o
 .debug_loc     0x000000000005539f     0x1257 build/sam_e70_xult_freertos/production/_ext/762686499/sys_command.o
 .debug_loc     0x00000000000565f6      0xb14 build/sam_e70_xult_freertos/production/_ext/1839511917/crypto.o
 .debug_loc     0x000000000005710a     0x642e build/sam_e70_xult_freertos/production/_ext/1839511917/sha.o
 .debug_loc     0x000000000005d538       0x7a build/sam_e70_xult_freertos/production/_ext/1552905064/freertos_hooks.o
 .debug_loc     0x000000000005d5b2       0x9c build/sam_e70_xult_freertos/production/_ext/404212886/list.o
 .debug_loc     0x000000000005d64e     0x1335 build/sam_e70_xult_freertos/production/_ext/404212886/queue.o
 .debug_loc     0x000000000005e983     0x1d8b build/sam_e70_xult_freertos/production/_ext/404212886/FreeRTOS_tasks.o
 .debug_loc     0x000000000006070e       0xbf build/sam_e70_xult_freertos/production/_ext/1665200909/heap_3.o
 .debug_loc     0x00000000000607cd      0x122 build/sam_e70_xult_freertos/production/_ext/977623654/port.o

.debug_aranges  0x0000000000000000     0x36b8
 .debug_aranges
                0x0000000000000000      0x140 build/sam_e70_xult_freertos/production/_ext/810785262/dns.o
 .debug_aranges
                0x0000000000000140       0x48 build/sam_e70_xult_freertos/production/_ext/502395768/sys_fs_wrapper.o
 .debug_aranges
                0x0000000000000188       0x38 build/sam_e70_xult_freertos/production/_ext/810785262/icmp.o
 .debug_aranges
                0x00000000000001c0       0xf0 build/sam_e70_xult_freertos/production/_ext/1215076966/drv_memory.o
 .debug_aranges
                0x00000000000002b0       0x20 build/sam_e70_xult_freertos/production/_ext/1215076966/drv_memory_file_system.o
 .debug_aranges
                0x00000000000002d0      0x340 build/sam_e70_xult_freertos/production/_ext/810785262/http_net.o
 .debug_aranges
                0x0000000000000610       0x38 build/sam_e70_xult_freertos/production/_ext/1360937237/http_net_print.o
 .debug_aranges
                0x0000000000000648      0x160 build/sam_e70_xult_freertos/production/_ext/1360937237/custom_http_net_app.o
 .debug_aranges
                0x00000000000007a8       0x18 build/sam_e70_xult_freertos/production/_ext/1360937237/mpfs_net_img.o
 .debug_aranges
                0x00000000000007c0       0x40 build/sam_e70_xult_freertos/production/_ext/810785262/nbns.o
 .debug_aranges
                0x0000000000000800      0x258 build/sam_e70_xult_freertos/production/_ext/810785262/tcp.o
 .debug_aranges
                0x0000000000000a58       0x68 build/sam_e70_xult_freertos/production/_ext/45646042/plib_efc.o
 .debug_aranges
                0x0000000000000ac0      0x188 build/sam_e70_xult_freertos/production/_ext/810785262/dhcp.o
 .debug_aranges
                0x0000000000000c48      0x110 build/sam_e70_xult_freertos/production/_ext/810785262/arp.o
 .debug_aranges
                0x0000000000000d58       0x90 build/sam_e70_xult_freertos/production/_ext/810785262/icmpv6.o
 .debug_aranges
                0x0000000000000de8       0x68 build/sam_e70_xult_freertos/production/_ext/1245453995/plib_tc0.o
 .debug_aranges
                0x0000000000000e50      0x130 build/sam_e70_xult_freertos/production/_ext/912870411/sys_time.o
 .debug_aranges
                0x0000000000000f80      0x118 build/sam_e70_xult_freertos/production/_ext/810785262/ndp.o
 .debug_aranges
                0x0000000000001098       0x20 build/sam_e70_xult_freertos/production/_ext/683629640/bsp.o
 .debug_aranges
                0x00000000000010b8       0xd0 build/sam_e70_xult_freertos/production/_ext/810785262/tcpip_commands.o
 .debug_aranges
                0x0000000000001188       0x68 build/sam_e70_xult_freertos/production/_ext/1215076966/drv_memory_efc.o
 .debug_aranges
                0x00000000000011f0      0x2a8 build/sam_e70_xult_freertos/production/_ext/810785262/ipv6.o
 .debug_aranges
                0x0000000000001498      0x110 build/sam_e70_xult_freertos/production/_ext/1730304427/net_pres.o
 .debug_aranges
                0x00000000000015a8       0xc0 build/sam_e70_xult_freertos/production/_ext/810785262/ipv4.o
 .debug_aranges
                0x0000000000001668       0x78 build/sam_e70_xult_freertos/production/_ext/901008055/plib_usart1.o
 .debug_aranges
                0x00000000000016e0      0x268 build/sam_e70_xult_freertos/production/_ext/810785262/smtpc.o
 .debug_aranges
                0x0000000000001948       0x40 build/sam_e70_xult_freertos/production/_ext/1775855163/sys_int.o
 .debug_aranges
                0x0000000000001988       0x80 build/sam_e70_xult_freertos/production/_ext/281930714/osal_freertos.o
 .debug_aranges
                0x0000000000001a08       0x28 build/sam_e70_xult_freertos/production/_ext/1360937237/app.o
 .debug_aranges
                0x0000000000001a30       0x50 build/sam_e70_xult_freertos/production/_ext/1552905064/tasks.o
 .debug_aranges
                0x0000000000001a80       0x48 build/sam_e70_xult_freertos/production/_ext/810785262/tcpip_heap_alloc.o
 .debug_aranges
                0x0000000000001ac8       0x68 build/sam_e70_xult_freertos/production/_ext/810785262/tcpip_heap_internal.o
 .debug_aranges
                0x0000000000001b30       0x48 build/sam_e70_xult_freertos/production/_ext/810785262/helpers.o
 .debug_aranges
                0x0000000000001b78       0x28 build/sam_e70_xult_freertos/production/_ext/810785262/hash_fnv.o
 .debug_aranges
                0x0000000000001ba0       0x50 build/sam_e70_xult_freertos/production/_ext/810785262/oahash.o
 .debug_aranges
                0x0000000000001bf0      0x218 build/sam_e70_xult_freertos/production/_ext/810785262/tcpip_helpers.o
 .debug_aranges
                0x0000000000001e08      0x390 build/sam_e70_xult_freertos/production/_ext/810785262/tcpip_manager.o
 .debug_aranges
                0x0000000000002198       0x40 build/sam_e70_xult_freertos/production/_ext/810785262/tcpip_notify.o
 .debug_aranges
                0x00000000000021d8       0x78 build/sam_e70_xult_freertos/production/_ext/810785262/tcpip_packet.o
 .debug_aranges
                0x0000000000002250       0x28 build/sam_e70_xult_freertos/production/_ext/231871610/sys_time_h2_adapter.o
 .debug_aranges
                0x0000000000002278      0x280 build/sam_e70_xult_freertos/production/_ext/1619526243/drv_gmac.o
 .debug_aranges
                0x00000000000024f8       0xb0 build/sam_e70_xult_freertos/production/_ext/1619526243/drv_gmac_lib_samE7x_V7x.o
 .debug_aranges
                0x00000000000025a8       0x20 build/sam_e70_xult_freertos/production/_ext/1360937237/main.o
 .debug_aranges
                0x00000000000025c8       0x28 build/sam_e70_xult_freertos/production/_ext/1552905064/initialization.o
 .debug_aranges
                0x00000000000025f0       0x20 build/sam_e70_xult_freertos/production/_ext/1552905064/interrupts.o
 .debug_aranges
                0x0000000000002610       0x48 build/sam_e70_xult_freertos/production/_ext/1552905064/exceptions.o
 .debug_aranges
                0x0000000000002658       0x20 build/sam_e70_xult_freertos/production/_ext/45647770/plib_clk.o
 .debug_aranges
                0x0000000000002678       0x60 build/sam_e70_xult_freertos/production/_ext/45635366/plib_pio.o
 .debug_aranges
                0x00000000000026d8       0x20 build/sam_e70_xult_freertos/production/_ext/1414743522/plib_nvic.o
 .debug_aranges
                0x00000000000026f8       0x20 build/sam_e70_xult_freertos/production/_ext/45638026/plib_mpu.o
 .debug_aranges
                0x0000000000002718       0x20 build/sam_e70_xult_freertos/production/_ext/1552905064/startup_xc32.o
 .debug_aranges
                0x0000000000002738       0x98 build/sam_e70_xult_freertos/production/_ext/810785262/sntp.o
 .debug_aranges
                0x00000000000027d0       0xa8 build/sam_e70_xult_freertos/production/_ext/810785262/tcpip_announce.o
 .debug_aranges
                0x0000000000002878      0x208 build/sam_e70_xult_freertos/production/_ext/810785262/udp.o
 .debug_aranges
                0x0000000000002a80       0xe8 build/sam_e70_xult_freertos/production/_ext/511568427/drv_miim.o
 .debug_aranges
                0x0000000000002b68      0x278 build/sam_e70_xult_freertos/production/_ext/1607428259/drv_ethphy.o
 .debug_aranges
                0x0000000000002de0       0x30 build/sam_e70_xult_freertos/production/_ext/1607428259/drv_extphy_smsc8740.o
 .debug_aranges
                0x0000000000002e10      0x170 build/sam_e70_xult_freertos/production/_ext/805309515/sys_fs.o
 .debug_aranges
                0x0000000000002f80       0x98 build/sam_e70_xult_freertos/production/_ext/805309515/sys_fs_media_manager.o
 .debug_aranges
                0x0000000000003018       0xa0 build/sam_e70_xult_freertos/production/_ext/57042178/mpfs.o
 .debug_aranges
                0x00000000000030b8       0x50 build/sam_e70_xult_freertos/production/_ext/762686499/sys_console.o
 .debug_aranges
                0x0000000000003108       0x78 build/sam_e70_xult_freertos/production/_ext/762686499/sys_console_uart.o
 .debug_aranges
                0x0000000000003180       0xd0 build/sam_e70_xult_freertos/production/_ext/762686499/sys_command.o
 .debug_aranges
                0x0000000000003250       0xb0 build/sam_e70_xult_freertos/production/_ext/1839511917/crypto.o
 .debug_aranges
                0x0000000000003300       0x60 build/sam_e70_xult_freertos/production/_ext/1839511917/sha.o
 .debug_aranges
                0x0000000000003360       0x40 build/sam_e70_xult_freertos/production/_ext/1552905064/freertos_hooks.o
 .debug_aranges
                0x00000000000033a0       0x40 build/sam_e70_xult_freertos/production/_ext/404212886/list.o
 .debug_aranges
                0x00000000000033e0       0xc8 build/sam_e70_xult_freertos/production/_ext/404212886/queue.o
 .debug_aranges
                0x00000000000034a8      0x170 build/sam_e70_xult_freertos/production/_ext/404212886/FreeRTOS_tasks.o
 .debug_aranges
                0x0000000000003618       0x28 build/sam_e70_xult_freertos/production/_ext/1665200909/heap_3.o
 .debug_aranges
                0x0000000000003640       0x78 build/sam_e70_xult_freertos/production/_ext/977623654/port.o

.debug_ranges   0x0000000000000000     0x56b0
 .debug_ranges  0x0000000000000000      0x238 build/sam_e70_xult_freertos/production/_ext/810785262/dns.o
 .debug_ranges  0x0000000000000238       0x38 build/sam_e70_xult_freertos/production/_ext/502395768/sys_fs_wrapper.o
 .debug_ranges  0x0000000000000270       0x40 build/sam_e70_xult_freertos/production/_ext/810785262/icmp.o
 .debug_ranges  0x00000000000002b0      0x118 build/sam_e70_xult_freertos/production/_ext/1215076966/drv_memory.o
 .debug_ranges  0x00000000000003c8       0x10 build/sam_e70_xult_freertos/production/_ext/1215076966/drv_memory_file_system.o
 .debug_ranges  0x00000000000003d8      0x688 build/sam_e70_xult_freertos/production/_ext/810785262/http_net.o
 .debug_ranges  0x0000000000000a60       0x28 build/sam_e70_xult_freertos/production/_ext/1360937237/http_net_print.o
 .debug_ranges  0x0000000000000a88      0x188 build/sam_e70_xult_freertos/production/_ext/1360937237/custom_http_net_app.o
 .debug_ranges  0x0000000000000c10       0xb0 build/sam_e70_xult_freertos/production/_ext/810785262/nbns.o
 .debug_ranges  0x0000000000000cc0      0x650 build/sam_e70_xult_freertos/production/_ext/810785262/tcp.o
 .debug_ranges  0x0000000000001310       0x58 build/sam_e70_xult_freertos/production/_ext/45646042/plib_efc.o
 .debug_ranges  0x0000000000001368      0x2f0 build/sam_e70_xult_freertos/production/_ext/810785262/dhcp.o
 .debug_ranges  0x0000000000001658      0x1c0 build/sam_e70_xult_freertos/production/_ext/810785262/arp.o
 .debug_ranges  0x0000000000001818      0x118 build/sam_e70_xult_freertos/production/_ext/810785262/icmpv6.o
 .debug_ranges  0x0000000000001930       0x58 build/sam_e70_xult_freertos/production/_ext/1245453995/plib_tc0.o
 .debug_ranges  0x0000000000001988      0x168 build/sam_e70_xult_freertos/production/_ext/912870411/sys_time.o
 .debug_ranges  0x0000000000001af0      0x2b0 build/sam_e70_xult_freertos/production/_ext/810785262/ndp.o
 .debug_ranges  0x0000000000001da0       0x10 build/sam_e70_xult_freertos/production/_ext/683629640/bsp.o
 .debug_ranges  0x0000000000001db0      0x160 build/sam_e70_xult_freertos/production/_ext/810785262/tcpip_commands.o
 .debug_ranges  0x0000000000001f10       0x58 build/sam_e70_xult_freertos/production/_ext/1215076966/drv_memory_efc.o
 .debug_ranges  0x0000000000001f68      0x428 build/sam_e70_xult_freertos/production/_ext/810785262/ipv6.o
 .debug_ranges  0x0000000000002390      0x238 build/sam_e70_xult_freertos/production/_ext/1730304427/net_pres.o
 .debug_ranges  0x00000000000025c8      0x230 build/sam_e70_xult_freertos/production/_ext/810785262/ipv4.o
 .debug_ranges  0x00000000000027f8       0x80 build/sam_e70_xult_freertos/production/_ext/901008055/plib_usart1.o
 .debug_ranges  0x0000000000002878      0x3f0 build/sam_e70_xult_freertos/production/_ext/810785262/smtpc.o
 .debug_ranges  0x0000000000002c68       0x30 build/sam_e70_xult_freertos/production/_ext/1775855163/sys_int.o
 .debug_ranges  0x0000000000002c98       0x70 build/sam_e70_xult_freertos/production/_ext/281930714/osal_freertos.o
 .debug_ranges  0x0000000000002d08       0x18 build/sam_e70_xult_freertos/production/_ext/1360937237/app.o
 .debug_ranges  0x0000000000002d20       0x40 build/sam_e70_xult_freertos/production/_ext/1552905064/tasks.o
 .debug_ranges  0x0000000000002d60       0x38 build/sam_e70_xult_freertos/production/_ext/810785262/tcpip_heap_alloc.o
 .debug_ranges  0x0000000000002d98       0x58 build/sam_e70_xult_freertos/production/_ext/810785262/tcpip_heap_internal.o
 .debug_ranges  0x0000000000002df0       0x38 build/sam_e70_xult_freertos/production/_ext/810785262/helpers.o
 .debug_ranges  0x0000000000002e28       0x18 build/sam_e70_xult_freertos/production/_ext/810785262/hash_fnv.o
 .debug_ranges  0x0000000000002e40       0x40 build/sam_e70_xult_freertos/production/_ext/810785262/oahash.o
 .debug_ranges  0x0000000000002e80      0x258 build/sam_e70_xult_freertos/production/_ext/810785262/tcpip_helpers.o
 .debug_ranges  0x00000000000030d8      0x6c8 build/sam_e70_xult_freertos/production/_ext/810785262/tcpip_manager.o
 .debug_ranges  0x00000000000037a0       0x30 build/sam_e70_xult_freertos/production/_ext/810785262/tcpip_notify.o
 .debug_ranges  0x00000000000037d0       0x80 build/sam_e70_xult_freertos/production/_ext/810785262/tcpip_packet.o
 .debug_ranges  0x0000000000003850       0x18 build/sam_e70_xult_freertos/production/_ext/231871610/sys_time_h2_adapter.o
 .debug_ranges  0x0000000000003868      0x320 build/sam_e70_xult_freertos/production/_ext/1619526243/drv_gmac.o
 .debug_ranges  0x0000000000003b88      0x118 build/sam_e70_xult_freertos/production/_ext/1619526243/drv_gmac_lib_samE7x_V7x.o
 .debug_ranges  0x0000000000003ca0       0x10 build/sam_e70_xult_freertos/production/_ext/1360937237/main.o
 .debug_ranges  0x0000000000003cb0       0x18 build/sam_e70_xult_freertos/production/_ext/1552905064/initialization.o
 .debug_ranges  0x0000000000003cc8       0x10 build/sam_e70_xult_freertos/production/_ext/1552905064/interrupts.o
 .debug_ranges  0x0000000000003cd8       0x38 build/sam_e70_xult_freertos/production/_ext/1552905064/exceptions.o
 .debug_ranges  0x0000000000003d10       0x10 build/sam_e70_xult_freertos/production/_ext/45647770/plib_clk.o
 .debug_ranges  0x0000000000003d20       0x50 build/sam_e70_xult_freertos/production/_ext/45635366/plib_pio.o
 .debug_ranges  0x0000000000003d70       0x10 build/sam_e70_xult_freertos/production/_ext/1414743522/plib_nvic.o
 .debug_ranges  0x0000000000003d80       0x10 build/sam_e70_xult_freertos/production/_ext/45638026/plib_mpu.o
 .debug_ranges  0x0000000000003d90       0x10 build/sam_e70_xult_freertos/production/_ext/1552905064/startup_xc32.o
 .debug_ranges  0x0000000000003da0      0x158 build/sam_e70_xult_freertos/production/_ext/810785262/sntp.o
 .debug_ranges  0x0000000000003ef8      0x148 build/sam_e70_xult_freertos/production/_ext/810785262/tcpip_announce.o
 .debug_ranges  0x0000000000004040      0x458 build/sam_e70_xult_freertos/production/_ext/810785262/udp.o
 .debug_ranges  0x0000000000004498      0x348 build/sam_e70_xult_freertos/production/_ext/511568427/drv_miim.o
 .debug_ranges  0x00000000000047e0      0x2e0 build/sam_e70_xult_freertos/production/_ext/1607428259/drv_ethphy.o
 .debug_ranges  0x0000000000004ac0       0x20 build/sam_e70_xult_freertos/production/_ext/1607428259/drv_extphy_smsc8740.o
 .debug_ranges  0x0000000000004ae0      0x160 build/sam_e70_xult_freertos/production/_ext/805309515/sys_fs.o
 .debug_ranges  0x0000000000004c40      0x100 build/sam_e70_xult_freertos/production/_ext/805309515/sys_fs_media_manager.o
 .debug_ranges  0x0000000000004d40       0x90 build/sam_e70_xult_freertos/production/_ext/57042178/mpfs.o
 .debug_ranges  0x0000000000004dd0       0x40 build/sam_e70_xult_freertos/production/_ext/762686499/sys_console.o
 .debug_ranges  0x0000000000004e10       0xc8 build/sam_e70_xult_freertos/production/_ext/762686499/sys_console_uart.o
 .debug_ranges  0x0000000000004ed8      0x1a8 build/sam_e70_xult_freertos/production/_ext/762686499/sys_command.o
 .debug_ranges  0x0000000000005080       0xa0 build/sam_e70_xult_freertos/production/_ext/1839511917/crypto.o
 .debug_ranges  0x0000000000005120       0x68 build/sam_e70_xult_freertos/production/_ext/1839511917/sha.o
 .debug_ranges  0x0000000000005188       0x30 build/sam_e70_xult_freertos/production/_ext/1552905064/freertos_hooks.o
 .debug_ranges  0x00000000000051b8       0x30 build/sam_e70_xult_freertos/production/_ext/404212886/list.o
 .debug_ranges  0x00000000000051e8      0x1b8 build/sam_e70_xult_freertos/production/_ext/404212886/queue.o
 .debug_ranges  0x00000000000053a0      0x290 build/sam_e70_xult_freertos/production/_ext/404212886/FreeRTOS_tasks.o
 .debug_ranges  0x0000000000005630       0x18 build/sam_e70_xult_freertos/production/_ext/1665200909/heap_3.o
 .debug_ranges  0x0000000000005648       0x68 build/sam_e70_xult_freertos/production/_ext/977623654/port.o

.debug_line     0x0000000000000000    0x20135
 .debug_line    0x0000000000000000      0xb8f build/sam_e70_xult_freertos/production/_ext/810785262/dns.o
 .debug_line    0x0000000000000b8f      0x300 build/sam_e70_xult_freertos/production/_ext/502395768/sys_fs_wrapper.o
 .debug_line    0x0000000000000e8f      0x491 build/sam_e70_xult_freertos/production/_ext/810785262/icmp.o
 .debug_line    0x0000000000001320      0x6e7 build/sam_e70_xult_freertos/production/_ext/1215076966/drv_memory.o
 .debug_line    0x0000000000001a07      0x288 build/sam_e70_xult_freertos/production/_ext/1215076966/drv_memory_file_system.o
 .debug_line    0x0000000000001c8f     0x17ca build/sam_e70_xult_freertos/production/_ext/810785262/http_net.o
 .debug_line    0x0000000000003459      0x4ba build/sam_e70_xult_freertos/production/_ext/1360937237/http_net_print.o
 .debug_line    0x0000000000003913      0x9b5 build/sam_e70_xult_freertos/production/_ext/1360937237/custom_http_net_app.o
 .debug_line    0x00000000000042c8      0x3e0 build/sam_e70_xult_freertos/production/_ext/1360937237/mpfs_net_img.o
 .debug_line    0x00000000000046a8      0x4b6 build/sam_e70_xult_freertos/production/_ext/810785262/nbns.o
 .debug_line    0x0000000000004b5e     0x1938 build/sam_e70_xult_freertos/production/_ext/810785262/tcp.o
 .debug_line    0x0000000000006496      0x2b5 build/sam_e70_xult_freertos/production/_ext/45646042/plib_efc.o
 .debug_line    0x000000000000674b      0xe2c build/sam_e70_xult_freertos/production/_ext/810785262/dhcp.o
 .debug_line    0x0000000000007577      0xae5 build/sam_e70_xult_freertos/production/_ext/810785262/arp.o
 .debug_line    0x000000000000805c      0xa7a build/sam_e70_xult_freertos/production/_ext/810785262/icmpv6.o
 .debug_line    0x0000000000008ad6      0x21c build/sam_e70_xult_freertos/production/_ext/1245453995/plib_tc0.o
 .debug_line    0x0000000000008cf2      0x7d1 build/sam_e70_xult_freertos/production/_ext/912870411/sys_time.o
 .debug_line    0x00000000000094c3      0xbce build/sam_e70_xult_freertos/production/_ext/810785262/ndp.o
 .debug_line    0x000000000000a091      0x1ce build/sam_e70_xult_freertos/production/_ext/683629640/bsp.o
 .debug_line    0x000000000000a25f      0xafb build/sam_e70_xult_freertos/production/_ext/810785262/tcpip_commands.o
 .debug_line    0x000000000000ad5a      0x557 build/sam_e70_xult_freertos/production/_ext/1215076966/drv_memory_efc.o
 .debug_line    0x000000000000b2b1     0x1632 build/sam_e70_xult_freertos/production/_ext/810785262/ipv6.o
 .debug_line    0x000000000000c8e3      0x87d build/sam_e70_xult_freertos/production/_ext/1730304427/net_pres.o
 .debug_line    0x000000000000d160      0xa19 build/sam_e70_xult_freertos/production/_ext/810785262/ipv4.o
 .debug_line    0x000000000000db79      0x30f build/sam_e70_xult_freertos/production/_ext/901008055/plib_usart1.o
 .debug_line    0x000000000000de88     0x1148 build/sam_e70_xult_freertos/production/_ext/810785262/smtpc.o
 .debug_line    0x000000000000efd0      0x246 build/sam_e70_xult_freertos/production/_ext/1775855163/sys_int.o
 .debug_line    0x000000000000f216      0x2f3 build/sam_e70_xult_freertos/production/_ext/281930714/osal_freertos.o
 .debug_line    0x000000000000f509      0x53e build/sam_e70_xult_freertos/production/_ext/1360937237/app.o
 .debug_line    0x000000000000fa47      0x5a3 build/sam_e70_xult_freertos/production/_ext/1552905064/tasks.o
 .debug_line    0x000000000000ffea      0x3ef build/sam_e70_xult_freertos/production/_ext/810785262/tcpip_heap_alloc.o
 .debug_line    0x00000000000103d9      0x5bf build/sam_e70_xult_freertos/production/_ext/810785262/tcpip_heap_internal.o
 .debug_line    0x0000000000010998      0x275 build/sam_e70_xult_freertos/production/_ext/810785262/helpers.o
 .debug_line    0x0000000000010c0d      0x1d1 build/sam_e70_xult_freertos/production/_ext/810785262/hash_fnv.o
 .debug_line    0x0000000000010dde      0x29c build/sam_e70_xult_freertos/production/_ext/810785262/oahash.o
 .debug_line    0x000000000001107a      0xc5c build/sam_e70_xult_freertos/production/_ext/810785262/tcpip_helpers.o
 .debug_line    0x0000000000011cd6     0x1583 build/sam_e70_xult_freertos/production/_ext/810785262/tcpip_manager.o
 .debug_line    0x0000000000013259      0x48a build/sam_e70_xult_freertos/production/_ext/810785262/tcpip_notify.o
 .debug_line    0x00000000000136e3      0x541 build/sam_e70_xult_freertos/production/_ext/810785262/tcpip_packet.o
 .debug_line    0x0000000000013c24      0x19f build/sam_e70_xult_freertos/production/_ext/231871610/sys_time_h2_adapter.o
 .debug_line    0x0000000000013dc3      0xeb0 build/sam_e70_xult_freertos/production/_ext/1619526243/drv_gmac.o
 .debug_line    0x0000000000014c73      0x9ff build/sam_e70_xult_freertos/production/_ext/1619526243/drv_gmac_lib_samE7x_V7x.o
 .debug_line    0x0000000000015672      0x3d7 build/sam_e70_xult_freertos/production/_ext/1360937237/main.o
 .debug_line    0x0000000000015a49      0x94e build/sam_e70_xult_freertos/production/_ext/1552905064/initialization.o
 .debug_line    0x0000000000016397      0x417 build/sam_e70_xult_freertos/production/_ext/1552905064/interrupts.o
 .debug_line    0x00000000000167ae      0x424 build/sam_e70_xult_freertos/production/_ext/1552905064/exceptions.o
 .debug_line    0x0000000000016bd2      0x17e build/sam_e70_xult_freertos/production/_ext/45647770/plib_clk.o
 .debug_line    0x0000000000016d50      0x221 build/sam_e70_xult_freertos/production/_ext/45635366/plib_pio.o
 .debug_line    0x0000000000016f71      0x1a9 build/sam_e70_xult_freertos/production/_ext/1414743522/plib_nvic.o
 .debug_line    0x000000000001711a      0x15d build/sam_e70_xult_freertos/production/_ext/45638026/plib_mpu.o
 .debug_line    0x0000000000017277      0x529 build/sam_e70_xult_freertos/production/_ext/1552905064/startup_xc32.o
 .debug_line    0x00000000000177a0      0x827 build/sam_e70_xult_freertos/production/_ext/810785262/sntp.o
 .debug_line    0x0000000000017fc7      0x754 build/sam_e70_xult_freertos/production/_ext/810785262/tcpip_announce.o
 .debug_line    0x000000000001871b     0x127b build/sam_e70_xult_freertos/production/_ext/810785262/udp.o
 .debug_line    0x0000000000019996      0x8f0 build/sam_e70_xult_freertos/production/_ext/511568427/drv_miim.o
 .debug_line    0x000000000001a286      0xebf build/sam_e70_xult_freertos/production/_ext/1607428259/drv_ethphy.o
 .debug_line    0x000000000001b145      0x358 build/sam_e70_xult_freertos/production/_ext/1607428259/drv_extphy_smsc8740.o
 .debug_line    0x000000000001b49d      0xbfa build/sam_e70_xult_freertos/production/_ext/805309515/sys_fs.o
 .debug_line    0x000000000001c097      0x676 build/sam_e70_xult_freertos/production/_ext/805309515/sys_fs_media_manager.o
 .debug_line    0x000000000001c70d      0x4e2 build/sam_e70_xult_freertos/production/_ext/57042178/mpfs.o
 .debug_line    0x000000000001cbef      0x333 build/sam_e70_xult_freertos/production/_ext/762686499/sys_console.o
 .debug_line    0x000000000001cf22      0x6f9 build/sam_e70_xult_freertos/production/_ext/762686499/sys_console_uart.o
 .debug_line    0x000000000001d61b      0x61d build/sam_e70_xult_freertos/production/_ext/762686499/sys_command.o
 .debug_line    0x000000000001dc38      0x378 build/sam_e70_xult_freertos/production/_ext/1839511917/crypto.o
 .debug_line    0x000000000001dfb0      0x9ce build/sam_e70_xult_freertos/production/_ext/1839511917/sha.o
 .debug_line    0x000000000001e97e      0x1cd build/sam_e70_xult_freertos/production/_ext/1552905064/freertos_hooks.o
 .debug_line    0x000000000001eb4b      0x292 build/sam_e70_xult_freertos/production/_ext/404212886/list.o
 .debug_line    0x000000000001eddd      0x64d build/sam_e70_xult_freertos/production/_ext/404212886/queue.o
 .debug_line    0x000000000001f42a      0x8f4 build/sam_e70_xult_freertos/production/_ext/404212886/FreeRTOS_tasks.o
 .debug_line    0x000000000001fd1e      0x1ac build/sam_e70_xult_freertos/production/_ext/1665200909/heap_3.o
 .debug_line    0x000000000001feca      0x26b build/sam_e70_xult_freertos/production/_ext/977623654/port.o

.debug_str      0x0000000000000000     0x8c3e
 .debug_str     0x0000000000000000      0x4d1 build/sam_e70_xult_freertos/production/_ext/810785262/dns.o
 .debug_str     0x00000000000004d1       0x84 build/sam_e70_xult_freertos/production/_ext/502395768/sys_fs_wrapper.o
 .debug_str     0x0000000000000555      0x14e build/sam_e70_xult_freertos/production/_ext/810785262/icmp.o
 .debug_str     0x00000000000006a3      0x1fd build/sam_e70_xult_freertos/production/_ext/1215076966/drv_memory.o
 .debug_str     0x00000000000008a0       0x2c build/sam_e70_xult_freertos/production/_ext/1215076966/drv_memory_file_system.o
 .debug_str     0x00000000000008cc      0x80a build/sam_e70_xult_freertos/production/_ext/810785262/http_net.o
 .debug_str     0x00000000000010d6       0x95 build/sam_e70_xult_freertos/production/_ext/1360937237/http_net_print.o
 .debug_str     0x000000000000116b      0x590 build/sam_e70_xult_freertos/production/_ext/1360937237/custom_http_net_app.o
 .debug_str     0x00000000000016fb       0x2c build/sam_e70_xult_freertos/production/_ext/1360937237/mpfs_net_img.o
 .debug_str     0x0000000000001727      0x222 build/sam_e70_xult_freertos/production/_ext/810785262/nbns.o
 .debug_str     0x0000000000001949      0x6d7 build/sam_e70_xult_freertos/production/_ext/810785262/tcp.o
 .debug_str     0x0000000000002020       0x2b build/sam_e70_xult_freertos/production/_ext/45646042/plib_efc.o
 .debug_str     0x000000000000204b      0x60a build/sam_e70_xult_freertos/production/_ext/810785262/dhcp.o
 .debug_str     0x0000000000002655      0x4bc build/sam_e70_xult_freertos/production/_ext/810785262/arp.o
 .debug_str     0x0000000000002b11      0x5d3 build/sam_e70_xult_freertos/production/_ext/810785262/icmpv6.o
 .debug_str     0x00000000000030e4        0xa build/sam_e70_xult_freertos/production/_ext/1245453995/plib_tc0.o
 .debug_str     0x00000000000030ee      0x16e build/sam_e70_xult_freertos/production/_ext/912870411/sys_time.o
 .debug_str     0x000000000000325c      0x492 build/sam_e70_xult_freertos/production/_ext/810785262/ndp.o
 .debug_str     0x00000000000036ee        0xe build/sam_e70_xult_freertos/production/_ext/683629640/bsp.o
 .debug_str     0x00000000000036fc      0x8db build/sam_e70_xult_freertos/production/_ext/810785262/tcpip_commands.o
 .debug_str     0x0000000000003fd7       0x8b build/sam_e70_xult_freertos/production/_ext/1215076966/drv_memory_efc.o
 .debug_str     0x0000000000004062      0x989 build/sam_e70_xult_freertos/production/_ext/810785262/ipv6.o
 .debug_str     0x00000000000049eb       0xef build/sam_e70_xult_freertos/production/_ext/1730304427/net_pres.o
 .debug_str     0x0000000000004ada      0x540 build/sam_e70_xult_freertos/production/_ext/810785262/ipv4.o
 .debug_str     0x000000000000501a       0x10 build/sam_e70_xult_freertos/production/_ext/901008055/plib_usart1.o
 .debug_str     0x000000000000502a      0x63a build/sam_e70_xult_freertos/production/_ext/810785262/smtpc.o
 .debug_str     0x0000000000005664       0x10 build/sam_e70_xult_freertos/production/_ext/1775855163/sys_int.o
 .debug_str     0x0000000000005674      0x124 build/sam_e70_xult_freertos/production/_ext/281930714/osal_freertos.o
 .debug_str     0x0000000000005798      0x13d build/sam_e70_xult_freertos/production/_ext/1360937237/app.o
 .debug_str     0x00000000000058d5       0xb8 build/sam_e70_xult_freertos/production/_ext/1552905064/tasks.o
 .debug_str     0x000000000000598d       0x6d build/sam_e70_xult_freertos/production/_ext/810785262/tcpip_heap_alloc.o
 .debug_str     0x00000000000059fa       0x90 build/sam_e70_xult_freertos/production/_ext/810785262/tcpip_heap_internal.o
 .debug_str     0x0000000000005a8a       0x21 build/sam_e70_xult_freertos/production/_ext/810785262/helpers.o
 .debug_str     0x0000000000005aab        0xe build/sam_e70_xult_freertos/production/_ext/810785262/hash_fnv.o
 .debug_str     0x0000000000005ab9       0x18 build/sam_e70_xult_freertos/production/_ext/810785262/oahash.o
 .debug_str     0x0000000000005ad1      0x11e build/sam_e70_xult_freertos/production/_ext/810785262/tcpip_helpers.o
 .debug_str     0x0000000000005bef      0x5a0 build/sam_e70_xult_freertos/production/_ext/810785262/tcpip_manager.o
 .debug_str     0x000000000000618f       0xfe build/sam_e70_xult_freertos/production/_ext/810785262/tcpip_notify.o
 .debug_str     0x000000000000628d       0x21 build/sam_e70_xult_freertos/production/_ext/810785262/tcpip_packet.o
 .debug_str     0x00000000000062ae       0x25 build/sam_e70_xult_freertos/production/_ext/231871610/sys_time_h2_adapter.o
 .debug_str     0x00000000000062d3      0x387 build/sam_e70_xult_freertos/production/_ext/1619526243/drv_gmac.o
 .debug_str     0x000000000000665a      0x13c build/sam_e70_xult_freertos/production/_ext/1619526243/drv_gmac_lib_samE7x_V7x.o
 .debug_str     0x0000000000006796       0x45 build/sam_e70_xult_freertos/production/_ext/1360937237/main.o
 .debug_str     0x00000000000067db      0x1e9 build/sam_e70_xult_freertos/production/_ext/1552905064/initialization.o
 .debug_str     0x00000000000069c4       0x2c build/sam_e70_xult_freertos/production/_ext/1552905064/interrupts.o
 .debug_str     0x00000000000069f0       0x2c build/sam_e70_xult_freertos/production/_ext/1552905064/exceptions.o
 .debug_str     0x0000000000006a1c        0xa build/sam_e70_xult_freertos/production/_ext/45647770/plib_clk.o
 .debug_str     0x0000000000006a26       0x46 build/sam_e70_xult_freertos/production/_ext/45635366/plib_pio.o
 .debug_str     0x0000000000006a6c       0x28 build/sam_e70_xult_freertos/production/_ext/1414743522/plib_nvic.o
 .debug_str     0x0000000000006a94        0x0 build/sam_e70_xult_freertos/production/_ext/45638026/plib_mpu.o
 .debug_str     0x0000000000006a94       0xa6 build/sam_e70_xult_freertos/production/_ext/1552905064/startup_xc32.o
 .debug_str     0x0000000000006b3a      0x296 build/sam_e70_xult_freertos/production/_ext/810785262/sntp.o
 .debug_str     0x0000000000006dd0      0x392 build/sam_e70_xult_freertos/production/_ext/810785262/tcpip_announce.o
 .debug_str     0x0000000000007162      0x62e build/sam_e70_xult_freertos/production/_ext/810785262/udp.o
 .debug_str     0x0000000000007790      0x2a8 build/sam_e70_xult_freertos/production/_ext/511568427/drv_miim.o
 .debug_str     0x0000000000007a38      0x52c build/sam_e70_xult_freertos/production/_ext/1607428259/drv_ethphy.o
 .debug_str     0x0000000000007f64       0x4d build/sam_e70_xult_freertos/production/_ext/1607428259/drv_extphy_smsc8740.o
 .debug_str     0x0000000000007fb1      0x161 build/sam_e70_xult_freertos/production/_ext/805309515/sys_fs.o
 .debug_str     0x0000000000008112       0xe0 build/sam_e70_xult_freertos/production/_ext/805309515/sys_fs_media_manager.o
 .debug_str     0x00000000000081f2       0xd8 build/sam_e70_xult_freertos/production/_ext/57042178/mpfs.o
 .debug_str     0x00000000000082ca       0x27 build/sam_e70_xult_freertos/production/_ext/762686499/sys_console.o